Archive member included to satisfy reference by file (symbol)

app/libapp.a(stdlib.c.obj)    (--whole-archive)
app/libapp.a(activity.c.obj)  (--whole-archive)
app/libapp.a(kscan.c.obj)     (--whole-archive)
app/libapp.a(matrix_transform.c.obj)
                              (--whole-archive)
app/libapp.a(hid.c.obj)       (--whole-archive)
app/libapp.a(sensors.c.obj)   (--whole-archive)
app/libapp.a(event_manager.c.obj)
                              (--whole-archive)
app/libapp.a(ext_power_generic.c.obj)
                              (--whole-archive)
app/libapp.a(activity_state_changed.c.obj)
                              (--whole-archive)
app/libapp.a(position_state_changed.c.obj)
                              (--whole-archive)
app/libapp.a(layer_state_changed.c.obj)
                              (--whole-archive)
app/libapp.a(keycode_state_changed.c.obj)
                              (--whole-archive)
app/libapp.a(modifiers_state_changed.c.obj)
                              (--whole-archive)
app/libapp.a(endpoint_selection_changed.c.obj)
                              (--whole-archive)
app/libapp.a(sensor_event.c.obj)
                              (--whole-archive)
app/libapp.a(ble_active_profile_changed.c.obj)
                              (--whole-archive)
app/libapp.a(battery_state_changed.c.obj)
                              (--whole-archive)
app/libapp.a(usb_conn_state_changed.c.obj)
                              (--whole-archive)
app/libapp.a(behavior_reset.c.obj)
                              (--whole-archive)
app/libapp.a(behavior_ext_power.c.obj)
                              (--whole-archive)
app/libapp.a(behavior_key_press.c.obj)
                              (--whole-archive)
app/libapp.a(behavior_hold_tap.c.obj)
                              (--whole-archive)
app/libapp.a(behavior_sticky_key.c.obj)
                              (--whole-archive)
app/libapp.a(behavior_caps_word.c.obj)
                              (--whole-archive)
app/libapp.a(behavior_key_repeat.c.obj)
                              (--whole-archive)
app/libapp.a(behavior_macro.c.obj)
                              (--whole-archive)
app/libapp.a(behavior_momentary_layer.c.obj)
                              (--whole-archive)
app/libapp.a(behavior_mod_morph.c.obj)
                              (--whole-archive)
app/libapp.a(behavior_outputs.c.obj)
                              (--whole-archive)
app/libapp.a(behavior_tap_dance.c.obj)
                              (--whole-archive)
app/libapp.a(behavior_toggle_layer.c.obj)
                              (--whole-archive)
app/libapp.a(behavior_to_layer.c.obj)
                              (--whole-archive)
app/libapp.a(behavior_transparent.c.obj)
                              (--whole-archive)
app/libapp.a(behavior_none.c.obj)
                              (--whole-archive)
app/libapp.a(behavior_sensor_rotate_key_press.c.obj)
                              (--whole-archive)
app/libapp.a(combo.c.obj)     (--whole-archive)
app/libapp.a(behavior_queue.c.obj)
                              (--whole-archive)
app/libapp.a(conditional_layer.c.obj)
                              (--whole-archive)
app/libapp.a(keymap.c.obj)    (--whole-archive)
app/libapp.a(behavior_bt.c.obj)
                              (--whole-archive)
app/libapp.a(ble.c.obj)       (--whole-archive)
app/libapp.a(battery.c.obj)   (--whole-archive)
app/libapp.a(central.c.obj)   (--whole-archive)
app/libapp.a(usb.c.obj)       (--whole-archive)
app/libapp.a(hog.c.obj)       (--whole-archive)
app/libapp.a(endpoints.c.obj)
                              (--whole-archive)
app/libapp.a(hid_listener.c.obj)
                              (--whole-archive)
app/libapp.a(main.c.obj)      (--whole-archive)
zephyr/libzephyr.a(cbprintf.c.obj)
                              (--whole-archive)
zephyr/libzephyr.a(cbprintf_packaged.c.obj)
                              (--whole-archive)
zephyr/libzephyr.a(crc32c_sw.c.obj)
                              (--whole-archive)
zephyr/libzephyr.a(crc32_sw.c.obj)
                              (--whole-archive)
zephyr/libzephyr.a(crc16_sw.c.obj)
                              (--whole-archive)
zephyr/libzephyr.a(crc8_sw.c.obj)
                              (--whole-archive)
zephyr/libzephyr.a(crc7_sw.c.obj)
                              (--whole-archive)
zephyr/libzephyr.a(dec.c.obj)
                              (--whole-archive)
zephyr/libzephyr.a(fdtable.c.obj)
                              (--whole-archive)
zephyr/libzephyr.a(hex.c.obj)
                              (--whole-archive)
zephyr/libzephyr.a(notify.c.obj)
                              (--whole-archive)
zephyr/libzephyr.a(printk.c.obj)
                              (--whole-archive)
zephyr/libzephyr.a(onoff.c.obj)
                              (--whole-archive)
zephyr/libzephyr.a(rb.c.obj)  (--whole-archive)
zephyr/libzephyr.a(sem.c.obj)
                              (--whole-archive)
zephyr/libzephyr.a(thread_entry.c.obj)
[...]
Memory Configuration

Name             Origin             Length             Attributes
FLASH            0x0000000000026000 0x00000000000c6000 xr
SRAM             0x0000000020000000 0x0000000000040000 xw
IDT_LIST         0x00000000fffff7ff 0x0000000000000800 xw
*default*        0x0000000000000000 0xffffffffffffffff

Linker script and memory map

LOAD zephyr/CMakeFiles/zephyr_pre1.dir/misc/empty_file.c.obj
LOAD zephyr/CMakeFiles/zephyr_pre1.dir/dev_handles.c.obj
LOAD zephyr/CMakeFiles/offsets.dir/./arch/arm/core/offsets/offsets.c.obj
                0x0000000000000020                _region_min_align = 0x20

.rel.plt        0x0000000000026000        0x0
 *(SORT_BY_ALIGNMENT(.rel.plt))
                [!provide]                        PROVIDE (__rel_iplt_start = .)
 *(SORT_BY_ALIGNMENT(.rel.iplt))
 .rel.iplt      0x0000000000026000        0x0 zephyr/CMakeFiles/zephyr_pre1.dir/dev_handles.c.obj
                [!provide]                        PROVIDE (__rel_iplt_end = .)

.rela.plt       0x0000000000000000        0x0
 *(SORT_BY_ALIGNMENT(.rela.plt))
                [!provide]                        PROVIDE (__rela_iplt_start = .)
 *(SORT_BY_ALIGNMENT(.rela.iplt))
                [!provide]                        PROVIDE (__rela_iplt_end = .)

.rel.dyn
 *(SORT_BY_ALIGNMENT(.rel.*))

.rela.dyn
 *(SORT_BY_ALIGNMENT(.rela.*))

/DISCARD/
 *(SORT_BY_ALIGNMENT(.plt))
 *(SORT_BY_ALIGNMENT(.iplt))
 *(SORT_BY_ALIGNMENT(.got.plt))
 *(SORT_BY_ALIGNMENT(.igot.plt))
 *(SORT_BY_ALIGNMENT(.got))
 *(SORT_BY_ALIGNMENT(.igot))
 *(SORT_BY_ALIGNMENT(.note.GNU-stack))
                0x0000000000026000                __rom_region_start = 0x26000

rom_start       0x0000000000026000      0x100
                0x0000000000000000                . = 0x0
                0x0000000000000000                . = ALIGN (0x4)
                0x0000000000000000                . = ALIGN (0x80)
                0x0000000000000000                . = ALIGN (0x100)
                0x0000000000026000                _vector_start = .
 *(SORT_BY_ALIGNMENT(.exc_vector_table))
 *(SORT_BY_ALIGNMENT(.exc_vector_table.*))
 .exc_vector_table._vector_table_section
                0x0000000000026000       0x40 zephyr/arch/arch/arm/core/aarch32/cortex_m/libarch__arm__core__aarch32__cortex_m.a(vector_table.S.obj)
                0x0000000000026000                _vector_table
 *(SORT_BY_ALIGNMENT(.gnu.linkonce.irq_vector_table*))
 .gnu.linkonce.irq_vector_table
                0x0000000000026040       0xc0 zephyr/arch/common/libisr_tables.a(isr_tables.c.obj)
                0x0000000000026040                _irq_vector_table
 *(SORT_BY_ALIGNMENT(.vectors))
                0x0000000000026100                _vector_end = .

text            0x0000000000026100    0x2bd54
                0x0000000000026100                __text_region_start = .
 *(SORT_BY_ALIGNMENT(.text))
 .text          0x0000000000026100       0x30 /Users/vallyashov/Documents/gcc-arm-none-eabi-8-2019-q3-update/bin/../lib/gcc/arm-none-eabi/8.3.1/thumb/v7e-m/nofp/libgcc.a(_aeabi_uldivmod.o)
                0x0000000000026100                __aeabi_uldivmod
 .text          0x0000000000026130      0x2d0 /Users/vallyashov/Documents/gcc-arm-none-eabi-8-2019-q3-update/bin/../lib/gcc/arm-none-eabi/8.3.1/thumb/v7e-m/nofp/libgcc.a(_udivmoddi4.o)
                0x0000000000026130                __udivmoddi4
 .text          0x0000000000026400        0x4 /Users/vallyashov/Documents/gcc-arm-none-eabi-8-2019-q3-update/bin/../lib/gcc/arm-none-eabi/8.3.1/thumb/v7e-m/nofp/libgcc.a(_dvmd_tls.o)
                0x0000000000026400                __aeabi_ldiv0
                0x0000000000026400                __aeabi_idiv0
 *(SORT_BY_ALIGNMENT(.text.*))
 *fill*         0x0000000000026404        0x4 
 .text.bt_init  0x0000000000026408      0x428 zephyr/subsys/bluetooth/host/libsubsys__bluetooth__host.a(hci_core.c.obj)
 .text.ull_drift_ticks_get
                0x0000000000026830       0x6c zephyr/subsys/bluetooth/controller/libsubsys__bluetooth__controller.a(ull.c.obj)
                0x0000000000026830                ull_drift_ticks_get
 *fill*         0x000000000002689c        0x4 
 .text.ll_adv_enable
                0x00000000000268a0      0x5f4 zephyr/subsys/bluetooth/controller/libsubsys__bluetooth__controller.a(ull_adv.c.obj)
                0x00000000000268a0                ll_adv_enable
 *fill*         0x0000000000026e94        0x4 
 .text.ull_adv_time_update
                0x0000000000026e98       0xb8 zephyr/subsys/bluetooth/controller/libsubsys__bluetooth__controller.a(ull_adv.c.obj)
                0x0000000000026e98                ull_adv_time_update
 .text.ll_scan_params_set
                0x0000000000026f50       0x70 zephyr/subsys/bluetooth/controller/libsubsys__bluetooth__controller.a(ull_scan.c.obj)
                0x0000000000026f50                ll_scan_params_set
 .text.ull_scan_params_set
                0x0000000000026fc0       0x44 zephyr/subsys/bluetooth/controller/libsubsys__bluetooth__controller.a(ull_scan.c.obj)
                0x0000000000026fc0                ull_scan_params_set
 *fill*         0x0000000000027004        0x4 
 .text.ull_scan_enable
                0x0000000000027008      0x180 zephyr/subsys/bluetooth/controller/libsubsys__bluetooth__controller.a(ull_scan.c.obj)
                0x0000000000027008                ull_scan_enable
 .text.event_conn_upd_prep
                0x0000000000027188      0x740 zephyr/subsys/bluetooth/controller/libsubsys__bluetooth__controller.a(ull_conn.c.obj)
 .text.ull_periph_setup
                0x00000000000278c8      0x4b8 zephyr/subsys/bluetooth/controller/libsubsys__bluetooth__controller.a(ull_peripheral.c.obj)
                0x00000000000278c8                ull_periph_setup
 .text.ll_create_connection
                0x0000000000027d80      0x4dc zephyr/subsys/bluetooth/controller/libsubsys__bluetooth__controller.a(ull_central.c.obj)
                0x0000000000027d80                ll_create_connection
 *fill*         0x000000000002825c        0x4 
 .text.ull_central_setup
                0x0000000000028260      0x2a0 zephyr/subsys/bluetooth/controller/libsubsys__bluetooth__controller.a(ull_central.c.obj)
                0x0000000000028260                ull_central_setup
 .text.ull_sched_after_mstr_slot_get
                0x0000000000028500      0x11c zephyr/subsys/bluetooth/controller/libsubsys__bluetooth__controller.a(ull_sched.c.obj)
                0x0000000000028500                ull_sched_after_mstr_slot_get
 *fill*         0x000000000002861c        0x4 
 .text.after_mstr_offset_get
                0x0000000000028620       0x9c zephyr/subsys/bluetooth/controller/libsubsys__bluetooth__controller.a(ull_sched.c.obj)
 *fill*         0x00000000000286bc        0x4 
 .text.ull_sched_mfy_win_offset_select
                0x00000000000286c0      0x13c zephyr/subsys/bluetooth/controller/libsubsys__bluetooth__controller.a(ull_sched.c.obj)
                0x00000000000286c0                ull_sched_mfy_win_offset_select
 *fill*         0x00000000000287fc        0x4 
 .text.isr_window
                0x0000000000028800       0x9c zephyr/subsys/bluetooth/controller/libsubsys__bluetooth__controller.a(lll_scan.c.obj)
 *fill*         0x000000000002889c        0x4 
 .text.isr_rx   0x00000000000288a0      0x460 zephyr/subsys/bluetooth/controller/libsubsys__bluetooth__controller.a(lll_scan.c.obj)
 .text.nrf_flash_sync_exe
                0x0000000000028d00      0x100 zephyr/drivers/flash/libdrivers__flash.a(soc_flash_nrf_ticker.c.obj)
                0x0000000000028d00                nrf_flash_sync_exe
 .text.nrf_flash_sync_check_time_limit
                0x0000000000028e00       0x48 zephyr/drivers/flash/libdrivers__flash.a(soc_flash_nrf_ticker.c.obj)
                0x0000000000028e00                nrf_flash_sync_check_time_limit
 .text.activity_expiry_function
                0x0000000000028e48        0xc app/libapp.a(activity.c.obj)
                0x0000000000028e48                activity_expiry_function
 .text.activity_init
                0x0000000000028e54       0x40 app/libapp.a(activity.c.obj)
                0x0000000000028e54                activity_init
 .text.raise_event
                0x0000000000028e94       0x18 app/libapp.a(activity.c.obj)
                0x0000000000028e94                raise_event
 .text.set_state
                0x0000000000028eac       0x18 app/libapp.a(activity.c.obj)
                0x0000000000028eac                set_state
 .text.activity_event_listener
                0x0000000000028ec4       0x30 app/libapp.a(activity.c.obj)
                0x0000000000028ec4                activity_event_listener
 .text.activity_work_handler
                0x0000000000028ef4       0x70 app/libapp.a(activity.c.obj)
                0x0000000000028ef4                activity_work_handler
 .text.zmk_kscan_process_msgq
                0x0000000000028f64       0x74 app/libapp.a(kscan.c.obj)
                0x0000000000028f64                zmk_kscan_process_msgq
 .text.zmk_kscan_callback
                0x0000000000028fd8       0x2c app/libapp.a(kscan.c.obj)
 .text.zmk_kscan_init
                0x0000000000029004       0x40 app/libapp.a(kscan.c.obj)
                0x0000000000029004                zmk_kscan_init
 .text.zmk_matrix_transform_row_column_to_position
                0x0000000000029044       0x14 app/libapp.a(matrix_transform.c.obj)
                0x0000000000029044                zmk_matrix_transform_row_column_to_position
 .text.zmk_hid_register_mod
                0x0000000000029058       0x38 app/libapp.a(hid.c.obj)
                0x0000000000029058                zmk_hid_register_mod
 .text.zmk_hid_unregister_mod
                0x0000000000029090       0x44 app/libapp.a(hid.c.obj)
                0x0000000000029090                zmk_hid_unregister_mod
 .text.zmk_hid_implicit_modifiers_press
                0x00000000000290d4       0x1c app/libapp.a(hid.c.obj)
                0x00000000000290d4                zmk_hid_implicit_modifiers_press
 .text.zmk_hid_implicit_modifiers_release
                0x00000000000290f0       0x1c app/libapp.a(hid.c.obj)
                0x00000000000290f0                zmk_hid_implicit_modifiers_release
 .text.zmk_hid_keyboard_press
                0x000000000002910c       0x30 app/libapp.a(hid.c.obj)
                0x000000000002910c                zmk_hid_keyboard_press
 .text.zmk_hid_keyboard_release
                0x000000000002913c       0x34 app/libapp.a(hid.c.obj)
                0x000000000002913c                zmk_hid_keyboard_release
 .text.zmk_hid_keyboard_clear
                0x0000000000029170       0x10 app/libapp.a(hid.c.obj)
                0x0000000000029170                zmk_hid_keyboard_clear
 .text.zmk_hid_consumer_press
                0x0000000000029180       0x28 app/libapp.a(hid.c.obj)
                0x0000000000029180                zmk_hid_consumer_press
 .text.zmk_hid_consumer_release
                0x00000000000291a8       0x28 app/libapp.a(hid.c.obj)
                0x00000000000291a8                zmk_hid_consumer_release
 .text.zmk_hid_consumer_clear
                0x00000000000291d0       0x10 app/libapp.a(hid.c.obj)
                0x00000000000291d0                zmk_hid_consumer_clear
 .text.zmk_hid_get_keyboard_report
                0x00000000000291e0        0x8 app/libapp.a(hid.c.obj)
                0x00000000000291e0                zmk_hid_get_keyboard_report
 .text.zmk_hid_get_consumer_report
                0x00000000000291e8        0x8 app/libapp.a(hid.c.obj)
                0x00000000000291e8                zmk_hid_get_consumer_report
 .text.zmk_event_manager_handle_from
                0x00000000000291f0       0x60 app/libapp.a(event_manager.c.obj)
                0x00000000000291f0                zmk_event_manager_handle_from
 .text.zmk_event_manager_raise_at
                0x0000000000029250       0x40 app/libapp.a(event_manager.c.obj)
                0x0000000000029250                zmk_event_manager_raise_at
 .text.ext_power_generic_init
                0x0000000000029290       0xc8 app/libapp.a(ext_power_generic.c.obj)
 .text.ext_power_save_state_work
                0x0000000000029358       0x30 app/libapp.a(ext_power_generic.c.obj)
 .text.ext_power_save_state
                0x0000000000029388       0x18 app/libapp.a(ext_power_generic.c.obj)
                0x0000000000029388                ext_power_save_state
 .text.ext_power_settings_set
                0x00000000000293a0       0x60 app/libapp.a(ext_power_generic.c.obj)
 .text.new_zmk_activity_state_changed
                0x0000000000029400       0x18 app/libapp.a(activity_state_changed.c.obj)
                0x0000000000029400                new_zmk_activity_state_changed
 .text.new_zmk_position_state_changed
                0x0000000000029418       0x38 app/libapp.a(position_state_changed.c.obj)
                0x0000000000029418                new_zmk_position_state_changed
 .text.as_zmk_position_state_changed
                0x0000000000029450       0x14 app/libapp.a(position_state_changed.c.obj)
                0x0000000000029450                as_zmk_position_state_changed
 .text.new_zmk_layer_state_changed
                0x0000000000029464       0x2c app/libapp.a(layer_state_changed.c.obj)
                0x0000000000029464                new_zmk_layer_state_changed
 .text.new_zmk_keycode_state_changed
                0x0000000000029490       0x38 app/libapp.a(keycode_state_changed.c.obj)
                0x0000000000029490                new_zmk_keycode_state_changed
 .text.as_zmk_keycode_state_changed
                0x00000000000294c8       0x14 app/libapp.a(keycode_state_changed.c.obj)
                0x00000000000294c8                as_zmk_keycode_state_changed
 .text.new_zmk_endpoint_selection_changed
                0x00000000000294dc       0x18 app/libapp.a(endpoint_selection_changed.c.obj)
                0x00000000000294dc                new_zmk_endpoint_selection_changed
 .text.new_zmk_ble_active_profile_changed
                0x00000000000294f4       0x2c app/libapp.a(ble_active_profile_changed.c.obj)
                0x00000000000294f4                new_zmk_ble_active_profile_changed
 .text.new_zmk_battery_state_changed
                0x0000000000029520       0x18 app/libapp.a(battery_state_changed.c.obj)
                0x0000000000029520                new_zmk_battery_state_changed
 .text.new_zmk_usb_conn_state_changed
                0x0000000000029538       0x18 app/libapp.a(usb_conn_state_changed.c.obj)
                0x0000000000029538                new_zmk_usb_conn_state_changed
 .text.on_keymap_binding_pressed
                0x0000000000029550       0x58 app/libapp.a(behavior_ext_power.c.obj)
 .text.on_keymap_binding_convert_central_state_dependent_params
                0x00000000000295a8       0x3c app/libapp.a(behavior_ext_power.c.obj)
 .text.behavior_hold_tap_init
                0x00000000000295e4       0x40 app/libapp.a(behavior_hold_tap.c.obj)
 .text.press_binding
                0x0000000000029624       0xa0 app/libapp.a(behavior_hold_tap.c.obj)
 .text.decide_hold_tap
                0x00000000000296c4      0x104 app/libapp.a(behavior_hold_tap.c.obj)
 .text.on_hold_tap_binding_released
                0x00000000000297c8       0xc0 app/libapp.a(behavior_hold_tap.c.obj)
 .text.on_hold_tap_binding_pressed
                0x0000000000029888       0xf0 app/libapp.a(behavior_hold_tap.c.obj)
 .text.behavior_hold_tap_listener
                0x0000000000029978      0x144 app/libapp.a(behavior_hold_tap.c.obj)
                0x0000000000029978                behavior_hold_tap_listener
 .text.zmk_keymap_layer_active
                0x0000000000029abc        0xc app/libapp.a(keymap.c.obj)
                0x0000000000029abc                zmk_keymap_layer_active
 .text.zmk_keymap_layer_activate
                0x0000000000029ac8       0x30 app/libapp.a(keymap.c.obj)
                0x0000000000029ac8                zmk_keymap_layer_activate
 .text.zmk_keymap_layer_deactivate
                0x0000000000029af8       0x34 app/libapp.a(keymap.c.obj)
                0x0000000000029af8                zmk_keymap_layer_deactivate
 .text.zmk_keymap_apply_position_state
                0x0000000000029b2c      0x100 app/libapp.a(keymap.c.obj)
                0x0000000000029b2c                zmk_keymap_apply_position_state
 .text.zmk_keymap_position_state_changed
                0x0000000000029c2c       0x58 app/libapp.a(keymap.c.obj)
                0x0000000000029c2c                zmk_keymap_position_state_changed
 .text.raise_profile_changed_event
                0x0000000000029c84       0x30 app/libapp.a(ble.c.obj)
 .text.ble_save_profile_work
                0x0000000000029cb4       0x14 app/libapp.a(ble.c.obj)
 .text.bt_addr_le_to_str.constprop.5
                0x0000000000029cc8       0x78 app/libapp.a(ble.c.obj)
 .text.ble_profiles_handle_set
                0x0000000000029d40       0xbc app/libapp.a(ble.c.obj)
 .text.is_conn_active_profile
                0x0000000000029dfc       0x2c app/libapp.a(ble.c.obj)
 .text.disconnected
                0x0000000000029e28       0x40 app/libapp.a(ble.c.obj)
 .text.zmk_ble_active_profile_is_open
                0x0000000000029e68       0x34 app/libapp.a(ble.c.obj)
                0x0000000000029e68                zmk_ble_active_profile_is_open
 .text.set_profile_address
                0x0000000000029e9c       0x54 app/libapp.a(ble.c.obj)
                0x0000000000029e9c                set_profile_address
 .text.zmk_ble_active_profile_is_connected
                0x0000000000029ef0       0x48 app/libapp.a(ble.c.obj)
                0x0000000000029ef0                zmk_ble_active_profile_is_connected
 .text.update_advertising
                0x0000000000029f38       0xac app/libapp.a(ble.c.obj)
                0x0000000000029f38                update_advertising
 .text.auth_pairing_complete
                0x0000000000029fe4       0x44 app/libapp.a(ble.c.obj)
 .text.connected
                0x000000000002a028       0x58 app/libapp.a(ble.c.obj)
 .text.zmk_ble_init
                0x000000000002a080       0x60 app/libapp.a(ble.c.obj)
 .text.zmk_ble_active_profile_addr
                0x000000000002a0e0       0x18 app/libapp.a(ble.c.obj)
                0x000000000002a0e0                zmk_ble_active_profile_addr
 .text.zmk_ble_set_peripheral_addr
                0x000000000002a0f8       0x24 app/libapp.a(ble.c.obj)
                0x000000000002a0f8                zmk_ble_set_peripheral_addr
 .text.zmk_battery_timer
                0x000000000002a11c        0xc app/libapp.a(battery.c.obj)
 .text.zmk_battery_update
                0x000000000002a128       0x44 app/libapp.a(battery.c.obj)
 .text.zmk_battery_work
                0x000000000002a16c        0xc app/libapp.a(battery.c.obj)
 .text.zmk_battery_init
                0x000000000002a178       0x40 app/libapp.a(battery.c.obj)
 .text.start_scan
                0x000000000002a1b8       0x24 app/libapp.a(central.c.obj)
 .text.zmk_split_bt_central_init
                0x000000000002a1dc       0x30 app/libapp.a(central.c.obj)
                0x000000000002a1dc                zmk_split_bt_central_init
 .text.peripheral_slot_index_for_conn.part.0
                0x000000000002a20c       0x14 app/libapp.a(central.c.obj)
 .text.bt_addr_le_to_str.constprop.7
                0x000000000002a220       0x78 app/libapp.a(central.c.obj)
 .text.split_central_device_found
                0x000000000002a298       0x28 app/libapp.a(central.c.obj)
 .text.split_bt_invoke_behavior_payload
                0x000000000002a2c0       0x60 app/libapp.a(central.c.obj)
 .text.peripheral_event_work_callback
                0x000000000002a320       0x38 app/libapp.a(central.c.obj)
                0x000000000002a320                peripheral_event_work_callback
 .text.split_central_split_run_callback
                0x000000000002a358       0x4c app/libapp.a(central.c.obj)
                0x000000000002a358                split_central_split_run_callback
 .text.peripheral_slot_for_conn
                0x000000000002a3a4       0x1c app/libapp.a(central.c.obj)
                0x000000000002a3a4                peripheral_slot_for_conn
 .text.split_central_process_connection
                0x000000000002a3c0       0x54 app/libapp.a(central.c.obj)
 .text.split_central_service_discovery_func
                0x000000000002a414       0x80 app/libapp.a(central.c.obj)
 .text.split_central_notify_func
                0x000000000002a494       0xd4 app/libapp.a(central.c.obj)
 .text.split_central_chrc_discovery_func
                0x000000000002a568       0xe8 app/libapp.a(central.c.obj)
 .text.release_peripheral_slot
                0x000000000002a650       0x44 app/libapp.a(central.c.obj)
                0x000000000002a650                release_peripheral_slot
 .text.reserve_peripheral_slot
                0x000000000002a694       0x20 app/libapp.a(central.c.obj)
                0x000000000002a694                reserve_peripheral_slot
 .text.split_central_eir_found
                0x000000000002a6b4      0x138 app/libapp.a(central.c.obj)
 .text.confirm_peripheral_slot_conn
                0x000000000002a7ec       0x1c app/libapp.a(central.c.obj)
                0x000000000002a7ec                confirm_peripheral_slot_conn
 .text.usb_status_cb
                0x000000000002a808       0x14 app/libapp.a(usb.c.obj)
                0x000000000002a808                usb_status_cb
 .text.zmk_usb_init
                0x000000000002a81c       0x40 app/libapp.a(usb.c.obj)
 .text.in_ready_cb
                0x000000000002a85c        0xc app/libapp.a(usb.c.obj)
 .text.zmk_usb_hid_send_report
                0x000000000002a868       0x60 app/libapp.a(usb.c.obj)
                0x000000000002a868                zmk_usb_hid_send_report
 .text.zmk_usb_get_conn_state
                0x000000000002a8c8       0x28 app/libapp.a(usb.c.obj)
                0x000000000002a8c8                zmk_usb_get_conn_state
 .text.read_hids_report_map
                0x000000000002a8f0       0x1c app/libapp.a(hog.c.obj)
 .text.zmk_hog_init
                0x000000000002a90c       0x28 app/libapp.a(hog.c.obj)
                0x000000000002a90c                zmk_hog_init
 .text.send_keyboard_report_callback
                0x000000000002a934       0x58 app/libapp.a(hog.c.obj)
                0x000000000002a934                send_keyboard_report_callback
 .text.send_consumer_report_callback
                0x000000000002a98c       0x5c app/libapp.a(hog.c.obj)
                0x000000000002a98c                send_consumer_report_callback
 .text.zmk_hog_send_keyboard_report
                0x000000000002a9e8       0x4c app/libapp.a(hog.c.obj)
                0x000000000002a9e8                zmk_hog_send_keyboard_report
 .text.zmk_hog_send_consumer_report
                0x000000000002aa34       0x50 app/libapp.a(hog.c.obj)
                0x000000000002aa34                zmk_hog_send_consumer_report
 .text.send_keyboard_report
                0x000000000002aa84       0x30 app/libapp.a(endpoints.c.obj)
 .text.send_consumer_report
                0x000000000002aab4       0x30 app/libapp.a(endpoints.c.obj)
 .text.endpoints_save_preferred_work
                0x000000000002aae4       0x14 app/libapp.a(endpoints.c.obj)
 .text.zmk_endpoints_init
                0x000000000002aaf8       0x34 app/libapp.a(endpoints.c.obj)
 .text.update_current_endpoint
                0x000000000002ab2c       0x58 app/libapp.a(endpoints.c.obj)
 .text.endpoints_handle_set
                0x000000000002ab84       0x38 app/libapp.a(endpoints.c.obj)
 .text.main     0x000000000002abbc        0xc app/libapp.a(main.c.obj)
                0x000000000002abbc                main
 .text.crc8_ccitt
                0x000000000002abc8       0x2c zephyr/libzephyr.a(crc8_sw.c.obj)
                0x000000000002abc8                crc8_ccitt
 .text.char_out
                0x000000000002abf4       0x10 zephyr/libzephyr.a(printk.c.obj)
 .text.vprintk  0x000000000002ac04       0x1c zephyr/libzephyr.a(printk.c.obj)
                0x000000000002ac04                vprintk
 .text.vsnprintk
                0x000000000002ac20       0x28 zephyr/libzephyr.a(printk.c.obj)
                0x000000000002ac20                vsnprintk
 .text.process_event
                0x000000000002ac48      0x1bc zephyr/libzephyr.a(onoff.c.obj)
 .text.cbvprintf
                0x000000000002ae04      0x3b8 zephyr/libzephyr.a(cbprintf_nano.c.obj)
                0x000000000002ae04                cbvprintf
 .text.sys_reboot
                0x000000000002b1bc       0x28 zephyr/libzephyr.a(reboot.c.obj)
                0x000000000002b1bc                sys_reboot
 .text.read_pnp_id
                0x000000000002b1e4       0x1c zephyr/libzephyr.a(dis.c.obj)
 .text.read_blvl
                0x000000000002b200       0x28 zephyr/libzephyr.a(bas.c.obj)
 .text.bt_bas_set_battery_level
                0x000000000002b228       0x50 zephyr/libzephyr.a(bas.c.obj)
                0x000000000002b228                bt_bas_set_battery_level
 .text.nvs_recover_last_ate
                0x000000000002b278       0x64 zephyr/libzephyr.a(nvs.c.obj)
 .text.nvs_init
                0x000000000002b2dc      0x2bc zephyr/libzephyr.a(nvs.c.obj)
                0x000000000002b2dc                nvs_init
 .text.nvs_write
                0x000000000002b598      0x1ac zephyr/libzephyr.a(nvs.c.obj)
                0x000000000002b598                nvs_write
 .text.class_handler
                0x000000000002b744       0x40 zephyr/libzephyr.a(usb_device.c.obj)
 .text.custom_handler
                0x000000000002b784       0x60 zephyr/libzephyr.a(usb_device.c.obj)
 .text.vendor_handler
                0x000000000002b7e4       0x38 zephyr/libzephyr.a(usb_device.c.obj)
 .text.set_endpoint
                0x000000000002b81c       0x54 zephyr/libzephyr.a(usb_device.c.obj)
 .text.usb_reset_alt_setting
                0x000000000002b870       0x10 zephyr/libzephyr.a(usb_device.c.obj)
 .text.is_ep_valid.part.6
                0x000000000002b880       0x38 zephyr/libzephyr.a(usb_device.c.obj)
 .text.usb_halt_endpoint_req.isra.8
                0x000000000002b8b8       0x58 zephyr/libzephyr.a(usb_device.c.obj)
 .text.forward_status_cb
                0x000000000002b910       0x9c zephyr/libzephyr.a(usb_device.c.obj)
 .text.usb_handle_standard_request
                0x000000000002b9ac      0x310 zephyr/libzephyr.a(usb_device.c.obj)
 .text.usb_data_to_host
                0x000000000002bcbc       0x50 zephyr/libzephyr.a(usb_device.c.obj)
 .text.usb_handle_control_transfer
                0x000000000002bd0c      0x110 zephyr/libzephyr.a(usb_device.c.obj)
 .text.usb_wakeup_request
                0x000000000002be1c       0x18 zephyr/libzephyr.a(usb_device.c.obj)
                0x000000000002be1c                usb_wakeup_request
 .text.usb_set_config
                0x000000000002be34       0x2c zephyr/libzephyr.a(usb_device.c.obj)
                0x000000000002be34                usb_set_config
 .text.usb_device_init
                0x000000000002be60       0x28 zephyr/libzephyr.a(usb_device.c.obj)
 .text.usb_enable
                0x000000000002be88       0xf4 zephyr/libzephyr.a(usb_device.c.obj)
                0x000000000002be88                usb_enable
 .text.usb_update_sn_string_descriptor
                0x000000000002bf7c       0x88 zephyr/libzephyr.a(usb_descriptor.c.obj)
                0x000000000002bf7c                usb_update_sn_string_descriptor
 .text.usb_fix_descriptor
                0x000000000002c004      0x1ac zephyr/libzephyr.a(usb_descriptor.c.obj)
 .text.usb_get_device_descriptor
                0x000000000002c1b0       0x18 zephyr/libzephyr.a(usb_descriptor.c.obj)
                0x000000000002c1b0                usb_get_device_descriptor
 .text.usb_ep_get_transfer
                0x000000000002c1c8       0x2c zephyr/libzephyr.a(usb_transfer.c.obj)
 .text.usb_transfer_work
                0x000000000002c1f4      0x110 zephyr/libzephyr.a(usb_transfer.c.obj)
 .text.usb_cancel_transfer
                0x000000000002c304       0x3c zephyr/libzephyr.a(usb_transfer.c.obj)
                0x000000000002c304                usb_cancel_transfer
 .text.usb_cancel_transfers
                0x000000000002c340       0x50 zephyr/libzephyr.a(usb_transfer.c.obj)
                0x000000000002c340                usb_cancel_transfers
 .text.usb_transfer_init
                0x000000000002c390       0x34 zephyr/libzephyr.a(usb_transfer.c.obj)
                0x000000000002c390                usb_transfer_init
 .text.flash_area_open
                0x000000000002c3c4       0x3c zephyr/libzephyr.a(flash_map.c.obj)
                0x000000000002c3c4                flash_area_open
 .text.flash_area_get_sectors
                0x000000000002c400       0x68 zephyr/libzephyr.a(flash_map_layout.c.obj)
                0x000000000002c400                flash_area_get_sectors
 .text.settings_save_one
                0x000000000002c468       0x48 zephyr/libzephyr.a(settings_store.c.obj)
                0x000000000002c468                settings_save_one
 .text.settings_src_register
                0x000000000002c4b0       0x1c zephyr/libzephyr.a(settings_store.c.obj)
                0x000000000002c4b0                settings_src_register
 .text.settings_dst_register
                0x000000000002c4cc        0xc zephyr/libzephyr.a(settings_store.c.obj)
                0x000000000002c4cc                settings_dst_register
 .text.settings_load_subtree
                0x000000000002c4d8       0x4c zephyr/libzephyr.a(settings_store.c.obj)
                0x000000000002c4d8                settings_load_subtree
 .text.settings_load_subtree_direct
                0x000000000002c524       0x40 zephyr/libzephyr.a(settings_store.c.obj)
                0x000000000002c524                settings_load_subtree_direct
 .text.settings_store_init
                0x000000000002c564       0x10 zephyr/libzephyr.a(settings_store.c.obj)
                0x000000000002c564                settings_store_init
 .text.settings_init
                0x000000000002c574       0x10 zephyr/libzephyr.a(settings.c.obj)
                0x000000000002c574                settings_init
 .text.settings_register
                0x000000000002c584       0x80 zephyr/libzephyr.a(settings.c.obj)
                0x000000000002c584                settings_register
 .text.settings_parse_and_lookup
                0x000000000002c604       0x8c zephyr/libzephyr.a(settings.c.obj)
                0x000000000002c604                settings_parse_and_lookup
 .text.settings_commit_subtree
                0x000000000002c690       0x70 zephyr/libzephyr.a(settings.c.obj)
                0x000000000002c690                settings_commit_subtree
 .text.settings_subsys_init
                0x000000000002c700       0x20 zephyr/libzephyr.a(settings_init.c.obj)
                0x000000000002c700                settings_subsys_init
 .text.settings_nvs_load
                0x000000000002c720       0xb8 zephyr/libzephyr.a(settings_nvs.c.obj)
 .text.settings_backend_init
                0x000000000002c7d8       0x98 zephyr/libzephyr.a(settings_nvs.c.obj)
                0x000000000002c7d8                settings_backend_init
 .text.pm_state_notify
                0x000000000002c870       0x5c zephyr/libzephyr.a(pm.c.obj)
 .text.pm_resume_devices
                0x000000000002c8cc       0x2c zephyr/libzephyr.a(pm.c.obj)
 .text.atomic_clear_bit.constprop.12
                0x000000000002c8f8       0x30 zephyr/libzephyr.a(pm.c.obj)
 .text.pm_system_resume
                0x000000000002c928       0x88 zephyr/libzephyr.a(pm.c.obj)
                0x000000000002c928                pm_system_resume
 .text.pm_system_suspend
                0x000000000002c9b0      0x1e0 zephyr/libzephyr.a(pm.c.obj)
                0x000000000002c9b0                pm_system_suspend
 .text.pm_constraint_get
                0x000000000002cb90       0x1c zephyr/libzephyr.a(constraint.c.obj)
                0x000000000002cb90                pm_constraint_get
 .text.pm_state_cpu_get_all
                0x000000000002cbac       0x10 zephyr/libzephyr.a(state.c.obj)
                0x000000000002cbac                pm_state_cpu_get_all
 .text.pm_policy_next_state
                0x000000000002cbbc       0x8c zephyr/libzephyr.a(residency.c.obj)
                0x000000000002cbbc                pm_policy_next_state
 .text.uECC_get_rng
                0x000000000002cc48        0xc zephyr/libzephyr.a(ecc.c.obj)
                0x000000000002cc48                uECC_get_rng
 .text.vli_mmod_fast_secp256r1
                0x000000000002cc54      0x1a0 zephyr/libzephyr.a(ecc.c.obj)
                0x000000000002cc54                vli_mmod_fast_secp256r1
 .text.tc_aes128_set_encrypt_key
                0x000000000002cdf4       0xac zephyr/libzephyr.a(aes_encrypt.c.obj)
                0x000000000002cdf4                tc_aes128_set_encrypt_key
 .text.tc_aes_encrypt
                0x000000000002cea0       0xd4 zephyr/libzephyr.a(aes_encrypt.c.obj)
                0x000000000002cea0                tc_aes_encrypt
 .text.z_arm_cpu_idle_init
                0x000000000002cf74        0xc zephyr/arch/arch/arm/core/aarch32/libarch__arm__core__aarch32.a(cpu_idle.S.obj)
                0x000000000002cf74                z_arm_cpu_idle_init
 .text.arch_cpu_idle
                0x000000000002cf80       0x1c zephyr/arch/arch/arm/core/aarch32/libarch__arm__core__aarch32.a(cpu_idle.S.obj)
                0x000000000002cf80                arch_cpu_idle
 .text.arch_cpu_atomic_idle
                0x000000000002cf9c       0x14 zephyr/arch/arch/arm/core/aarch32/libarch__arm__core__aarch32.a(cpu_idle.S.obj)
                0x000000000002cf9c                arch_cpu_atomic_idle
 .text.arch_irq_enable
                0x000000000002cfb0       0x20 zephyr/arch/arch/arm/core/aarch32/libarch__arm__core__aarch32.a(irq_manage.c.obj)
                0x000000000002cfb0                arch_irq_enable
 .text.arch_irq_disable
                0x000000000002cfd0       0x28 zephyr/arch/arch/arm/core/aarch32/libarch__arm__core__aarch32.a(irq_manage.c.obj)
                0x000000000002cfd0                arch_irq_disable
 .text.arch_irq_is_enabled
                0x000000000002cff8       0x1c zephyr/arch/arch/arm/core/aarch32/libarch__arm__core__aarch32.a(irq_manage.c.obj)
                0x000000000002cff8                arch_irq_is_enabled
 .text.z_arm_irq_priority_set
                0x000000000002d014       0x30 zephyr/arch/arch/arm/core/aarch32/libarch__arm__core__aarch32.a(irq_manage.c.obj)
                0x000000000002d014                z_arm_irq_priority_set
 .text._arch_isr_direct_pm
                0x000000000002d044       0x1c zephyr/arch/arch/arm/core/aarch32/libarch__arm__core__aarch32.a(irq_manage.c.obj)
                0x000000000002d044                _arch_isr_direct_pm
 .text.z_SysNmiOnReset
                0x000000000002d060        0x8 zephyr/arch/arch/arm/core/aarch32/libarch__arm__core__aarch32.a(nmi_on_reset.S.obj)
                0x000000000002d060                z_SysNmiOnReset
 .text.z_arm_prep_c
                0x000000000002d068       0x48 zephyr/arch/arch/arm/core/aarch32/libarch__arm__core__aarch32.a(prep_c.c.obj)
                0x000000000002d068                z_arm_prep_c
 .text.arch_swap
                0x000000000002d0b0       0x34 zephyr/arch/arch/arm/core/aarch32/libarch__arm__core__aarch32.a(swap.c.obj)
                0x000000000002d0b0                arch_swap
 .text.z_arm_pendsv
                0x000000000002d0e4       0x48 zephyr/arch/arch/arm/core/aarch32/libarch__arm__core__aarch32.a(swap_helper.S.obj)
                0x000000000002d0e4                z_arm_pendsv
 .text.z_arm_svc
                0x000000000002d12c       0x20 zephyr/arch/arch/arm/core/aarch32/libarch__arm__core__aarch32.a(swap_helper.S.obj)
                0x000000000002d12c                z_arm_svc
 .text.arch_new_thread
                0x000000000002d14c       0x38 zephyr/arch/arch/arm/core/aarch32/libarch__arm__core__aarch32.a(thread.c.obj)
                0x000000000002d14c                arch_new_thread
 .text.arch_switch_to_main_thread
                0x000000000002d184       0x24 zephyr/arch/arch/arm/core/aarch32/libarch__arm__core__aarch32.a(thread.c.obj)
                0x000000000002d184                arch_switch_to_main_thread
 .text._isr_wrapper
                0x000000000002d1a8       0x40 zephyr/arch/arch/arm/core/aarch32/libarch__arm__core__aarch32.a(isr_wrapper.S.obj)
                0x000000000002d1a8                _isr_wrapper
 .text._HandlerModeExit
                0x000000000002d1e8       0x1c zephyr/arch/arch/arm/core/aarch32/cortex_m/libarch__arm__core__aarch32__cortex_m.a(exc_exit.S.obj)
                0x000000000002d1e8                z_arm_exc_exit
                0x000000000002d1e8                z_arm_int_exit
 .text.mem_manage_fault.isra.2
                0x000000000002d204       0x40 zephyr/arch/arch/arm/core/aarch32/cortex_m/libarch__arm__core__aarch32__cortex_m.a(fault.c.obj)
 .text.bus_fault.isra.3
                0x000000000002d244       0x3c zephyr/arch/arch/arm/core/aarch32/cortex_m/libarch__arm__core__aarch32__cortex_m.a(fault.c.obj)
 .text.usage_fault.isra.4
                0x000000000002d280       0x24 zephyr/arch/arch/arm/core/aarch32/cortex_m/libarch__arm__core__aarch32__cortex_m.a(fault.c.obj)
 .text.z_arm_fault
                0x000000000002d2a4      0x108 zephyr/arch/arch/arm/core/aarch32/cortex_m/libarch__arm__core__aarch32__cortex_m.a(fault.c.obj)
                0x000000000002d2a4                z_arm_fault
 .text.z_arm_fault_init
                0x000000000002d3ac       0x10 zephyr/arch/arch/arm/core/aarch32/cortex_m/libarch__arm__core__aarch32__cortex_m.a(fault.c.obj)
                0x000000000002d3ac                z_arm_fault_init
 .text.__fault  0x000000000002d3bc       0x14 zephyr/arch/arch/arm/core/aarch32/cortex_m/libarch__arm__core__aarch32__cortex_m.a(fault_s.S.obj)
                0x000000000002d3bc                z_arm_bus_fault
                0x000000000002d3bc                z_arm_usage_fault
                0x000000000002d3bc                z_arm_mpu_fault
                0x000000000002d3bc                z_arm_exc_spurious
                0x000000000002d3bc                z_arm_debug_monitor
                0x000000000002d3bc                z_arm_hard_fault
 .text.z_arm_interrupt_init
                0x000000000002d3d0       0x18 zephyr/arch/arch/arm/core/aarch32/cortex_m/libarch__arm__core__aarch32__cortex_m.a(irq_init.c.obj)
                0x000000000002d3d0                z_arm_interrupt_init
 .text._reset_section
                0x000000000002d3e8       0x30 zephyr/arch/arch/arm/core/aarch32/cortex_m/libarch__arm__core__aarch32__cortex_m.a(reset.S.obj)
                0x000000000002d3e8                z_arm_reset
                0x000000000002d3e8                __start
 .text.z_impl_k_thread_abort
                0x000000000002d418       0x24 zephyr/arch/arch/arm/core/aarch32/cortex_m/libarch__arm__core__aarch32__cortex_m.a(thread_abort.c.obj)
                0x000000000002d418                z_impl_k_thread_abort
 .text.z_arm_configure_static_mpu_regions
                0x000000000002d43c       0x18 zephyr/arch/arch/arm/core/aarch32/mpu/libarch__arm__core__aarch32__mpu.a(arm_core_mpu.c.obj)
                0x000000000002d43c                z_arm_configure_static_mpu_regions
 .text.mpu_configure_regions
                0x000000000002d454       0x80 zephyr/arch/arch/arm/core/aarch32/mpu/libarch__arm__core__aarch32__mpu.a(arm_mpu.c.obj)
 .text.arm_core_mpu_enable
                0x000000000002d4d4       0x14 zephyr/arch/arch/arm/core/aarch32/mpu/libarch__arm__core__aarch32__mpu.a(arm_mpu.c.obj)
                0x000000000002d4d4                arm_core_mpu_enable
 .text.arm_core_mpu_disable
                0x000000000002d4e8       0x10 zephyr/arch/arch/arm/core/aarch32/mpu/libarch__arm__core__aarch32__mpu.a(arm_mpu.c.obj)
                0x000000000002d4e8                arm_core_mpu_disable
 .text.arm_core_mpu_configure_static_mpu_regions
                0x000000000002d4f8       0x14 zephyr/arch/arch/arm/core/aarch32/mpu/libarch__arm__core__aarch32__mpu.a(arm_mpu.c.obj)
                0x000000000002d4f8                arm_core_mpu_configure_static_mpu_regions
 .text.z_arm_mpu_init
                0x000000000002d50c       0x5c zephyr/arch/arch/arm/core/aarch32/mpu/libarch__arm__core__aarch32__mpu.a(arm_mpu.c.obj)
                0x000000000002d50c                z_arm_mpu_init
 .text.snprintf
                0x000000000002d568       0x30 zephyr/lib/libc/minimal/liblib__libc__minimal.a(sprintf.c.obj)
                0x000000000002d568                snprintf
 .text.sprintf  0x000000000002d598       0x30 zephyr/lib/libc/minimal/liblib__libc__minimal.a(sprintf.c.obj)
                0x000000000002d598                sprintf
 .text.nordicsemi_nrf52_init
                0x000000000002d5c8       0x30 zephyr/soc/arm/nordic_nrf/nrf52/libsoc__arm__nordic_nrf__nrf52.a(soc.c.obj)
 .text.sys_arch_reboot
                0x000000000002d5f8       0x2c zephyr/soc/arm/nordic_nrf/nrf52/libsoc__arm__nordic_nrf__nrf52.a(soc.c.obj)
                0x000000000002d5f8                sys_arch_reboot
 .text.arch_busy_wait
                0x000000000002d624       0x14 zephyr/soc/arm/nordic_nrf/nrf52/libsoc__arm__nordic_nrf__nrf52.a(soc.c.obj)
                0x000000000002d624                arch_busy_wait
 .text.ecc_thread
                0x000000000002d638      0x194 zephyr/subsys/bluetooth/host/libsubsys__bluetooth__host.a(hci_ecc.c.obj)
 .text.le_gen_dhkey
                0x000000000002d7cc       0x98 zephyr/subsys/bluetooth/host/libsubsys__bluetooth__host.a(hci_ecc.c.obj)
 .text.bt_hci_ecc_send
                0x000000000002d864       0xdc zephyr/subsys/bluetooth/host/libsubsys__bluetooth__host.a(hci_ecc.c.obj)
                0x000000000002d864                bt_hci_ecc_send
 .text.bt_hci_ecc_init
                0x000000000002d940       0x48 zephyr/subsys/bluetooth/host/libsubsys__bluetooth__host.a(hci_ecc.c.obj)
                0x000000000002d940                bt_hci_ecc_init
 .text.save_id  0x000000000002d988       0x18 zephyr/subsys/bluetooth/host/libsubsys__bluetooth__host.a(settings.c.obj)
 .text.set      0x000000000002d9a0       0x6c zephyr/subsys/bluetooth/host/libsubsys__bluetooth__host.a(settings.c.obj)
 .text.bt_settings_encode_key
                0x000000000002da0c       0x60 zephyr/subsys/bluetooth/host/libsubsys__bluetooth__host.a(settings.c.obj)
                0x000000000002da0c                bt_settings_encode_key
 .text.bt_settings_save_id
                0x000000000002da6c        0xc zephyr/subsys/bluetooth/host/libsubsys__bluetooth__host.a(settings.c.obj)
                0x000000000002da6c                bt_settings_save_id
 .text.commit   0x000000000002da78       0x60 zephyr/subsys/bluetooth/host/libsubsys__bluetooth__host.a(settings.c.obj)
 .text.uuid_to_uuid128
                0x000000000002dad8       0x7c zephyr/subsys/bluetooth/host/libsubsys__bluetooth__host.a(uuid.c.obj)
 .text.bt_uuid_to_str
                0x000000000002db54       0xb4 zephyr/subsys/bluetooth/host/libsubsys__bluetooth__host.a(uuid.c.obj)
                0x000000000002db54                bt_uuid_to_str
 .text.bt_buf_get_rx
                0x000000000002dc08       0x20 zephyr/subsys/bluetooth/host/libsubsys__bluetooth__host.a(buf.c.obj)
                0x000000000002dc08                bt_buf_get_rx
 .text.bt_buf_get_cmd_complete
                0x000000000002dc28       0x38 zephyr/subsys/bluetooth/host/libsubsys__bluetooth__host.a(buf.c.obj)
                0x000000000002dc28                bt_buf_get_cmd_complete
 .text.bt_buf_get_evt
                0x000000000002dc60       0x54 zephyr/subsys/bluetooth/host/libsubsys__bluetooth__host.a(buf.c.obj)
                0x000000000002dc60                bt_buf_get_evt
 .text.unpair   0x000000000002dcb4       0x70 zephyr/subsys/bluetooth/host/libsubsys__bluetooth__host.a(hci_core.c.obj)
 .text.hci_disconn_complete_prio
                0x000000000002dd24       0x48 zephyr/subsys/bluetooth/host/libsubsys__bluetooth__host.a(hci_core.c.obj)
 .text.hci_encrypt_key_refresh_complete
                0x000000000002dd6c       0x64 zephyr/subsys/bluetooth/host/libsubsys__bluetooth__host.a(hci_core.c.obj)
 .text.hci_encrypt_change
                0x000000000002ddd0       0x6c zephyr/subsys/bluetooth/host/libsubsys__bluetooth__host.a(hci_core.c.obj)
 .text.bt_hci_evt_get_flags
                0x000000000002de3c       0x28 zephyr/subsys/bluetooth/host/libsubsys__bluetooth__host.a(hci_core.c.obj)
 .text.hci_le_meta_event
                0x000000000002de64       0x20 zephyr/subsys/bluetooth/host/libsubsys__bluetooth__host.a(hci_core.c.obj)
 .text.find_pending_connect.part.8
                0x000000000002de84       0x3c zephyr/subsys/bluetooth/host/libsubsys__bluetooth__host.a(hci_core.c.obj)
 .text.hci_cmd_done
                0x000000000002dec0       0xcc zephyr/subsys/bluetooth/host/libsubsys__bluetooth__host.a(hci_core.c.obj)
 .text.hci_cmd_status
                0x000000000002df8c       0x2c zephyr/subsys/bluetooth/host/libsubsys__bluetooth__host.a(hci_core.c.obj)
 .text.hci_cmd_complete
                0x000000000002dfb8       0x30 zephyr/subsys/bluetooth/host/libsubsys__bluetooth__host.a(hci_core.c.obj)
 .text.hci_tx_thread
                0x000000000002dfe8      0x134 zephyr/subsys/bluetooth/host/libsubsys__bluetooth__host.a(hci_core.c.obj)
 .text.bt_hci_cmd_state_set_init
                0x000000000002e11c       0x24 zephyr/subsys/bluetooth/host/libsubsys__bluetooth__host.a(hci_core.c.obj)
                0x000000000002e11c                bt_hci_cmd_state_set_init
 .text.bt_hci_cmd_create
                0x000000000002e140       0x70 zephyr/subsys/bluetooth/host/libsubsys__bluetooth__host.a(hci_core.c.obj)
                0x000000000002e140                bt_hci_cmd_create
 .text.bt_hci_cmd_send
                0x000000000002e1b0       0x44 zephyr/subsys/bluetooth/host/libsubsys__bluetooth__host.a(hci_core.c.obj)
                0x000000000002e1b0                bt_hci_cmd_send
 .text.bt_hci_cmd_send_sync
                0x000000000002e1f4       0xc4 zephyr/subsys/bluetooth/host/libsubsys__bluetooth__host.a(hci_core.c.obj)
                0x000000000002e1f4                bt_hci_cmd_send_sync
 .text.bt_get_phy
                0x000000000002e2b8       0x14 zephyr/subsys/bluetooth/host/libsubsys__bluetooth__host.a(hci_core.c.obj)
                0x000000000002e2b8                bt_get_phy
 .text.bt_le_create_conn_legacy
                0x000000000002e2cc       0xd8 zephyr/subsys/bluetooth/host/libsubsys__bluetooth__host.a(hci_core.c.obj)
                0x000000000002e2cc                bt_le_create_conn_legacy
 .text.bt_le_create_conn_cancel
                0x000000000002e3a4       0x48 zephyr/subsys/bluetooth/host/libsubsys__bluetooth__host.a(hci_core.c.obj)
                0x000000000002e3a4                bt_le_create_conn_cancel
 .text.conn_auto_initiate
                0x000000000002e3ec       0x84 zephyr/subsys/bluetooth/host/libsubsys__bluetooth__host.a(hci_core.c.obj)
 .text.bt_hci_le_enh_conn_complete
                0x000000000002e470      0x258 zephyr/subsys/bluetooth/host/libsubsys__bluetooth__host.a(hci_core.c.obj)
                0x000000000002e470                bt_hci_le_enh_conn_complete
 .text.bt_unpair
                0x000000000002e6c8       0x4c zephyr/subsys/bluetooth/host/libsubsys__bluetooth__host.a(hci_core.c.obj)
                0x000000000002e6c8                bt_unpair
 .text.bt_security_err_get
                0x000000000002e714       0x10 zephyr/subsys/bluetooth/host/libsubsys__bluetooth__host.a(hci_core.c.obj)
                0x000000000002e714                bt_security_err_get
 .text.hci_event_prio
                0x000000000002e724       0xa0 zephyr/subsys/bluetooth/host/libsubsys__bluetooth__host.a(hci_core.c.obj)
                0x000000000002e724                hci_event_prio
 .text.bt_recv  0x000000000002e7c4      0x108 zephyr/subsys/bluetooth/host/libsubsys__bluetooth__host.a(hci_core.c.obj)
                0x000000000002e7c4                bt_recv
 .text.bt_recv_prio
                0x000000000002e8cc       0x3c zephyr/subsys/bluetooth/host/libsubsys__bluetooth__host.a(hci_core.c.obj)
                0x000000000002e8cc                bt_recv_prio
 .text.bt_hci_driver_register
                0x000000000002e908       0x28 zephyr/subsys/bluetooth/host/libsubsys__bluetooth__host.a(hci_core.c.obj)
                0x000000000002e908                bt_hci_driver_register
 .text.bt_finalize_init
                0x000000000002e930       0x18 zephyr/subsys/bluetooth/host/libsubsys__bluetooth__host.a(hci_core.c.obj)
                0x000000000002e930                bt_finalize_init
 .text.init_work
                0x000000000002e948       0x18 zephyr/subsys/bluetooth/host/libsubsys__bluetooth__host.a(hci_core.c.obj)
 .text.bt_enable
                0x000000000002e960       0xa4 zephyr/subsys/bluetooth/host/libsubsys__bluetooth__host.a(hci_core.c.obj)
                0x000000000002e960                bt_enable
 .text.bt_get_name
                0x000000000002ea04        0x8 zephyr/subsys/bluetooth/host/libsubsys__bluetooth__host.a(hci_core.c.obj)
                0x000000000002ea04                bt_get_name
 .text.id_find  0x000000000002ea0c       0x34 zephyr/subsys/bluetooth/host/libsubsys__bluetooth__host.a(id.c.obj)
 .text.set_random_address
                0x000000000002ea40       0x5c zephyr/subsys/bluetooth/host/libsubsys__bluetooth__host.a(id.c.obj)
 .text.id_create.isra.4
                0x000000000002ea9c       0x78 zephyr/subsys/bluetooth/host/libsubsys__bluetooth__host.a(id.c.obj)
 .text.bt_id_adv_random_addr_check
                0x000000000002eb14       0x1c zephyr/subsys/bluetooth/host/libsubsys__bluetooth__host.a(id.c.obj)
                0x000000000002eb14                bt_id_adv_random_addr_check
 .text.bt_id_pending_keys_update
                0x000000000002eb30       0x34 zephyr/subsys/bluetooth/host/libsubsys__bluetooth__host.a(id.c.obj)
                0x000000000002eb30                bt_id_pending_keys_update
 .text.bt_id_add
                0x000000000002eb64      0x144 zephyr/subsys/bluetooth/host/libsubsys__bluetooth__host.a(id.c.obj)
                0x000000000002eb64                bt_id_add
 .text.bt_id_del
                0x000000000002eca8      0x124 zephyr/subsys/bluetooth/host/libsubsys__bluetooth__host.a(id.c.obj)
                0x000000000002eca8                bt_id_del
 .text.bt_id_create
                0x000000000002edcc       0x94 zephyr/subsys/bluetooth/host/libsubsys__bluetooth__host.a(id.c.obj)
                0x000000000002edcc                bt_id_create
 .text.bt_id_read_public_addr
                0x000000000002ee60       0x70 zephyr/subsys/bluetooth/host/libsubsys__bluetooth__host.a(id.c.obj)
                0x000000000002ee60                bt_id_read_public_addr
 .text.bt_setup_public_id_addr
                0x000000000002eed0       0x20 zephyr/subsys/bluetooth/host/libsubsys__bluetooth__host.a(id.c.obj)
                0x000000000002eed0                bt_setup_public_id_addr
 .text.bt_read_static_addr
                0x000000000002eef0       0x60 zephyr/subsys/bluetooth/host/libsubsys__bluetooth__host.a(id.c.obj)
                0x000000000002eef0                bt_read_static_addr
 .text.bt_setup_random_id_addr
                0x000000000002ef50       0x58 zephyr/subsys/bluetooth/host/libsubsys__bluetooth__host.a(id.c.obj)
                0x000000000002ef50                bt_setup_random_id_addr
 .text.bt_id_set_create_conn_own_addr
                0x000000000002efa8       0x24 zephyr/subsys/bluetooth/host/libsubsys__bluetooth__host.a(id.c.obj)
                0x000000000002efa8                bt_id_set_create_conn_own_addr
 .text.bt_id_set_scan_own_addr
                0x000000000002efcc       0x34 zephyr/subsys/bluetooth/host/libsubsys__bluetooth__host.a(id.c.obj)
                0x000000000002efcc                bt_id_set_scan_own_addr
 .text.bt_id_set_adv_own_addr
                0x000000000002f000       0xd0 zephyr/subsys/bluetooth/host/libsubsys__bluetooth__host.a(id.c.obj)
                0x000000000002f000                bt_id_set_adv_own_addr
 .text.valid_adv_param
                0x000000000002f0d0       0x88 zephyr/subsys/bluetooth/host/libsubsys__bluetooth__host.a(adv.c.obj)
 .text.le_adv_start_add_conn
                0x000000000002f158       0x8c zephyr/subsys/bluetooth/host/libsubsys__bluetooth__host.a(adv.c.obj)
 .text.bt_le_ext_adv_foreach
                0x000000000002f1e4        0xc zephyr/subsys/bluetooth/host/libsubsys__bluetooth__host.a(adv.c.obj)
                0x000000000002f1e4                bt_le_ext_adv_foreach
 .text.bt_le_adv_lookup_legacy
                0x000000000002f1f0        0x8 zephyr/subsys/bluetooth/host/libsubsys__bluetooth__host.a(adv.c.obj)
                0x000000000002f1f0                bt_le_adv_lookup_legacy
 .text.bt_le_adv_start_legacy
                0x000000000002f1f8      0x250 zephyr/subsys/bluetooth/host/libsubsys__bluetooth__host.a(adv.c.obj)
                0x000000000002f1f8                bt_le_adv_start_legacy
 .text.bt_le_adv_start
                0x000000000002f448       0x64 zephyr/subsys/bluetooth/host/libsubsys__bluetooth__host.a(adv.c.obj)
                0x000000000002f448                bt_le_adv_start
 .text.bt_le_adv_stop
                0x000000000002f4ac       0xc0 zephyr/subsys/bluetooth/host/libsubsys__bluetooth__host.a(adv.c.obj)
                0x000000000002f4ac                bt_le_adv_stop
 .text.bt_le_adv_resume
                0x000000000002f56c       0x7c zephyr/subsys/bluetooth/host/libsubsys__bluetooth__host.a(adv.c.obj)
                0x000000000002f56c                bt_le_adv_resume
 .text.atomic_test_bit.constprop.14
                0x000000000002f5e8       0x1c zephyr/subsys/bluetooth/host/libsubsys__bluetooth__host.a(scan.c.obj)
 .text.bt_le_scan_set_enable_legacy
                0x000000000002f604       0x60 zephyr/subsys/bluetooth/host/libsubsys__bluetooth__host.a(scan.c.obj)
 .text.start_le_scan_legacy
                0x000000000002f664       0xa4 zephyr/subsys/bluetooth/host/libsubsys__bluetooth__host.a(scan.c.obj)
 .text.bt_scan_reset
                0x000000000002f708        0xc zephyr/subsys/bluetooth/host/libsubsys__bluetooth__host.a(scan.c.obj)
                0x000000000002f708                bt_scan_reset
 .text.bt_le_scan_update
                0x000000000002f714       0x80 zephyr/subsys/bluetooth/host/libsubsys__bluetooth__host.a(scan.c.obj)
                0x000000000002f714                bt_le_scan_update
 .text.bt_hci_le_adv_report
                0x000000000002f794      0x1dc zephyr/subsys/bluetooth/host/libsubsys__bluetooth__host.a(scan.c.obj)
                0x000000000002f794                bt_hci_le_adv_report
 .text.bt_le_scan_start
                0x000000000002f970      0x100 zephyr/subsys/bluetooth/host/libsubsys__bluetooth__host.a(scan.c.obj)
                0x000000000002f970                bt_le_scan_start
 .text.bt_le_scan_stop
                0x000000000002fa70       0x2c zephyr/subsys/bluetooth/host/libsubsys__bluetooth__host.a(scan.c.obj)
                0x000000000002fa70                bt_le_scan_stop
 .text.bt_pub_key_is_debug
                0x000000000002fa9c       0x18 zephyr/subsys/bluetooth/host/libsubsys__bluetooth__host.a(ecc.c.obj)
                0x000000000002fa9c                bt_pub_key_is_debug
 .text.bt_pub_key_gen
                0x000000000002fab4       0xe0 zephyr/subsys/bluetooth/host/libsubsys__bluetooth__host.a(ecc.c.obj)
                0x000000000002fab4                bt_pub_key_gen
 .text.bt_pub_key_get
                0x000000000002fb94       0x20 zephyr/subsys/bluetooth/host/libsubsys__bluetooth__host.a(ecc.c.obj)
                0x000000000002fb94                bt_pub_key_get
 .text.bt_dh_key_gen
                0x000000000002fbb4       0x88 zephyr/subsys/bluetooth/host/libsubsys__bluetooth__host.a(ecc.c.obj)
                0x000000000002fbb4                bt_dh_key_gen
 .text.bt_hci_evt_le_pkey_complete
                0x000000000002fc3c       0x80 zephyr/subsys/bluetooth/host/libsubsys__bluetooth__host.a(ecc.c.obj)
                0x000000000002fc3c                bt_hci_evt_le_pkey_complete
 .text.bt_hci_evt_le_dhkey_complete
                0x000000000002fcbc       0x1c zephyr/subsys/bluetooth/host/libsubsys__bluetooth__host.a(ecc.c.obj)
                0x000000000002fcbc                bt_hci_evt_le_dhkey_complete
 .text.tx_free  0x000000000002fcd8       0x14 zephyr/subsys/bluetooth/host/libsubsys__bluetooth__host.a(conn.c.obj)
 .text.notify_connected
                0x000000000002fcec       0x48 zephyr/subsys/bluetooth/host/libsubsys__bluetooth__host.a(conn.c.obj)
 .text.bt_conn_new.part.11
                0x000000000002fd34       0x68 zephyr/subsys/bluetooth/host/libsubsys__bluetooth__host.a(conn.c.obj)
 .text.send_frag
                0x000000000002fd9c      0x120 zephyr/subsys/bluetooth/host/libsubsys__bluetooth__host.a(conn.c.obj)
 .text.bt_conn_get_pkts
                0x000000000002febc        0x8 zephyr/subsys/bluetooth/host/libsubsys__bluetooth__host.a(conn.c.obj)
                0x000000000002febc                bt_conn_get_pkts
 .text.bt_conn_send_cb
                0x000000000002fec4       0x6c zephyr/subsys/bluetooth/host/libsubsys__bluetooth__host.a(conn.c.obj)
                0x000000000002fec4                bt_conn_send_cb
 .text.bt_conn_prepare_events
                0x000000000002ff30       0x98 zephyr/subsys/bluetooth/host/libsubsys__bluetooth__host.a(conn.c.obj)
                0x000000000002ff30                bt_conn_prepare_events
 .text.bt_conn_lookup_handle
                0x000000000002ffc8       0x10 zephyr/subsys/bluetooth/host/libsubsys__bluetooth__host.a(conn.c.obj)
                0x000000000002ffc8                bt_conn_lookup_handle
 .text.bt_conn_set_state
                0x000000000002ffd8      0x1b8 zephyr/subsys/bluetooth/host/libsubsys__bluetooth__host.a(conn.c.obj)
                0x000000000002ffd8                bt_conn_set_state
 .text.bt_conn_index
                0x0000000000030190       0x18 zephyr/subsys/bluetooth/host/libsubsys__bluetooth__host.a(conn.c.obj)
                0x0000000000030190                bt_conn_index
 .text.bt_conn_create_pdu_timeout
                0x00000000000301a8       0x24 zephyr/subsys/bluetooth/host/libsubsys__bluetooth__host.a(conn.c.obj)
                0x00000000000301a8                bt_conn_create_pdu_timeout
 .text.notify_le_param_updated
                0x00000000000301cc       0x90 zephyr/subsys/bluetooth/host/libsubsys__bluetooth__host.a(conn.c.obj)
                0x00000000000301cc                notify_le_param_updated
 .text.notify_le_phy_updated
                0x000000000003025c       0x44 zephyr/subsys/bluetooth/host/libsubsys__bluetooth__host.a(conn.c.obj)
                0x000000000003025c                notify_le_phy_updated
 .text.le_param_req
                0x00000000000302a0       0x74 zephyr/subsys/bluetooth/host/libsubsys__bluetooth__host.a(conn.c.obj)
                0x00000000000302a0                le_param_req
 .text.bt_conn_identity_resolved
                0x0000000000030314       0x5c zephyr/subsys/bluetooth/host/libsubsys__bluetooth__host.a(conn.c.obj)
                0x0000000000030314                bt_conn_identity_resolved
 .text.bt_conn_security_changed
                0x0000000000030370       0x4c zephyr/subsys/bluetooth/host/libsubsys__bluetooth__host.a(conn.c.obj)
                0x0000000000030370                bt_conn_security_changed
 .text.bt_conn_cb_register
                0x00000000000303bc       0x10 zephyr/subsys/bluetooth/host/libsubsys__bluetooth__host.a(conn.c.obj)
                0x00000000000303bc                bt_conn_cb_register
 .text.bt_conn_add_le
                0x00000000000303cc       0x38 zephyr/subsys/bluetooth/host/libsubsys__bluetooth__host.a(conn.c.obj)
                0x00000000000303cc                bt_conn_add_le
 .text.bt_conn_lookup_addr_le.part.14
                0x0000000000030404       0x48 zephyr/subsys/bluetooth/host/libsubsys__bluetooth__host.a(conn.c.obj)
 .text.bt_conn_lookup_state_le
                0x000000000003044c       0x5c zephyr/subsys/bluetooth/host/libsubsys__bluetooth__host.a(conn.c.obj)
                0x000000000003044c                bt_conn_lookup_state_le
 .text.bt_conn_get_info
                0x00000000000304a8       0x5c zephyr/subsys/bluetooth/host/libsubsys__bluetooth__host.a(conn.c.obj)
                0x00000000000304a8                bt_conn_get_info
 .text.bt_conn_le_create
                0x0000000000030504      0x154 zephyr/subsys/bluetooth/host/libsubsys__bluetooth__host.a(conn.c.obj)
                0x0000000000030504                bt_conn_le_create
 .text.bt_le_set_auto_conn
                0x0000000000030658       0xec zephyr/subsys/bluetooth/host/libsubsys__bluetooth__host.a(conn.c.obj)
                0x0000000000030658                bt_le_set_auto_conn
 .text.send_conn_le_param_update
                0x0000000000030744       0x6c zephyr/subsys/bluetooth/host/libsubsys__bluetooth__host.a(conn.c.obj)
 .text.deferred_work
                0x00000000000307b0       0xcc zephyr/subsys/bluetooth/host/libsubsys__bluetooth__host.a(conn.c.obj)
 .text.bt_conn_create_frag_timeout
                0x000000000003087c        0xc zephyr/subsys/bluetooth/host/libsubsys__bluetooth__host.a(conn.c.obj)
                0x000000000003087c                bt_conn_create_frag_timeout
 .text.create_frag.isra.16
                0x0000000000030888       0x6c zephyr/subsys/bluetooth/host/libsubsys__bluetooth__host.a(conn.c.obj)
 .text.bt_conn_process_tx
                0x00000000000308f4       0xd0 zephyr/subsys/bluetooth/host/libsubsys__bluetooth__host.a(conn.c.obj)
                0x00000000000308f4                bt_conn_process_tx
 .text.bt_conn_auth_cb_register
                0x00000000000309c4       0x38 zephyr/subsys/bluetooth/host/libsubsys__bluetooth__host.a(conn.c.obj)
                0x00000000000309c4                bt_conn_auth_cb_register
 .text.bt_conn_init
                0x00000000000309fc       0x7c zephyr/subsys/bluetooth/host/libsubsys__bluetooth__host.a(conn.c.obj)
                0x00000000000309fc                bt_conn_init
 .text.l2cap_accept
                0x0000000000030a78       0x30 zephyr/subsys/bluetooth/host/libsubsys__bluetooth__host.a(l2cap.c.obj)
 .text.bt_l2cap_connected
                0x0000000000030aa8       0xb8 zephyr/subsys/bluetooth/host/libsubsys__bluetooth__host.a(l2cap.c.obj)
                0x0000000000030aa8                bt_l2cap_connected
 .text.bt_l2cap_update_conn_param
                0x0000000000030b60       0x64 zephyr/subsys/bluetooth/host/libsubsys__bluetooth__host.a(l2cap.c.obj)
                0x0000000000030b60                bt_l2cap_update_conn_param
 .text.att_cfm_sent
                0x0000000000030bc4       0x10 zephyr/subsys/bluetooth/host/libsubsys__bluetooth__host.a(att.c.obj)
 .text.att_rsp_sent
                0x0000000000030bd4       0x10 zephyr/subsys/bluetooth/host/libsubsys__bluetooth__host.a(att.c.obj)
 .text.att_req_sent
                0x0000000000030be4       0x10 zephyr/subsys/bluetooth/host/libsubsys__bluetooth__host.a(att.c.obj)
 .text.bt_att_released
                0x0000000000030bf4       0x18 zephyr/subsys/bluetooth/host/libsubsys__bluetooth__host.a(att.c.obj)
 .text.chan_send
                0x0000000000030c0c       0xbc zephyr/subsys/bluetooth/host/libsubsys__bluetooth__host.a(att.c.obj)
 .text.read_group_cb
                0x0000000000030cc8       0xac zephyr/subsys/bluetooth/host/libsubsys__bluetooth__host.a(att.c.obj)
 .text.read_type_cb
                0x0000000000030d74       0xa4 zephyr/subsys/bluetooth/host/libsubsys__bluetooth__host.a(att.c.obj)
 .text.bt_att_accept
                0x0000000000030e18       0x90 zephyr/subsys/bluetooth/host/libsubsys__bluetooth__host.a(att.c.obj)
 .text.bt_att_connected
                0x0000000000030ea8       0x60 zephyr/subsys/bluetooth/host/libsubsys__bluetooth__host.a(att.c.obj)
 .text.att_write_cmd
                0x0000000000030f08       0x80 zephyr/subsys/bluetooth/host/libsubsys__bluetooth__host.a(att.c.obj)
 .text.att_indicate
                0x0000000000030f88       0x3c zephyr/subsys/bluetooth/host/libsubsys__bluetooth__host.a(att.c.obj)
 .text.send_err_rsp.part.10
                0x0000000000030fc4       0x40 zephyr/subsys/bluetooth/host/libsubsys__bluetooth__host.a(att.c.obj)
 .text.bt_att_recv
                0x0000000000031004       0xdc zephyr/subsys/bluetooth/host/libsubsys__bluetooth__host.a(att.c.obj)
 .text.att_write_req
                0x00000000000310e0       0xbc zephyr/subsys/bluetooth/host/libsubsys__bluetooth__host.a(att.c.obj)
 .text.att_read_group_req
                0x000000000003119c      0x108 zephyr/subsys/bluetooth/host/libsubsys__bluetooth__host.a(att.c.obj)
 .text.att_read_mult_req
                0x00000000000312a4       0x9c zephyr/subsys/bluetooth/host/libsubsys__bluetooth__host.a(att.c.obj)
 .text.att_read_rsp
                0x0000000000031340       0x94 zephyr/subsys/bluetooth/host/libsubsys__bluetooth__host.a(att.c.obj)
 .text.att_read_type_req
                0x00000000000313d4       0xc8 zephyr/subsys/bluetooth/host/libsubsys__bluetooth__host.a(att.c.obj)
 .text.att_find_type_req
                0x000000000003149c       0xdc zephyr/subsys/bluetooth/host/libsubsys__bluetooth__host.a(att.c.obj)
 .text.att_find_info_req
                0x0000000000031578       0x78 zephyr/subsys/bluetooth/host/libsubsys__bluetooth__host.a(att.c.obj)
 .text.att_mtu_req
                0x00000000000315f0       0x6c zephyr/subsys/bluetooth/host/libsubsys__bluetooth__host.a(att.c.obj)
 .text.bt_att_req_alloc
                0x000000000003165c       0x44 zephyr/subsys/bluetooth/host/libsubsys__bluetooth__host.a(att.c.obj)
                0x000000000003165c                bt_att_req_alloc
 .text.bt_att_req_free
                0x00000000000316a0       0x24 zephyr/subsys/bluetooth/host/libsubsys__bluetooth__host.a(att.c.obj)
                0x00000000000316a0                bt_att_req_free
 .text.att_handle_rsp
                0x00000000000316c4       0x64 zephyr/subsys/bluetooth/host/libsubsys__bluetooth__host.a(att.c.obj)
 .text.att_error_rsp
                0x0000000000031728       0x68 zephyr/subsys/bluetooth/host/libsubsys__bluetooth__host.a(att.c.obj)
 .text.bt_att_disconnected
                0x0000000000031790       0xa8 zephyr/subsys/bluetooth/host/libsubsys__bluetooth__host.a(att.c.obj)
 .text.bt_att_req_cancel
                0x0000000000031838       0x5c zephyr/subsys/bluetooth/host/libsubsys__bluetooth__host.a(att.c.obj)
                0x0000000000031838                bt_att_req_cancel
 .text.db_hash_set
                0x0000000000031894       0x18 zephyr/subsys/bluetooth/host/libsubsys__bluetooth__host.a(gatt.c.obj)
 .text.find_cf_cfg
                0x00000000000318ac       0x44 zephyr/subsys/bluetooth/host/libsubsys__bluetooth__host.a(gatt.c.obj)
 .text.find_sc_cfg
                0x00000000000318f0       0x40 zephyr/subsys/bluetooth/host/libsubsys__bluetooth__host.a(gatt.c.obj)
 .text.gatt_sub_find
                0x0000000000031930       0x44 zephyr/subsys/bluetooth/host/libsubsys__bluetooth__host.a(gatt.c.obj)
 .text.find_cf_cfg_by_addr
                0x0000000000031974       0x3c zephyr/subsys/bluetooth/host/libsubsys__bluetooth__host.a(gatt.c.obj)
 .text.sc_store
                0x00000000000319b0       0x40 zephyr/subsys/bluetooth/host/libsubsys__bluetooth__host.a(gatt.c.obj)
 .text.bt_gatt_store_cf
                0x00000000000319f0       0x60 zephyr/subsys/bluetooth/host/libsubsys__bluetooth__host.a(gatt.c.obj)
 .text.db_hash_commit
                0x0000000000031a50       0x20 zephyr/subsys/bluetooth/host/libsubsys__bluetooth__host.a(gatt.c.obj)
 .text.bt_gatt_attr_write_ccc
                0x0000000000031a70       0xec zephyr/subsys/bluetooth/host/libsubsys__bluetooth__host.a(gatt.c.obj)
                0x0000000000031a70                bt_gatt_attr_write_ccc
 .text.ccc_save
                0x0000000000031b5c       0x38 zephyr/subsys/bluetooth/host/libsubsys__bluetooth__host.a(gatt.c.obj)
 .text.convert_to_id_on_match
                0x0000000000031b94       0x34 zephyr/subsys/bluetooth/host/libsubsys__bluetooth__host.a(gatt.c.obj)
 .text.ccc_load
                0x0000000000031bc8       0x8c zephyr/subsys/bluetooth/host/libsubsys__bluetooth__host.a(gatt.c.obj)
 .text.remove_peer_from_attr
                0x0000000000031c54       0x28 zephyr/subsys/bluetooth/host/libsubsys__bluetooth__host.a(gatt.c.obj)
 .text.sc_commit
                0x0000000000031c7c       0x30 zephyr/subsys/bluetooth/host/libsubsys__bluetooth__host.a(gatt.c.obj)
 .text.read_ppcp
                0x0000000000031cac       0x38 zephyr/subsys/bluetooth/host/libsubsys__bluetooth__host.a(gatt.c.obj)
 .text.sc_indicate_rsp
                0x0000000000031ce4       0x48 zephyr/subsys/bluetooth/host/libsubsys__bluetooth__host.a(gatt.c.obj)
 .text.bt_gatt_clear_sc
                0x0000000000031d2c       0x4c zephyr/subsys/bluetooth/host/libsubsys__bluetooth__host.a(gatt.c.obj)
 .text.disconnected_cb
                0x0000000000031d78       0x9c zephyr/subsys/bluetooth/host/libsubsys__bluetooth__host.a(gatt.c.obj)
 .text.gatt_write_ccc
                0x0000000000031e14       0x24 zephyr/subsys/bluetooth/host/libsubsys__bluetooth__host.a(gatt.c.obj)
 .text.bt_gatt_init
                0x0000000000031e38       0xd4 zephyr/subsys/bluetooth/host/libsubsys__bluetooth__host.a(gatt.c.obj)
                0x0000000000031e38                bt_gatt_init
 .text.bt_gatt_attr_get_handle
                0x0000000000031f0c       0x60 zephyr/subsys/bluetooth/host/libsubsys__bluetooth__host.a(gatt.c.obj)
                0x0000000000031f0c                bt_gatt_attr_get_handle
 .text.bt_gatt_foreach_attr_type
                0x0000000000031f6c       0xac zephyr/subsys/bluetooth/host/libsubsys__bluetooth__host.a(gatt.c.obj)
                0x0000000000031f6c                bt_gatt_foreach_attr_type
 .text.db_hash_gen
                0x0000000000032018       0x74 zephyr/subsys/bluetooth/host/libsubsys__bluetooth__host.a(gatt.c.obj)
 .text.db_hash_process
                0x000000000003208c       0xc0 zephyr/subsys/bluetooth/host/libsubsys__bluetooth__host.a(gatt.c.obj)
 .text.ccc_set_direct
                0x000000000003214c       0x9c zephyr/subsys/bluetooth/host/libsubsys__bluetooth__host.a(gatt.c.obj)
 .text.gatt_indicate
                0x00000000000321e8       0x98 zephyr/subsys/bluetooth/host/libsubsys__bluetooth__host.a(gatt.c.obj)
 .text.bt_gatt_indicate
                0x0000000000032280       0xf4 zephyr/subsys/bluetooth/host/libsubsys__bluetooth__host.a(gatt.c.obj)
                0x0000000000032280                bt_gatt_indicate
 .text.sc_process
                0x0000000000032374       0x5c zephyr/subsys/bluetooth/host/libsubsys__bluetooth__host.a(gatt.c.obj)
 .text.bt_gatt_notify_cb
                0x00000000000323d0       0xec zephyr/subsys/bluetooth/host/libsubsys__bluetooth__host.a(gatt.c.obj)
                0x00000000000323d0                bt_gatt_notify_cb
 .text.notify_cb
                0x00000000000324bc      0x108 zephyr/subsys/bluetooth/host/libsubsys__bluetooth__host.a(gatt.c.obj)
 .text.update_ccc
                0x00000000000325c4       0xe0 zephyr/subsys/bluetooth/host/libsubsys__bluetooth__host.a(gatt.c.obj)
 .text.bt_gatt_discover
                0x00000000000326a4      0x16c zephyr/subsys/bluetooth/host/libsubsys__bluetooth__host.a(gatt.c.obj)
                0x00000000000326a4                bt_gatt_discover
 .text.gatt_read_type_rsp
                0x0000000000032810      0x2a4 zephyr/subsys/bluetooth/host/libsubsys__bluetooth__host.a(gatt.c.obj)
 .text.bt_gatt_subscribe
                0x0000000000032ab4      0x100 zephyr/subsys/bluetooth/host/libsubsys__bluetooth__host.a(gatt.c.obj)
                0x0000000000032ab4                bt_gatt_subscribe
 .text.bt_gatt_connected
                0x0000000000032bb4       0xb0 zephyr/subsys/bluetooth/host/libsubsys__bluetooth__host.a(gatt.c.obj)
                0x0000000000032bb4                bt_gatt_connected
 .text.bt_gatt_att_max_mtu_changed
                0x0000000000032c64       0x28 zephyr/subsys/bluetooth/host/libsubsys__bluetooth__host.a(gatt.c.obj)
                0x0000000000032c64                bt_gatt_att_max_mtu_changed
 .text.bt_gatt_encrypt_change
                0x0000000000032c8c       0x20 zephyr/subsys/bluetooth/host/libsubsys__bluetooth__host.a(gatt.c.obj)
                0x0000000000032c8c                bt_gatt_encrypt_change
 .text.db_hash_read
                0x0000000000032cac       0x60 zephyr/subsys/bluetooth/host/libsubsys__bluetooth__host.a(gatt.c.obj)
 .text.bt_gatt_store_ccc
                0x0000000000032d0c       0x60 zephyr/subsys/bluetooth/host/libsubsys__bluetooth__host.a(gatt.c.obj)
                0x0000000000032d0c                bt_gatt_store_ccc
 .text.bt_gatt_identity_resolved
                0x0000000000032d6c       0x30 zephyr/subsys/bluetooth/host/libsubsys__bluetooth__host.a(gatt.c.obj)
 .text.bt_gatt_clear
                0x0000000000032d9c      0x104 zephyr/subsys/bluetooth/host/libsubsys__bluetooth__host.a(gatt.c.obj)
                0x0000000000032d9c                bt_gatt_clear
 .text.bt_gatt_disconnected
                0x0000000000032ea0      0x134 zephyr/subsys/bluetooth/host/libsubsys__bluetooth__host.a(gatt.c.obj)
                0x0000000000032ea0                bt_gatt_disconnected
 .text.get_io_capa
                0x0000000000032fd4       0x4c zephyr/subsys/bluetooth/host/libsubsys__bluetooth__host.a(smp.c.obj)
 .text.get_pair_method
                0x0000000000033020       0x44 zephyr/subsys/bluetooth/host/libsubsys__bluetooth__host.a(smp.c.obj)
 .text.smp_find
                0x0000000000033064       0x28 zephyr/subsys/bluetooth/host/libsubsys__bluetooth__host.a(smp.c.obj)
 .text.smp_g2   0x000000000003308c       0x68 zephyr/subsys/bluetooth/host/libsubsys__bluetooth__host.a(smp.c.obj)
 .text.display_passkey
                0x00000000000330f4       0x58 zephyr/subsys/bluetooth/host/libsubsys__bluetooth__host.a(smp.c.obj)
 .text.smp_dhkey_generate
                0x000000000003314c       0x2c zephyr/subsys/bluetooth/host/libsubsys__bluetooth__host.a(smp.c.obj)
 .text.get_auth.isra.1
                0x0000000000033178       0x3c zephyr/subsys/bluetooth/host/libsubsys__bluetooth__host.a(smp.c.obj)
 .text.sec_level_reachable.isra.2
                0x00000000000331b4       0x58 zephyr/subsys/bluetooth/host/libsubsys__bluetooth__host.a(smp.c.obj)
 .text.bt_smp_accept
                0x000000000003320c       0x3c zephyr/subsys/bluetooth/host/libsubsys__bluetooth__host.a(smp.c.obj)
 .text.smp_init
                0x0000000000033248       0x38 zephyr/subsys/bluetooth/host/libsubsys__bluetooth__host.a(smp.c.obj)
 .text.smp_f5   0x0000000000033280       0xc8 zephyr/subsys/bluetooth/host/libsubsys__bluetooth__host.a(smp.c.obj)
 .text.sc_smp_check_confirm
                0x0000000000033348       0x68 zephyr/subsys/bluetooth/host/libsubsys__bluetooth__host.a(smp.c.obj)
 .text.smp_send_pairing_req
                0x00000000000333b0      0x10c zephyr/subsys/bluetooth/host/libsubsys__bluetooth__host.a(smp.c.obj)
 .text.smp_security_request
                0x00000000000334bc       0xc4 zephyr/subsys/bluetooth/host/libsubsys__bluetooth__host.a(smp.c.obj)
 .text.sc_send_public_key
                0x0000000000033580       0x44 zephyr/subsys/bluetooth/host/libsubsys__bluetooth__host.a(smp.c.obj)
 .text.smp_send_pairing_confirm
                0x00000000000335c4       0x7c zephyr/subsys/bluetooth/host/libsubsys__bluetooth__host.a(smp.c.obj)
 .text.smp_pairing_random
                0x0000000000033640      0x1bc zephyr/subsys/bluetooth/host/libsubsys__bluetooth__host.a(smp.c.obj)
 .text.smp_public_key_periph
                0x00000000000337fc       0xbc zephyr/subsys/bluetooth/host/libsubsys__bluetooth__host.a(smp.c.obj)
 .text.smp_public_key
                0x00000000000338b8      0x15c zephyr/subsys/bluetooth/host/libsubsys__bluetooth__host.a(smp.c.obj)
 .text.bt_smp_connected
                0x0000000000033a14       0x1c zephyr/subsys/bluetooth/host/libsubsys__bluetooth__host.a(smp.c.obj)
 .text.smp_pairing_accept_query
                0x0000000000033a30       0x58 zephyr/subsys/bluetooth/host/libsubsys__bluetooth__host.a(smp.c.obj)
 .text.smp_pairing_rsp
                0x0000000000033a88      0x12c zephyr/subsys/bluetooth/host/libsubsys__bluetooth__host.a(smp.c.obj)
 .text.smp_pairing_req
                0x0000000000033bb4      0x190 zephyr/subsys/bluetooth/host/libsubsys__bluetooth__host.a(smp.c.obj)
 .text.smp_pairing_complete
                0x0000000000033d44       0xc0 zephyr/subsys/bluetooth/host/libsubsys__bluetooth__host.a(smp.c.obj)
 .text.bt_smp_recv
                0x0000000000033e04       0x78 zephyr/subsys/bluetooth/host/libsubsys__bluetooth__host.a(smp.c.obj)
 .text.bt_smp_pkey_ready
                0x0000000000033e7c       0x68 zephyr/subsys/bluetooth/host/libsubsys__bluetooth__host.a(smp.c.obj)
 .text.smp_pairing_failed
                0x0000000000033ee4       0x48 zephyr/subsys/bluetooth/host/libsubsys__bluetooth__host.a(smp.c.obj)
 .text.bt_smp_encrypt_change
                0x0000000000033f2c       0xf8 zephyr/subsys/bluetooth/host/libsubsys__bluetooth__host.a(smp.c.obj)
 .text.bt_smp_init
                0x0000000000034024       0x38 zephyr/subsys/bluetooth/host/libsubsys__bluetooth__host.a(smp.c.obj)
                0x0000000000034024                bt_smp_init
 .text.bt_keys_get_addr
                0x000000000003405c       0x80 zephyr/subsys/bluetooth/host/libsubsys__bluetooth__host.a(keys.c.obj)
                0x000000000003405c                bt_keys_get_addr
 .text.bt_foreach_bond
                0x00000000000340dc       0x3c zephyr/subsys/bluetooth/host/libsubsys__bluetooth__host.a(keys.c.obj)
                0x00000000000340dc                bt_foreach_bond
 .text.bt_keys_foreach
                0x0000000000034118       0x2c zephyr/subsys/bluetooth/host/libsubsys__bluetooth__host.a(keys.c.obj)
                0x0000000000034118                bt_keys_foreach
 .text.keys_commit
                0x0000000000034144       0x14 zephyr/subsys/bluetooth/host/libsubsys__bluetooth__host.a(keys.c.obj)
 .text.bt_keys_find
                0x0000000000034158       0x48 zephyr/subsys/bluetooth/host/libsubsys__bluetooth__host.a(keys.c.obj)
                0x0000000000034158                bt_keys_find
 .text.bt_keys_find_irk
                0x00000000000341a0       0xa4 zephyr/subsys/bluetooth/host/libsubsys__bluetooth__host.a(keys.c.obj)
                0x00000000000341a0                bt_keys_find_irk
 .text.bt_keys_find_addr
                0x0000000000034244       0x40 zephyr/subsys/bluetooth/host/libsubsys__bluetooth__host.a(keys.c.obj)
                0x0000000000034244                bt_keys_find_addr
 .text.bt_keys_clear
                0x0000000000034284       0x4c zephyr/subsys/bluetooth/host/libsubsys__bluetooth__host.a(keys.c.obj)
                0x0000000000034284                bt_keys_clear
 .text.bt_keys_store
                0x00000000000342d0       0x40 zephyr/subsys/bluetooth/host/libsubsys__bluetooth__host.a(keys.c.obj)
                0x00000000000342d0                bt_keys_store
 .text.mem_init
                0x0000000000034310       0x5c zephyr/subsys/bluetooth/controller/libsubsys__bluetooth__controller.a(mem.c.obj)
                0x0000000000034310                mem_init
 .text.mem_acquire
                0x000000000003436c       0x34 zephyr/subsys/bluetooth/controller/libsubsys__bluetooth__controller.a(mem.c.obj)
                0x000000000003436c                mem_acquire
 .text.mem_release
                0x00000000000343a0       0x30 zephyr/subsys/bluetooth/controller/libsubsys__bluetooth__controller.a(mem.c.obj)
                0x00000000000343a0                mem_release
 .text.mem_get  0x00000000000343d0        0x8 zephyr/subsys/bluetooth/controller/libsubsys__bluetooth__controller.a(mem.c.obj)
                0x00000000000343d0                mem_get
 .text.mem_index_get
                0x00000000000343d8        0xc zephyr/subsys/bluetooth/controller/libsubsys__bluetooth__controller.a(mem.c.obj)
                0x00000000000343d8                mem_index_get
 .text.mem_rcopy
                0x00000000000343e4       0x1c zephyr/subsys/bluetooth/controller/libsubsys__bluetooth__controller.a(mem.c.obj)
                0x00000000000343e4                mem_rcopy
 .text.mem_nz   0x0000000000034400       0x18 zephyr/subsys/bluetooth/controller/libsubsys__bluetooth__controller.a(mem.c.obj)
                0x0000000000034400                mem_nz
 .text.memq_init
                0x0000000000034418        0x8 zephyr/subsys/bluetooth/controller/libsubsys__bluetooth__controller.a(memq.c.obj)
                0x0000000000034418                memq_init
 .text.memq_deinit
                0x0000000000034420       0x14 zephyr/subsys/bluetooth/controller/libsubsys__bluetooth__controller.a(memq.c.obj)
                0x0000000000034420                memq_deinit
 .text.memq_enqueue
                0x0000000000034434       0x10 zephyr/subsys/bluetooth/controller/libsubsys__bluetooth__controller.a(memq.c.obj)
                0x0000000000034434                memq_enqueue
 .text.memq_peek
                0x0000000000034444       0x10 zephyr/subsys/bluetooth/controller/libsubsys__bluetooth__controller.a(memq.c.obj)
                0x0000000000034444                memq_peek
 .text.memq_dequeue
                0x0000000000034454       0x20 zephyr/subsys/bluetooth/controller/libsubsys__bluetooth__controller.a(memq.c.obj)
                0x0000000000034454                memq_dequeue
 .text.mayfly_init
                0x0000000000034474       0x40 zephyr/subsys/bluetooth/controller/libsubsys__bluetooth__controller.a(mayfly.c.obj)
                0x0000000000034474                mayfly_init
 .text.mayfly_enable
                0x00000000000344b4       0x68 zephyr/subsys/bluetooth/controller/libsubsys__bluetooth__controller.a(mayfly.c.obj)
                0x00000000000344b4                mayfly_enable
 .text.mayfly_enqueue
                0x000000000003451c       0xa4 zephyr/subsys/bluetooth/controller/libsubsys__bluetooth__controller.a(mayfly.c.obj)
                0x000000000003451c                mayfly_enqueue
 .text.mayfly_run
                0x00000000000345c0      0x13c zephyr/subsys/bluetooth/controller/libsubsys__bluetooth__controller.a(mayfly.c.obj)
                0x00000000000345c0                mayfly_run
 .text.util_ones_count_get
                0x00000000000346fc       0x2c zephyr/subsys/bluetooth/controller/libsubsys__bluetooth__controller.a(util.c.obj)
                0x00000000000346fc                util_ones_count_get
 .text.util_aa_le32
                0x0000000000034728      0x140 zephyr/subsys/bluetooth/controller/libsubsys__bluetooth__controller.a(util.c.obj)
                0x0000000000034728                util_aa_le32
 .text.ticker_dequeue.isra.2
                0x0000000000034868       0x6c zephyr/subsys/bluetooth/controller/libsubsys__bluetooth__controller.a(ticker.c.obj)
 .text.ticker_worker
                0x00000000000348d4      0x318 zephyr/subsys/bluetooth/controller/libsubsys__bluetooth__controller.a(ticker.c.obj)
                0x00000000000348d4                ticker_worker
 .text.ticker_job
                0x0000000000034bec      0xdfc zephyr/subsys/bluetooth/controller/libsubsys__bluetooth__controller.a(ticker.c.obj)
                0x0000000000034bec                ticker_job
 .text.ticker_init
                0x00000000000359e8       0xa0 zephyr/subsys/bluetooth/controller/libsubsys__bluetooth__controller.a(ticker.c.obj)
                0x00000000000359e8                ticker_init
 .text.ticker_is_initialized
                0x0000000000035a88       0x18 zephyr/subsys/bluetooth/controller/libsubsys__bluetooth__controller.a(ticker.c.obj)
                0x0000000000035a88                ticker_is_initialized
 .text.ticker_trigger
                0x0000000000035aa0       0x30 zephyr/subsys/bluetooth/controller/libsubsys__bluetooth__controller.a(ticker.c.obj)
                0x0000000000035aa0                ticker_trigger
 .text.ticker_start_ext
                0x0000000000035ad0       0xb4 zephyr/subsys/bluetooth/controller/libsubsys__bluetooth__controller.a(ticker.c.obj)
                0x0000000000035ad0                ticker_start_ext
 .text.ticker_start
                0x0000000000035b84       0x38 zephyr/subsys/bluetooth/controller/libsubsys__bluetooth__controller.a(ticker.c.obj)
                0x0000000000035b84                ticker_start
 .text.ticker_update_ext
                0x0000000000035bbc       0xac zephyr/subsys/bluetooth/controller/libsubsys__bluetooth__controller.a(ticker.c.obj)
                0x0000000000035bbc                ticker_update_ext
 .text.ticker_update
                0x0000000000035c68       0x30 zephyr/subsys/bluetooth/controller/libsubsys__bluetooth__controller.a(ticker.c.obj)
                0x0000000000035c68                ticker_update
 .text.ticker_stop
                0x0000000000035c98       0x90 zephyr/subsys/bluetooth/controller/libsubsys__bluetooth__controller.a(ticker.c.obj)
                0x0000000000035c98                ticker_stop
 .text.ticker_next_slot_get
                0x0000000000035d28       0x90 zephyr/subsys/bluetooth/controller/libsubsys__bluetooth__controller.a(ticker.c.obj)
                0x0000000000035d28                ticker_next_slot_get
 .text.ticker_job_sched
                0x0000000000035db8       0x30 zephyr/subsys/bluetooth/controller/libsubsys__bluetooth__controller.a(ticker.c.obj)
                0x0000000000035db8                ticker_job_sched
 .text.ticker_ticks_now_get
                0x0000000000035de8        0x4 zephyr/subsys/bluetooth/controller/libsubsys__bluetooth__controller.a(ticker.c.obj)
                0x0000000000035de8                ticker_ticks_now_get
 .text.ticker_ticks_diff_get
                0x0000000000035dec        0x8 zephyr/subsys/bluetooth/controller/libsubsys__bluetooth__controller.a(ticker.c.obj)
                0x0000000000035dec                ticker_ticks_diff_get
 .text.ll_addr_set
                0x0000000000035df4       0x40 zephyr/subsys/bluetooth/controller/libsubsys__bluetooth__controller.a(ll_addr.c.obj)
                0x0000000000035df4                ll_addr_set
 .text.ll_addr_get
                0x0000000000035e34       0x20 zephyr/subsys/bluetooth/controller/libsubsys__bluetooth__controller.a(ll_addr.c.obj)
                0x0000000000035e34                ll_addr_get
 .text.ll_addr_read
                0x0000000000035e54       0x30 zephyr/subsys/bluetooth/controller/libsubsys__bluetooth__controller.a(ll_addr.c.obj)
                0x0000000000035e54                ll_addr_read
 .text.ll_tx_pwr_lvl_get
                0x0000000000035e84       0x20 zephyr/subsys/bluetooth/controller/libsubsys__bluetooth__controller.a(ll_tx_pwr.c.obj)
                0x0000000000035e84                ll_tx_pwr_lvl_get
 .text.ll_tx_pwr_get
                0x0000000000035ea4        0x8 zephyr/subsys/bluetooth/controller/libsubsys__bluetooth__controller.a(ll_tx_pwr.c.obj)
                0x0000000000035ea4                ll_tx_pwr_get
 .text.hci_driver_init
                0x0000000000035eac       0x10 zephyr/subsys/bluetooth/controller/libsubsys__bluetooth__controller.a(hci_driver.c.obj)
 .text.hci_driver_send
                0x0000000000035ebc       0x6c zephyr/subsys/bluetooth/controller/libsubsys__bluetooth__controller.a(hci_driver.c.obj)
 .text.recv_thread
                0x0000000000035f28      0x100 zephyr/subsys/bluetooth/controller/libsubsys__bluetooth__controller.a(hci_driver.c.obj)
 .text.prio_recv_thread
                0x0000000000036028       0xc4 zephyr/subsys/bluetooth/controller/libsubsys__bluetooth__controller.a(hci_driver.c.obj)
 .text.hci_driver_open
                0x00000000000360ec       0x90 zephyr/subsys/bluetooth/controller/libsubsys__bluetooth__controller.a(hci_driver.c.obj)
 .text.cmd_complete_status
                0x000000000003617c       0x24 zephyr/subsys/bluetooth/controller/libsubsys__bluetooth__controller.a(hci.c.obj)
 .text.meta_evt
                0x00000000000361a0       0x30 zephyr/subsys/bluetooth/controller/libsubsys__bluetooth__controller.a(hci.c.obj)
 .text.encrypt_change.part.6
                0x00000000000361d0       0x34 zephyr/subsys/bluetooth/controller/libsubsys__bluetooth__controller.a(hci.c.obj)
 .text.le_remote_feat_complete
                0x0000000000036204       0x60 zephyr/subsys/bluetooth/controller/libsubsys__bluetooth__controller.a(hci.c.obj)
 .text.dup_found.isra.13
                0x0000000000036264       0xc4 zephyr/subsys/bluetooth/controller/libsubsys__bluetooth__controller.a(hci.c.obj)
 .text.hci_disconn_complete_encode.part.37
                0x0000000000036328       0x30 zephyr/subsys/bluetooth/controller/libsubsys__bluetooth__controller.a(hci.c.obj)
 .text.hci_cmd_complete
                0x0000000000036358       0x20 zephyr/subsys/bluetooth/controller/libsubsys__bluetooth__controller.a(hci.c.obj)
                0x0000000000036358                hci_cmd_complete
 .text.hci_vendor_cmd_handle_common
                0x0000000000036378      0x124 zephyr/subsys/bluetooth/controller/libsubsys__bluetooth__controller.a(hci.c.obj)
                0x0000000000036378                hci_vendor_cmd_handle_common
 .text.hci_cmd_handle
                0x000000000003649c      0x950 zephyr/subsys/bluetooth/controller/libsubsys__bluetooth__controller.a(hci.c.obj)
                0x000000000003649c                hci_cmd_handle
 .text.hci_acl_handle
                0x0000000000036dec       0xd4 zephyr/subsys/bluetooth/controller/libsubsys__bluetooth__controller.a(hci.c.obj)
                0x0000000000036dec                hci_acl_handle
 .text.hci_disconn_complete_encode
                0x0000000000036ec0       0x20 zephyr/subsys/bluetooth/controller/libsubsys__bluetooth__controller.a(hci.c.obj)
                0x0000000000036ec0                hci_disconn_complete_encode
 .text.hci_disconn_complete_process
                0x0000000000036ee0       0x10 zephyr/subsys/bluetooth/controller/libsubsys__bluetooth__controller.a(hci.c.obj)
                0x0000000000036ee0                hci_disconn_complete_process
 .text.hci_acl_encode
                0x0000000000036ef0       0x74 zephyr/subsys/bluetooth/controller/libsubsys__bluetooth__controller.a(hci.c.obj)
                0x0000000000036ef0                hci_acl_encode
 .text.hci_evt_encode
                0x0000000000036f64      0x6a8 zephyr/subsys/bluetooth/controller/libsubsys__bluetooth__controller.a(hci.c.obj)
                0x0000000000036f64                hci_evt_encode
 .text.hci_num_cmplt_encode
                0x000000000003760c       0x30 zephyr/subsys/bluetooth/controller/libsubsys__bluetooth__controller.a(hci.c.obj)
                0x000000000003760c                hci_num_cmplt_encode
 .text.hci_get_class
                0x000000000003763c       0x48 zephyr/subsys/bluetooth/controller/libsubsys__bluetooth__controller.a(hci.c.obj)
                0x000000000003763c                hci_get_class
 .text.hci_init
                0x0000000000037684       0x4c zephyr/subsys/bluetooth/controller/libsubsys__bluetooth__controller.a(hci.c.obj)
                0x0000000000037684                hci_init
 .text.bt_rand  0x00000000000376d0        0x4 zephyr/subsys/bluetooth/controller/libsubsys__bluetooth__controller.a(crypto.c.obj)
                0x00000000000376d0                bt_rand
 .text.bt_encrypt_le
                0x00000000000376d4        0xc zephyr/subsys/bluetooth/controller/libsubsys__bluetooth__controller.a(crypto.c.obj)
                0x00000000000376d4                bt_encrypt_le
 .text.ll_feat_get
                0x00000000000376e0        0xc zephyr/subsys/bluetooth/controller/libsubsys__bluetooth__controller.a(ll_feat.c.obj)
                0x00000000000376e0                ll_feat_get
 .text.perform_lll_reset
                0x00000000000376ec       0xc0 zephyr/subsys/bluetooth/controller/libsubsys__bluetooth__controller.a(ull.c.obj)
 .text.ull_ticker_status_give
                0x00000000000377ac        0xc zephyr/subsys/bluetooth/controller/libsubsys__bluetooth__controller.a(ull.c.obj)
                0x00000000000377ac                ull_ticker_status_give
 .text.disabled_cb
                0x00000000000377b8        0x4 zephyr/subsys/bluetooth/controller/libsubsys__bluetooth__controller.a(ull.c.obj)
 .text.tx_cmplt_get
                0x00000000000377bc       0xcc zephyr/subsys/bluetooth/controller/libsubsys__bluetooth__controller.a(ull.c.obj)
 .text.ull_done
                0x0000000000037888      0x118 zephyr/subsys/bluetooth/controller/libsubsys__bluetooth__controller.a(ull.c.obj)
 .text.rx_demux
                0x00000000000379a0      0x1dc zephyr/subsys/bluetooth/controller/libsubsys__bluetooth__controller.a(ull.c.obj)
 .text.ll_rx_get
                0x0000000000037b7c      0x1c0 zephyr/subsys/bluetooth/controller/libsubsys__bluetooth__controller.a(ull.c.obj)
                0x0000000000037b7c                ll_rx_get
 .text.ll_rx_dequeue
                0x0000000000037d3c      0x18c zephyr/subsys/bluetooth/controller/libsubsys__bluetooth__controller.a(ull.c.obj)
                0x0000000000037d3c                ll_rx_dequeue
 .text.ll_rx_mem_release
                0x0000000000037ec8      0x264 zephyr/subsys/bluetooth/controller/libsubsys__bluetooth__controller.a(ull.c.obj)
                0x0000000000037ec8                ll_rx_mem_release
 .text.ll_rx_link_alloc
                0x000000000003812c        0xc zephyr/subsys/bluetooth/controller/libsubsys__bluetooth__controller.a(ull.c.obj)
                0x000000000003812c                ll_rx_link_alloc
 .text.ll_rx_link_release
                0x0000000000038138        0xc zephyr/subsys/bluetooth/controller/libsubsys__bluetooth__controller.a(ull.c.obj)
                0x0000000000038138                ll_rx_link_release
 .text.ll_rx_alloc
                0x0000000000038144        0xc zephyr/subsys/bluetooth/controller/libsubsys__bluetooth__controller.a(ull.c.obj)
                0x0000000000038144                ll_rx_alloc
 .text.ll_rx_release
                0x0000000000038150        0xc zephyr/subsys/bluetooth/controller/libsubsys__bluetooth__controller.a(ull.c.obj)