Archive member included to satisfy reference by file (symbol)

app/libapp.a(stdlib.c.obj)    (--whole-archive)
app/libapp.a(activity.c.obj)  (--whole-archive)
app/libapp.a(kscan.c.obj)     (--whole-archive)
app/libapp.a(matrix_transform.c.obj)
                              (--whole-archive)
app/libapp.a(hid.c.obj)       (--whole-archive)
app/libapp.a(sensors.c.obj)   (--whole-archive)
app/libapp.a(event_manager.c.obj)
                              (--whole-archive)
app/libapp.a(ext_power_generic.c.obj)
                              (--whole-archive)
app/libapp.a(activity_state_changed.c.obj)
                              (--whole-archive)
app/libapp.a(position_state_changed.c.obj)
                              (--whole-archive)
app/libapp.a(layer_state_changed.c.obj)
                              (--whole-archive)
app/libapp.a(keycode_state_changed.c.obj)
                              (--whole-archive)
app/libapp.a(modifiers_state_changed.c.obj)
                              (--whole-archive)
app/libapp.a(endpoint_selection_changed.c.obj)
                              (--whole-archive)
app/libapp.a(sensor_event.c.obj)
                              (--whole-archive)
app/libapp.a(ble_active_profile_changed.c.obj)
                              (--whole-archive)
app/libapp.a(battery_state_changed.c.obj)
                              (--whole-archive)
app/libapp.a(usb_conn_state_changed.c.obj)
                              (--whole-archive)
app/libapp.a(behavior_reset.c.obj)
                              (--whole-archive)
app/libapp.a(behavior_ext_power.c.obj)
                              (--whole-archive)
app/libapp.a(behavior_key_press.c.obj)
                              (--whole-archive)
app/libapp.a(behavior_hold_tap.c.obj)
                              (--whole-archive)
app/libapp.a(behavior_sticky_key.c.obj)
                              (--whole-archive)
app/libapp.a(behavior_caps_word.c.obj)
                              (--whole-archive)
app/libapp.a(behavior_key_repeat.c.obj)
                              (--whole-archive)
app/libapp.a(behavior_macro.c.obj)
                              (--whole-archive)
app/libapp.a(behavior_momentary_layer.c.obj)
                              (--whole-archive)
app/libapp.a(behavior_mod_morph.c.obj)
                              (--whole-archive)
app/libapp.a(behavior_outputs.c.obj)
                              (--whole-archive)
app/libapp.a(behavior_tap_dance.c.obj)
                              (--whole-archive)
app/libapp.a(behavior_toggle_layer.c.obj)
                              (--whole-archive)
app/libapp.a(behavior_to_layer.c.obj)
                              (--whole-archive)
app/libapp.a(behavior_transparent.c.obj)
                              (--whole-archive)
app/libapp.a(behavior_none.c.obj)
                              (--whole-archive)
app/libapp.a(behavior_sensor_rotate_key_press.c.obj)
                              (--whole-archive)
app/libapp.a(combo.c.obj)     (--whole-archive)
app/libapp.a(behavior_queue.c.obj)
                              (--whole-archive)
app/libapp.a(conditional_layer.c.obj)
                              (--whole-archive)
app/libapp.a(keymap.c.obj)    (--whole-archive)
app/libapp.a(behavior_bt.c.obj)
                              (--whole-archive)
app/libapp.a(ble.c.obj)       (--whole-archive)
app/libapp.a(battery.c.obj)   (--whole-archive)
app/libapp.a(central.c.obj)   (--whole-archive)
app/libapp.a(usb.c.obj)       (--whole-archive)
app/libapp.a(hog.c.obj)       (--whole-archive)
app/libapp.a(endpoints.c.obj)
                              (--whole-archive)
app/libapp.a(hid_listener.c.obj)
                              (--whole-archive)
app/libapp.a(main.c.obj)      (--whole-archive)
zephyr/libzephyr.a(cbprintf.c.obj)
                              (--whole-archive)
zephyr/libzephyr.a(cbprintf_packaged.c.obj)
                              (--whole-archive)
zephyr/libzephyr.a(crc32c_sw.c.obj)
                              (--whole-archive)
zephyr/libzephyr.a(crc32_sw.c.obj)
                              (--whole-archive)
zephyr/libzephyr.a(crc16_sw.c.obj)
                              (--whole-archive)
zephyr/libzephyr.a(crc8_sw.c.obj)
                              (--whole-archive)
zephyr/libzephyr.a(crc7_sw.c.obj)
                              (--whole-archive)
zephyr/libzephyr.a(dec.c.obj)
                              (--whole-archive)
zephyr/libzephyr.a(fdtable.c.obj)
                              (--whole-archive)
zephyr/libzephyr.a(hex.c.obj)
                              (--whole-archive)
zephyr/libzephyr.a(notify.c.obj)
                              (--whole-archive)
zephyr/libzephyr.a(printk.c.obj)
                              (--whole-archive)
zephyr/libzephyr.a(onoff.c.obj)
                              (--whole-archive)
zephyr/libzephyr.a(rb.c.obj)  (--whole-archive)
zephyr/libzephyr.a(sem.c.obj)
                              (--whole-archive)
zephyr/libzephyr.a(thread_entry.c.obj)
[...]
Memory Configuration

Name             Origin             Length             Attributes
FLASH            0x0000000000026000 0x00000000000c6000 xr
SRAM             0x0000000020000000 0x0000000000040000 xw
IDT_LIST         0x00000000fffff7ff 0x0000000000000800 xw
*default*        0x0000000000000000 0xffffffffffffffff

Linker script and memory map

LOAD zephyr/CMakeFiles/zephyr_pre0.dir/misc/empty_file.c.obj
LOAD zephyr/CMakeFiles/offsets.dir/./arch/arm/core/offsets/offsets.c.obj
                0x0000000000000020                _region_min_align = 0x20

.rel.plt        0x0000000000026000        0x0
 *(SORT_BY_ALIGNMENT(.rel.plt))
                [!provide]                        PROVIDE (__rel_iplt_start = .)
 *(SORT_BY_ALIGNMENT(.rel.iplt))
 .rel.iplt      0x0000000000026000        0x0 zephyr/CMakeFiles/offsets.dir/./arch/arm/core/offsets/offsets.c.obj
                [!provide]                        PROVIDE (__rel_iplt_end = .)

.rela.plt       0x0000000000000000        0x0
 *(SORT_BY_ALIGNMENT(.rela.plt))
                [!provide]                        PROVIDE (__rela_iplt_start = .)
 *(SORT_BY_ALIGNMENT(.rela.iplt))
                [!provide]                        PROVIDE (__rela_iplt_end = .)

.rel.dyn
 *(SORT_BY_ALIGNMENT(.rel.*))

.rela.dyn
 *(SORT_BY_ALIGNMENT(.rela.*))

/DISCARD/
 *(SORT_BY_ALIGNMENT(.plt))
 *(SORT_BY_ALIGNMENT(.iplt))
 *(SORT_BY_ALIGNMENT(.got.plt))
 *(SORT_BY_ALIGNMENT(.igot.plt))
 *(SORT_BY_ALIGNMENT(.got))
 *(SORT_BY_ALIGNMENT(.igot))
 *(SORT_BY_ALIGNMENT(.note.GNU-stack))
                0x0000000000026000                __rom_region_start = 0x26000

rom_start       0x0000000000026000      0x100
                0x0000000000000000                . = 0x0
                0x0000000000000000                . = ALIGN (0x4)
                0x0000000000000000                . = ALIGN (0x80)
                0x0000000000000000                . = ALIGN (0x100)
                0x0000000000026000                _vector_start = .
 *(SORT_BY_ALIGNMENT(.exc_vector_table))
 *(SORT_BY_ALIGNMENT(.exc_vector_table.*))
 .exc_vector_table._vector_table_section
                0x0000000000026000       0x40 zephyr/arch/arch/arm/core/aarch32/cortex_m/libarch__arm__core__aarch32__cortex_m.a(vector_table.S.obj)
                0x0000000000026000                _vector_table
 *(SORT_BY_ALIGNMENT(.gnu.linkonce.irq_vector_table*))
 .gnu.linkonce.irq_vector_table
                0x0000000000026040       0xc0 zephyr/arch/common/libisr_tables.a(isr_tables.c.obj)
                0x0000000000026040                _irq_vector_table
 *(SORT_BY_ALIGNMENT(.vectors))
                0x0000000000026100                _vector_end = .

text            0x0000000000026100    0x2b748
                0x0000000000026100                __text_region_start = .
 *(SORT_BY_ALIGNMENT(.text))
 .text          0x0000000000026100       0x30 /Users/vallyashov/Documents/gcc-arm-none-eabi-8-2019-q3-update/bin/../lib/gcc/arm-none-eabi/8.3.1/thumb/v7e-m/nofp/libgcc.a(_aeabi_uldivmod.o)
                0x0000000000026100                __aeabi_uldivmod
 .text          0x0000000000026130      0x2d0 /Users/vallyashov/Documents/gcc-arm-none-eabi-8-2019-q3-update/bin/../lib/gcc/arm-none-eabi/8.3.1/thumb/v7e-m/nofp/libgcc.a(_udivmoddi4.o)
                0x0000000000026130                __udivmoddi4
 .text          0x0000000000026400        0x4 /Users/vallyashov/Documents/gcc-arm-none-eabi-8-2019-q3-update/bin/../lib/gcc/arm-none-eabi/8.3.1/thumb/v7e-m/nofp/libgcc.a(_dvmd_tls.o)
                0x0000000000026400                __aeabi_ldiv0
                0x0000000000026400                __aeabi_idiv0
 *(SORT_BY_ALIGNMENT(.text.*))
 *fill*         0x0000000000026404        0x4 
 .text.bt_init  0x0000000000026408      0x428 zephyr/subsys/bluetooth/host/libsubsys__bluetooth__host.a(hci_core.c.obj)
 .text.ull_drift_ticks_get
                0x0000000000026830       0x6c zephyr/subsys/bluetooth/controller/libsubsys__bluetooth__controller.a(ull.c.obj)
                0x0000000000026830                ull_drift_ticks_get
 *fill*         0x000000000002689c        0x4 
 .text.ll_adv_enable
                0x00000000000268a0      0x5f4 zephyr/subsys/bluetooth/controller/libsubsys__bluetooth__controller.a(ull_adv.c.obj)
                0x00000000000268a0                ll_adv_enable
 *fill*         0x0000000000026e94        0x4 
 .text.ull_adv_time_update
                0x0000000000026e98       0xb8 zephyr/subsys/bluetooth/controller/libsubsys__bluetooth__controller.a(ull_adv.c.obj)
                0x0000000000026e98                ull_adv_time_update
 .text.ll_scan_params_set
                0x0000000000026f50       0x70 zephyr/subsys/bluetooth/controller/libsubsys__bluetooth__controller.a(ull_scan.c.obj)
                0x0000000000026f50                ll_scan_params_set
 .text.ull_scan_params_set
                0x0000000000026fc0       0x44 zephyr/subsys/bluetooth/controller/libsubsys__bluetooth__controller.a(ull_scan.c.obj)
                0x0000000000026fc0                ull_scan_params_set
 *fill*         0x0000000000027004        0x4 
 .text.ull_scan_enable
                0x0000000000027008      0x180 zephyr/subsys/bluetooth/controller/libsubsys__bluetooth__controller.a(ull_scan.c.obj)
                0x0000000000027008                ull_scan_enable
 .text.event_conn_upd_prep
                0x0000000000027188      0x740 zephyr/subsys/bluetooth/controller/libsubsys__bluetooth__controller.a(ull_conn.c.obj)
 .text.ull_periph_setup
                0x00000000000278c8      0x4b8 zephyr/subsys/bluetooth/controller/libsubsys__bluetooth__controller.a(ull_peripheral.c.obj)
                0x00000000000278c8                ull_periph_setup
 .text.ll_create_connection
                0x0000000000027d80      0x4dc zephyr/subsys/bluetooth/controller/libsubsys__bluetooth__controller.a(ull_central.c.obj)
                0x0000000000027d80                ll_create_connection
 *fill*         0x000000000002825c        0x4 
 .text.ull_central_setup
                0x0000000000028260      0x2a0 zephyr/subsys/bluetooth/controller/libsubsys__bluetooth__controller.a(ull_central.c.obj)
                0x0000000000028260                ull_central_setup
 .text.ull_sched_after_mstr_slot_get
                0x0000000000028500      0x11c zephyr/subsys/bluetooth/controller/libsubsys__bluetooth__controller.a(ull_sched.c.obj)
                0x0000000000028500                ull_sched_after_mstr_slot_get
 *fill*         0x000000000002861c        0x4 
 .text.after_mstr_offset_get
                0x0000000000028620       0x9c zephyr/subsys/bluetooth/controller/libsubsys__bluetooth__controller.a(ull_sched.c.obj)
 *fill*         0x00000000000286bc        0x4 
 .text.ull_sched_mfy_win_offset_select
                0x00000000000286c0      0x13c zephyr/subsys/bluetooth/controller/libsubsys__bluetooth__controller.a(ull_sched.c.obj)
                0x00000000000286c0                ull_sched_mfy_win_offset_select
 *fill*         0x00000000000287fc        0x4 
 .text.isr_window
                0x0000000000028800       0x9c zephyr/subsys/bluetooth/controller/libsubsys__bluetooth__controller.a(lll_scan.c.obj)
 *fill*         0x000000000002889c        0x4 
 .text.isr_rx   0x00000000000288a0      0x460 zephyr/subsys/bluetooth/controller/libsubsys__bluetooth__controller.a(lll_scan.c.obj)
 .text.nrf_flash_sync_exe
                0x0000000000028d00      0x100 zephyr/drivers/flash/libdrivers__flash.a(soc_flash_nrf_ticker.c.obj)
                0x0000000000028d00                nrf_flash_sync_exe
 .text.nrf_flash_sync_check_time_limit
                0x0000000000028e00       0x48 zephyr/drivers/flash/libdrivers__flash.a(soc_flash_nrf_ticker.c.obj)
                0x0000000000028e00                nrf_flash_sync_check_time_limit
 .text.activity_expiry_function
                0x0000000000028e48        0xc app/libapp.a(activity.c.obj)
                0x0000000000028e48                activity_expiry_function
 .text.activity_init
                0x0000000000028e54       0x40 app/libapp.a(activity.c.obj)
                0x0000000000028e54                activity_init
 .text.raise_event
                0x0000000000028e94       0x18 app/libapp.a(activity.c.obj)
                0x0000000000028e94                raise_event
 .text.set_state
                0x0000000000028eac       0x18 app/libapp.a(activity.c.obj)
                0x0000000000028eac                set_state
 .text.activity_event_listener
                0x0000000000028ec4       0x30 app/libapp.a(activity.c.obj)
                0x0000000000028ec4                activity_event_listener
 .text.activity_work_handler
                0x0000000000028ef4       0x70 app/libapp.a(activity.c.obj)
                0x0000000000028ef4                activity_work_handler
 .text.zmk_kscan_process_msgq
                0x0000000000028f64       0x74 app/libapp.a(kscan.c.obj)
                0x0000000000028f64                zmk_kscan_process_msgq
 .text.zmk_kscan_callback
                0x0000000000028fd8       0x2c app/libapp.a(kscan.c.obj)
 .text.zmk_kscan_init
                0x0000000000029004       0x40 app/libapp.a(kscan.c.obj)
                0x0000000000029004                zmk_kscan_init
 .text.zmk_matrix_transform_row_column_to_position
                0x0000000000029044       0x14 app/libapp.a(matrix_transform.c.obj)
                0x0000000000029044                zmk_matrix_transform_row_column_to_position
 .text.zmk_hid_register_mod
                0x0000000000029058       0x38 app/libapp.a(hid.c.obj)
                0x0000000000029058                zmk_hid_register_mod
 .text.zmk_hid_unregister_mod
                0x0000000000029090       0x44 app/libapp.a(hid.c.obj)
                0x0000000000029090                zmk_hid_unregister_mod
 .text.zmk_hid_implicit_modifiers_press
                0x00000000000290d4       0x1c app/libapp.a(hid.c.obj)
                0x00000000000290d4                zmk_hid_implicit_modifiers_press
 .text.zmk_hid_implicit_modifiers_release
                0x00000000000290f0       0x1c app/libapp.a(hid.c.obj)
                0x00000000000290f0                zmk_hid_implicit_modifiers_release
 .text.zmk_hid_keyboard_press
                0x000000000002910c       0x30 app/libapp.a(hid.c.obj)
                0x000000000002910c                zmk_hid_keyboard_press
 .text.zmk_hid_keyboard_release
                0x000000000002913c       0x34 app/libapp.a(hid.c.obj)
                0x000000000002913c                zmk_hid_keyboard_release
 .text.zmk_hid_keyboard_clear
                0x0000000000029170       0x10 app/libapp.a(hid.c.obj)
                0x0000000000029170                zmk_hid_keyboard_clear
 .text.zmk_hid_consumer_press
                0x0000000000029180       0x28 app/libapp.a(hid.c.obj)
                0x0000000000029180                zmk_hid_consumer_press
 .text.zmk_hid_consumer_release
                0x00000000000291a8       0x28 app/libapp.a(hid.c.obj)
                0x00000000000291a8                zmk_hid_consumer_release
 .text.zmk_hid_consumer_clear
                0x00000000000291d0       0x10 app/libapp.a(hid.c.obj)
                0x00000000000291d0                zmk_hid_consumer_clear
 .text.zmk_hid_get_keyboard_report
                0x00000000000291e0        0x8 app/libapp.a(hid.c.obj)
                0x00000000000291e0                zmk_hid_get_keyboard_report
 .text.zmk_hid_get_consumer_report
                0x00000000000291e8        0x8 app/libapp.a(hid.c.obj)
                0x00000000000291e8                zmk_hid_get_consumer_report
 .text.zmk_event_manager_handle_from
                0x00000000000291f0       0x60 app/libapp.a(event_manager.c.obj)
                0x00000000000291f0                zmk_event_manager_handle_from
 .text.ext_power_generic_init
                0x0000000000029250       0xc8 app/libapp.a(ext_power_generic.c.obj)
 .text.ext_power_save_state_work
                0x0000000000029318       0x30 app/libapp.a(ext_power_generic.c.obj)
 .text.ext_power_save_state
                0x0000000000029348       0x18 app/libapp.a(ext_power_generic.c.obj)
                0x0000000000029348                ext_power_save_state
 .text.ext_power_settings_set
                0x0000000000029360       0x60 app/libapp.a(ext_power_generic.c.obj)
 .text.new_zmk_activity_state_changed
                0x00000000000293c0       0x18 app/libapp.a(activity_state_changed.c.obj)
                0x00000000000293c0                new_zmk_activity_state_changed
 .text.new_zmk_position_state_changed
                0x00000000000293d8       0x38 app/libapp.a(position_state_changed.c.obj)
                0x00000000000293d8                new_zmk_position_state_changed
 .text.as_zmk_position_state_changed
                0x0000000000029410       0x14 app/libapp.a(position_state_changed.c.obj)
                0x0000000000029410                as_zmk_position_state_changed
 .text.new_zmk_layer_state_changed
                0x0000000000029424       0x2c app/libapp.a(layer_state_changed.c.obj)
                0x0000000000029424                new_zmk_layer_state_changed
 .text.new_zmk_keycode_state_changed
                0x0000000000029450       0x38 app/libapp.a(keycode_state_changed.c.obj)
                0x0000000000029450                new_zmk_keycode_state_changed
 .text.as_zmk_keycode_state_changed
                0x0000000000029488       0x14 app/libapp.a(keycode_state_changed.c.obj)
                0x0000000000029488                as_zmk_keycode_state_changed
 .text.new_zmk_endpoint_selection_changed
                0x000000000002949c       0x18 app/libapp.a(endpoint_selection_changed.c.obj)
                0x000000000002949c                new_zmk_endpoint_selection_changed
 .text.new_zmk_ble_active_profile_changed
                0x00000000000294b4       0x2c app/libapp.a(ble_active_profile_changed.c.obj)
                0x00000000000294b4                new_zmk_ble_active_profile_changed
 .text.new_zmk_battery_state_changed
                0x00000000000294e0       0x18 app/libapp.a(battery_state_changed.c.obj)
                0x00000000000294e0                new_zmk_battery_state_changed
 .text.new_zmk_usb_conn_state_changed
                0x00000000000294f8       0x18 app/libapp.a(usb_conn_state_changed.c.obj)
                0x00000000000294f8                new_zmk_usb_conn_state_changed
 .text.on_keymap_binding_pressed
                0x0000000000029510       0x58 app/libapp.a(behavior_ext_power.c.obj)
 .text.on_keymap_binding_convert_central_state_dependent_params
                0x0000000000029568       0x3c app/libapp.a(behavior_ext_power.c.obj)
 .text.zmk_keymap_layer_activate
                0x00000000000295a4       0x30 app/libapp.a(keymap.c.obj)
                0x00000000000295a4                zmk_keymap_layer_activate
 .text.zmk_keymap_layer_deactivate
                0x00000000000295d4       0x34 app/libapp.a(keymap.c.obj)
                0x00000000000295d4                zmk_keymap_layer_deactivate
 .text.zmk_keymap_apply_position_state
                0x0000000000029608      0x100 app/libapp.a(keymap.c.obj)
                0x0000000000029608                zmk_keymap_apply_position_state
 .text.zmk_keymap_position_state_changed
                0x0000000000029708       0x58 app/libapp.a(keymap.c.obj)
                0x0000000000029708                zmk_keymap_position_state_changed
 .text.raise_profile_changed_event
                0x0000000000029760       0x30 app/libapp.a(ble.c.obj)
 .text.ble_save_profile_work
                0x0000000000029790       0x14 app/libapp.a(ble.c.obj)
 .text.bt_addr_le_to_str.constprop.5
                0x00000000000297a4       0x78 app/libapp.a(ble.c.obj)
 .text.ble_profiles_handle_set
                0x000000000002981c       0xbc app/libapp.a(ble.c.obj)
 .text.is_conn_active_profile
                0x00000000000298d8       0x2c app/libapp.a(ble.c.obj)
 .text.disconnected
                0x0000000000029904       0x40 app/libapp.a(ble.c.obj)
 .text.zmk_ble_active_profile_is_open
                0x0000000000029944       0x34 app/libapp.a(ble.c.obj)
                0x0000000000029944                zmk_ble_active_profile_is_open
 .text.set_profile_address
                0x0000000000029978       0x54 app/libapp.a(ble.c.obj)
                0x0000000000029978                set_profile_address
 .text.zmk_ble_active_profile_is_connected
                0x00000000000299cc       0x48 app/libapp.a(ble.c.obj)
                0x00000000000299cc                zmk_ble_active_profile_is_connected
 .text.update_advertising
                0x0000000000029a14       0xac app/libapp.a(ble.c.obj)
                0x0000000000029a14                update_advertising
 .text.auth_pairing_complete
                0x0000000000029ac0       0x44 app/libapp.a(ble.c.obj)
 .text.connected
                0x0000000000029b04       0x58 app/libapp.a(ble.c.obj)
 .text.zmk_ble_init
                0x0000000000029b5c       0x60 app/libapp.a(ble.c.obj)
 .text.zmk_ble_active_profile_addr
                0x0000000000029bbc       0x18 app/libapp.a(ble.c.obj)
                0x0000000000029bbc                zmk_ble_active_profile_addr
 .text.zmk_ble_set_peripheral_addr
                0x0000000000029bd4       0x24 app/libapp.a(ble.c.obj)
                0x0000000000029bd4                zmk_ble_set_peripheral_addr
 .text.zmk_battery_timer
                0x0000000000029bf8        0xc app/libapp.a(battery.c.obj)
 .text.zmk_battery_update
                0x0000000000029c04       0x44 app/libapp.a(battery.c.obj)
 .text.zmk_battery_work
                0x0000000000029c48        0xc app/libapp.a(battery.c.obj)
 .text.zmk_battery_init
                0x0000000000029c54       0x40 app/libapp.a(battery.c.obj)
 .text.start_scan
                0x0000000000029c94       0x24 app/libapp.a(central.c.obj)
 .text.zmk_split_bt_central_init
                0x0000000000029cb8       0x30 app/libapp.a(central.c.obj)
                0x0000000000029cb8                zmk_split_bt_central_init
 .text.peripheral_slot_index_for_conn.part.0
                0x0000000000029ce8       0x14 app/libapp.a(central.c.obj)
 .text.bt_addr_le_to_str.constprop.7
                0x0000000000029cfc       0x78 app/libapp.a(central.c.obj)
 .text.split_central_device_found
                0x0000000000029d74       0x28 app/libapp.a(central.c.obj)
 .text.split_bt_invoke_behavior_payload
                0x0000000000029d9c       0x60 app/libapp.a(central.c.obj)
 .text.peripheral_event_work_callback
                0x0000000000029dfc       0x38 app/libapp.a(central.c.obj)
                0x0000000000029dfc                peripheral_event_work_callback
 .text.split_central_split_run_callback
                0x0000000000029e34       0x4c app/libapp.a(central.c.obj)
                0x0000000000029e34                split_central_split_run_callback
 .text.peripheral_slot_for_conn
                0x0000000000029e80       0x1c app/libapp.a(central.c.obj)
                0x0000000000029e80                peripheral_slot_for_conn
 .text.split_central_process_connection
                0x0000000000029e9c       0x54 app/libapp.a(central.c.obj)
 .text.split_central_service_discovery_func
                0x0000000000029ef0       0x80 app/libapp.a(central.c.obj)
 .text.split_central_notify_func
                0x0000000000029f70       0xd4 app/libapp.a(central.c.obj)
 .text.split_central_chrc_discovery_func
                0x000000000002a044       0xe8 app/libapp.a(central.c.obj)
 .text.release_peripheral_slot
                0x000000000002a12c       0x44 app/libapp.a(central.c.obj)
                0x000000000002a12c                release_peripheral_slot
 .text.reserve_peripheral_slot
                0x000000000002a170       0x20 app/libapp.a(central.c.obj)
                0x000000000002a170                reserve_peripheral_slot
 .text.split_central_eir_found
                0x000000000002a190      0x138 app/libapp.a(central.c.obj)
 .text.confirm_peripheral_slot_conn
                0x000000000002a2c8       0x1c app/libapp.a(central.c.obj)
                0x000000000002a2c8                confirm_peripheral_slot_conn
 .text.usb_status_cb
                0x000000000002a2e4       0x14 app/libapp.a(usb.c.obj)
                0x000000000002a2e4                usb_status_cb
 .text.zmk_usb_init
                0x000000000002a2f8       0x40 app/libapp.a(usb.c.obj)
 .text.in_ready_cb
                0x000000000002a338        0xc app/libapp.a(usb.c.obj)
 .text.zmk_usb_hid_send_report
                0x000000000002a344       0x60 app/libapp.a(usb.c.obj)
                0x000000000002a344                zmk_usb_hid_send_report
 .text.zmk_usb_get_conn_state
                0x000000000002a3a4       0x28 app/libapp.a(usb.c.obj)
                0x000000000002a3a4                zmk_usb_get_conn_state
 .text.read_hids_report_map
                0x000000000002a3cc       0x1c app/libapp.a(hog.c.obj)
 .text.zmk_hog_init
                0x000000000002a3e8       0x28 app/libapp.a(hog.c.obj)
                0x000000000002a3e8                zmk_hog_init
 .text.send_keyboard_report_callback
                0x000000000002a410       0x58 app/libapp.a(hog.c.obj)
                0x000000000002a410                send_keyboard_report_callback
 .text.send_consumer_report_callback
                0x000000000002a468       0x5c app/libapp.a(hog.c.obj)
                0x000000000002a468                send_consumer_report_callback
 .text.zmk_hog_send_keyboard_report
                0x000000000002a4c4       0x4c app/libapp.a(hog.c.obj)
                0x000000000002a4c4                zmk_hog_send_keyboard_report
 .text.zmk_hog_send_consumer_report
                0x000000000002a510       0x50 app/libapp.a(hog.c.obj)
                0x000000000002a510                zmk_hog_send_consumer_report
 .text.send_keyboard_report
                0x000000000002a560       0x30 app/libapp.a(endpoints.c.obj)
 .text.send_consumer_report
                0x000000000002a590       0x30 app/libapp.a(endpoints.c.obj)
 .text.endpoints_save_preferred_work
                0x000000000002a5c0       0x14 app/libapp.a(endpoints.c.obj)
 .text.zmk_endpoints_init
                0x000000000002a5d4       0x34 app/libapp.a(endpoints.c.obj)
 .text.update_current_endpoint
                0x000000000002a608       0x58 app/libapp.a(endpoints.c.obj)
 .text.endpoints_handle_set
                0x000000000002a660       0x38 app/libapp.a(endpoints.c.obj)
 .text.main     0x000000000002a698        0xc app/libapp.a(main.c.obj)
                0x000000000002a698                main
 .text.crc8_ccitt
                0x000000000002a6a4       0x2c zephyr/libzephyr.a(crc8_sw.c.obj)
                0x000000000002a6a4                crc8_ccitt
 .text.char_out
                0x000000000002a6d0       0x10 zephyr/libzephyr.a(printk.c.obj)
 .text.vprintk  0x000000000002a6e0       0x1c zephyr/libzephyr.a(printk.c.obj)
                0x000000000002a6e0                vprintk
 .text.vsnprintk
                0x000000000002a6fc       0x28 zephyr/libzephyr.a(printk.c.obj)
                0x000000000002a6fc                vsnprintk
 .text.process_event
                0x000000000002a724      0x1bc zephyr/libzephyr.a(onoff.c.obj)
 .text.cbvprintf
                0x000000000002a8e0      0x3b8 zephyr/libzephyr.a(cbprintf_nano.c.obj)
                0x000000000002a8e0                cbvprintf
 .text.sys_reboot
                0x000000000002ac98       0x28 zephyr/libzephyr.a(reboot.c.obj)
                0x000000000002ac98                sys_reboot
 .text.read_pnp_id
                0x000000000002acc0       0x1c zephyr/libzephyr.a(dis.c.obj)
 .text.read_blvl
                0x000000000002acdc       0x28 zephyr/libzephyr.a(bas.c.obj)
 .text.bt_bas_set_battery_level
                0x000000000002ad04       0x50 zephyr/libzephyr.a(bas.c.obj)
                0x000000000002ad04                bt_bas_set_battery_level
 .text.nvs_recover_last_ate
                0x000000000002ad54       0x64 zephyr/libzephyr.a(nvs.c.obj)
 .text.nvs_init
                0x000000000002adb8      0x2bc zephyr/libzephyr.a(nvs.c.obj)
                0x000000000002adb8                nvs_init
 .text.nvs_write
                0x000000000002b074      0x1ac zephyr/libzephyr.a(nvs.c.obj)
                0x000000000002b074                nvs_write
 .text.class_handler
                0x000000000002b220       0x40 zephyr/libzephyr.a(usb_device.c.obj)
 .text.custom_handler
                0x000000000002b260       0x60 zephyr/libzephyr.a(usb_device.c.obj)
 .text.vendor_handler
                0x000000000002b2c0       0x38 zephyr/libzephyr.a(usb_device.c.obj)
 .text.set_endpoint
                0x000000000002b2f8       0x54 zephyr/libzephyr.a(usb_device.c.obj)
 .text.usb_reset_alt_setting
                0x000000000002b34c       0x10 zephyr/libzephyr.a(usb_device.c.obj)
 .text.is_ep_valid.part.6
                0x000000000002b35c       0x38 zephyr/libzephyr.a(usb_device.c.obj)
 .text.usb_halt_endpoint_req.isra.8
                0x000000000002b394       0x58 zephyr/libzephyr.a(usb_device.c.obj)
 .text.forward_status_cb
                0x000000000002b3ec       0x9c zephyr/libzephyr.a(usb_device.c.obj)
 .text.usb_handle_standard_request
                0x000000000002b488      0x310 zephyr/libzephyr.a(usb_device.c.obj)
 .text.usb_data_to_host
                0x000000000002b798       0x50 zephyr/libzephyr.a(usb_device.c.obj)
 .text.usb_handle_control_transfer
                0x000000000002b7e8      0x110 zephyr/libzephyr.a(usb_device.c.obj)
 .text.usb_wakeup_request
                0x000000000002b8f8       0x18 zephyr/libzephyr.a(usb_device.c.obj)
                0x000000000002b8f8                usb_wakeup_request
 .text.usb_set_config
                0x000000000002b910       0x2c zephyr/libzephyr.a(usb_device.c.obj)
                0x000000000002b910                usb_set_config
 .text.usb_device_init
                0x000000000002b93c       0x28 zephyr/libzephyr.a(usb_device.c.obj)
 .text.usb_enable
                0x000000000002b964       0xf4 zephyr/libzephyr.a(usb_device.c.obj)
                0x000000000002b964                usb_enable
 .text.usb_update_sn_string_descriptor
                0x000000000002ba58       0x88 zephyr/libzephyr.a(usb_descriptor.c.obj)
                0x000000000002ba58                usb_update_sn_string_descriptor
 .text.usb_fix_descriptor
                0x000000000002bae0      0x1ac zephyr/libzephyr.a(usb_descriptor.c.obj)
 .text.usb_get_device_descriptor
                0x000000000002bc8c       0x18 zephyr/libzephyr.a(usb_descriptor.c.obj)
                0x000000000002bc8c                usb_get_device_descriptor
 .text.usb_ep_get_transfer
                0x000000000002bca4       0x2c zephyr/libzephyr.a(usb_transfer.c.obj)
 .text.usb_transfer_work
                0x000000000002bcd0      0x110 zephyr/libzephyr.a(usb_transfer.c.obj)
 .text.usb_cancel_transfer
                0x000000000002bde0       0x3c zephyr/libzephyr.a(usb_transfer.c.obj)
                0x000000000002bde0                usb_cancel_transfer
 .text.usb_cancel_transfers
                0x000000000002be1c       0x50 zephyr/libzephyr.a(usb_transfer.c.obj)
                0x000000000002be1c                usb_cancel_transfers
 .text.usb_transfer_init
                0x000000000002be6c       0x34 zephyr/libzephyr.a(usb_transfer.c.obj)
                0x000000000002be6c                usb_transfer_init
 .text.flash_area_open
                0x000000000002bea0       0x3c zephyr/libzephyr.a(flash_map.c.obj)
                0x000000000002bea0                flash_area_open
 .text.flash_area_get_sectors
                0x000000000002bedc       0x68 zephyr/libzephyr.a(flash_map_layout.c.obj)
                0x000000000002bedc                flash_area_get_sectors
 .text.settings_save_one
                0x000000000002bf44       0x48 zephyr/libzephyr.a(settings_store.c.obj)
                0x000000000002bf44                settings_save_one
 .text.settings_src_register
                0x000000000002bf8c       0x1c zephyr/libzephyr.a(settings_store.c.obj)
                0x000000000002bf8c                settings_src_register
 .text.settings_dst_register
                0x000000000002bfa8        0xc zephyr/libzephyr.a(settings_store.c.obj)
                0x000000000002bfa8                settings_dst_register
 .text.settings_load_subtree
                0x000000000002bfb4       0x4c zephyr/libzephyr.a(settings_store.c.obj)
                0x000000000002bfb4                settings_load_subtree
 .text.settings_load_subtree_direct
                0x000000000002c000       0x40 zephyr/libzephyr.a(settings_store.c.obj)
                0x000000000002c000                settings_load_subtree_direct
 .text.settings_store_init
                0x000000000002c040       0x10 zephyr/libzephyr.a(settings_store.c.obj)
                0x000000000002c040                settings_store_init
 .text.settings_init
                0x000000000002c050       0x10 zephyr/libzephyr.a(settings.c.obj)
                0x000000000002c050                settings_init
 .text.settings_register
                0x000000000002c060       0x80 zephyr/libzephyr.a(settings.c.obj)
                0x000000000002c060                settings_register
 .text.settings_parse_and_lookup
                0x000000000002c0e0       0x8c zephyr/libzephyr.a(settings.c.obj)
                0x000000000002c0e0                settings_parse_and_lookup
 .text.settings_commit_subtree
                0x000000000002c16c       0x70 zephyr/libzephyr.a(settings.c.obj)
                0x000000000002c16c                settings_commit_subtree
 .text.settings_subsys_init
                0x000000000002c1dc       0x20 zephyr/libzephyr.a(settings_init.c.obj)
                0x000000000002c1dc                settings_subsys_init
 .text.settings_nvs_load
                0x000000000002c1fc       0xb8 zephyr/libzephyr.a(settings_nvs.c.obj)
 .text.settings_backend_init
                0x000000000002c2b4       0x98 zephyr/libzephyr.a(settings_nvs.c.obj)
                0x000000000002c2b4                settings_backend_init
 .text.pm_state_notify
                0x000000000002c34c       0x5c zephyr/libzephyr.a(pm.c.obj)
 .text.pm_resume_devices
                0x000000000002c3a8       0x2c zephyr/libzephyr.a(pm.c.obj)
 .text.atomic_clear_bit.constprop.12
                0x000000000002c3d4       0x30 zephyr/libzephyr.a(pm.c.obj)
 .text.pm_system_resume
                0x000000000002c404       0x88 zephyr/libzephyr.a(pm.c.obj)
                0x000000000002c404                pm_system_resume
 .text.pm_system_suspend
                0x000000000002c48c      0x1e0 zephyr/libzephyr.a(pm.c.obj)
                0x000000000002c48c                pm_system_suspend
 .text.pm_constraint_get
                0x000000000002c66c       0x1c zephyr/libzephyr.a(constraint.c.obj)
                0x000000000002c66c                pm_constraint_get
 .text.pm_state_cpu_get_all
                0x000000000002c688       0x10 zephyr/libzephyr.a(state.c.obj)
                0x000000000002c688                pm_state_cpu_get_all
 .text.pm_policy_next_state
                0x000000000002c698       0x8c zephyr/libzephyr.a(residency.c.obj)
                0x000000000002c698                pm_policy_next_state
 .text.uECC_get_rng
                0x000000000002c724        0xc zephyr/libzephyr.a(ecc.c.obj)
                0x000000000002c724                uECC_get_rng
 .text.vli_mmod_fast_secp256r1
                0x000000000002c730      0x1a0 zephyr/libzephyr.a(ecc.c.obj)
                0x000000000002c730                vli_mmod_fast_secp256r1
 .text.tc_aes128_set_encrypt_key
                0x000000000002c8d0       0xac zephyr/libzephyr.a(aes_encrypt.c.obj)
                0x000000000002c8d0                tc_aes128_set_encrypt_key
 .text.tc_aes_encrypt
                0x000000000002c97c       0xd4 zephyr/libzephyr.a(aes_encrypt.c.obj)
                0x000000000002c97c                tc_aes_encrypt
 .text.z_arm_cpu_idle_init
                0x000000000002ca50        0xc zephyr/arch/arch/arm/core/aarch32/libarch__arm__core__aarch32.a(cpu_idle.S.obj)
                0x000000000002ca50                z_arm_cpu_idle_init
 .text.arch_cpu_idle
                0x000000000002ca5c       0x1c zephyr/arch/arch/arm/core/aarch32/libarch__arm__core__aarch32.a(cpu_idle.S.obj)
                0x000000000002ca5c                arch_cpu_idle
 .text.arch_cpu_atomic_idle
                0x000000000002ca78       0x14 zephyr/arch/arch/arm/core/aarch32/libarch__arm__core__aarch32.a(cpu_idle.S.obj)
                0x000000000002ca78                arch_cpu_atomic_idle
 .text.arch_irq_enable
                0x000000000002ca8c       0x20 zephyr/arch/arch/arm/core/aarch32/libarch__arm__core__aarch32.a(irq_manage.c.obj)
                0x000000000002ca8c                arch_irq_enable
 .text.arch_irq_disable
                0x000000000002caac       0x28 zephyr/arch/arch/arm/core/aarch32/libarch__arm__core__aarch32.a(irq_manage.c.obj)
                0x000000000002caac                arch_irq_disable
 .text.arch_irq_is_enabled
                0x000000000002cad4       0x1c zephyr/arch/arch/arm/core/aarch32/libarch__arm__core__aarch32.a(irq_manage.c.obj)
                0x000000000002cad4                arch_irq_is_enabled
 .text.z_arm_irq_priority_set
                0x000000000002caf0       0x30 zephyr/arch/arch/arm/core/aarch32/libarch__arm__core__aarch32.a(irq_manage.c.obj)
                0x000000000002caf0                z_arm_irq_priority_set
 .text._arch_isr_direct_pm
                0x000000000002cb20       0x1c zephyr/arch/arch/arm/core/aarch32/libarch__arm__core__aarch32.a(irq_manage.c.obj)
                0x000000000002cb20                _arch_isr_direct_pm
 .text.z_SysNmiOnReset
                0x000000000002cb3c        0x8 zephyr/arch/arch/arm/core/aarch32/libarch__arm__core__aarch32.a(nmi_on_reset.S.obj)
                0x000000000002cb3c                z_SysNmiOnReset
 .text.z_arm_prep_c
                0x000000000002cb44       0x48 zephyr/arch/arch/arm/core/aarch32/libarch__arm__core__aarch32.a(prep_c.c.obj)
                0x000000000002cb44                z_arm_prep_c
 .text.arch_swap
                0x000000000002cb8c       0x34 zephyr/arch/arch/arm/core/aarch32/libarch__arm__core__aarch32.a(swap.c.obj)
                0x000000000002cb8c                arch_swap
 .text.z_arm_pendsv
                0x000000000002cbc0       0x48 zephyr/arch/arch/arm/core/aarch32/libarch__arm__core__aarch32.a(swap_helper.S.obj)
                0x000000000002cbc0                z_arm_pendsv
 .text.z_arm_svc
                0x000000000002cc08       0x20 zephyr/arch/arch/arm/core/aarch32/libarch__arm__core__aarch32.a(swap_helper.S.obj)
                0x000000000002cc08                z_arm_svc
 .text.arch_new_thread
                0x000000000002cc28       0x38 zephyr/arch/arch/arm/core/aarch32/libarch__arm__core__aarch32.a(thread.c.obj)
                0x000000000002cc28                arch_new_thread
 .text.arch_switch_to_main_thread
                0x000000000002cc60       0x24 zephyr/arch/arch/arm/core/aarch32/libarch__arm__core__aarch32.a(thread.c.obj)
                0x000000000002cc60                arch_switch_to_main_thread
 .text._isr_wrapper
                0x000000000002cc84       0x40 zephyr/arch/arch/arm/core/aarch32/libarch__arm__core__aarch32.a(isr_wrapper.S.obj)
                0x000000000002cc84                _isr_wrapper
 .text._HandlerModeExit
                0x000000000002ccc4       0x1c zephyr/arch/arch/arm/core/aarch32/cortex_m/libarch__arm__core__aarch32__cortex_m.a(exc_exit.S.obj)
                0x000000000002ccc4                z_arm_exc_exit
                0x000000000002ccc4                z_arm_int_exit
 .text.mem_manage_fault.isra.2
                0x000000000002cce0       0x40 zephyr/arch/arch/arm/core/aarch32/cortex_m/libarch__arm__core__aarch32__cortex_m.a(fault.c.obj)
 .text.bus_fault.isra.3
                0x000000000002cd20       0x3c zephyr/arch/arch/arm/core/aarch32/cortex_m/libarch__arm__core__aarch32__cortex_m.a(fault.c.obj)
 .text.usage_fault.isra.4
                0x000000000002cd5c       0x24 zephyr/arch/arch/arm/core/aarch32/cortex_m/libarch__arm__core__aarch32__cortex_m.a(fault.c.obj)
 .text.z_arm_fault
                0x000000000002cd80      0x108 zephyr/arch/arch/arm/core/aarch32/cortex_m/libarch__arm__core__aarch32__cortex_m.a(fault.c.obj)
                0x000000000002cd80                z_arm_fault
 .text.z_arm_fault_init
                0x000000000002ce88       0x10 zephyr/arch/arch/arm/core/aarch32/cortex_m/libarch__arm__core__aarch32__cortex_m.a(fault.c.obj)
                0x000000000002ce88                z_arm_fault_init
 .text.__fault  0x000000000002ce98       0x14 zephyr/arch/arch/arm/core/aarch32/cortex_m/libarch__arm__core__aarch32__cortex_m.a(fault_s.S.obj)
                0x000000000002ce98                z_arm_bus_fault
                0x000000000002ce98                z_arm_usage_fault
                0x000000000002ce98                z_arm_mpu_fault
                0x000000000002ce98                z_arm_exc_spurious
                0x000000000002ce98                z_arm_debug_monitor
                0x000000000002ce98                z_arm_hard_fault
 .text.z_arm_interrupt_init
                0x000000000002ceac       0x18 zephyr/arch/arch/arm/core/aarch32/cortex_m/libarch__arm__core__aarch32__cortex_m.a(irq_init.c.obj)
                0x000000000002ceac                z_arm_interrupt_init
 .text._reset_section
                0x000000000002cec4       0x30 zephyr/arch/arch/arm/core/aarch32/cortex_m/libarch__arm__core__aarch32__cortex_m.a(reset.S.obj)
                0x000000000002cec4                z_arm_reset
                0x000000000002cec4                __start
 .text.z_impl_k_thread_abort
                0x000000000002cef4       0x24 zephyr/arch/arch/arm/core/aarch32/cortex_m/libarch__arm__core__aarch32__cortex_m.a(thread_abort.c.obj)
                0x000000000002cef4                z_impl_k_thread_abort
 .text.z_arm_configure_static_mpu_regions
                0x000000000002cf18       0x18 zephyr/arch/arch/arm/core/aarch32/mpu/libarch__arm__core__aarch32__mpu.a(arm_core_mpu.c.obj)
                0x000000000002cf18                z_arm_configure_static_mpu_regions
 .text.mpu_configure_regions
                0x000000000002cf30       0x80 zephyr/arch/arch/arm/core/aarch32/mpu/libarch__arm__core__aarch32__mpu.a(arm_mpu.c.obj)
 .text.arm_core_mpu_enable
                0x000000000002cfb0       0x14 zephyr/arch/arch/arm/core/aarch32/mpu/libarch__arm__core__aarch32__mpu.a(arm_mpu.c.obj)
                0x000000000002cfb0                arm_core_mpu_enable
 .text.arm_core_mpu_disable
                0x000000000002cfc4       0x10 zephyr/arch/arch/arm/core/aarch32/mpu/libarch__arm__core__aarch32__mpu.a(arm_mpu.c.obj)
                0x000000000002cfc4                arm_core_mpu_disable
 .text.arm_core_mpu_configure_static_mpu_regions
                0x000000000002cfd4       0x14 zephyr/arch/arch/arm/core/aarch32/mpu/libarch__arm__core__aarch32__mpu.a(arm_mpu.c.obj)
                0x000000000002cfd4                arm_core_mpu_configure_static_mpu_regions
 .text.z_arm_mpu_init
                0x000000000002cfe8       0x5c zephyr/arch/arch/arm/core/aarch32/mpu/libarch__arm__core__aarch32__mpu.a(arm_mpu.c.obj)
                0x000000000002cfe8                z_arm_mpu_init
 .text.snprintf
                0x000000000002d044       0x30 zephyr/lib/libc/minimal/liblib__libc__minimal.a(sprintf.c.obj)
                0x000000000002d044                snprintf
 .text.sprintf  0x000000000002d074       0x30 zephyr/lib/libc/minimal/liblib__libc__minimal.a(sprintf.c.obj)
                0x000000000002d074                sprintf
 .text.nordicsemi_nrf52_init
                0x000000000002d0a4       0x30 zephyr/soc/arm/nordic_nrf/nrf52/libsoc__arm__nordic_nrf__nrf52.a(soc.c.obj)
 .text.sys_arch_reboot
                0x000000000002d0d4       0x2c zephyr/soc/arm/nordic_nrf/nrf52/libsoc__arm__nordic_nrf__nrf52.a(soc.c.obj)
                0x000000000002d0d4                sys_arch_reboot
 .text.arch_busy_wait
                0x000000000002d100       0x14 zephyr/soc/arm/nordic_nrf/nrf52/libsoc__arm__nordic_nrf__nrf52.a(soc.c.obj)
                0x000000000002d100                arch_busy_wait
 .text.ecc_thread
                0x000000000002d114      0x194 zephyr/subsys/bluetooth/host/libsubsys__bluetooth__host.a(hci_ecc.c.obj)
 .text.le_gen_dhkey
                0x000000000002d2a8       0x98 zephyr/subsys/bluetooth/host/libsubsys__bluetooth__host.a(hci_ecc.c.obj)
 .text.bt_hci_ecc_send
                0x000000000002d340       0xdc zephyr/subsys/bluetooth/host/libsubsys__bluetooth__host.a(hci_ecc.c.obj)
                0x000000000002d340                bt_hci_ecc_send
 .text.bt_hci_ecc_init
                0x000000000002d41c       0x48 zephyr/subsys/bluetooth/host/libsubsys__bluetooth__host.a(hci_ecc.c.obj)
                0x000000000002d41c                bt_hci_ecc_init
 .text.save_id  0x000000000002d464       0x18 zephyr/subsys/bluetooth/host/libsubsys__bluetooth__host.a(settings.c.obj)
 .text.set      0x000000000002d47c       0x6c zephyr/subsys/bluetooth/host/libsubsys__bluetooth__host.a(settings.c.obj)
 .text.bt_settings_encode_key
                0x000000000002d4e8       0x60 zephyr/subsys/bluetooth/host/libsubsys__bluetooth__host.a(settings.c.obj)
                0x000000000002d4e8                bt_settings_encode_key
 .text.bt_settings_save_id
                0x000000000002d548        0xc zephyr/subsys/bluetooth/host/libsubsys__bluetooth__host.a(settings.c.obj)
                0x000000000002d548                bt_settings_save_id
 .text.commit   0x000000000002d554       0x60 zephyr/subsys/bluetooth/host/libsubsys__bluetooth__host.a(settings.c.obj)
 .text.uuid_to_uuid128
                0x000000000002d5b4       0x7c zephyr/subsys/bluetooth/host/libsubsys__bluetooth__host.a(uuid.c.obj)
 .text.bt_uuid_to_str
                0x000000000002d630       0xb4 zephyr/subsys/bluetooth/host/libsubsys__bluetooth__host.a(uuid.c.obj)
                0x000000000002d630                bt_uuid_to_str
 .text.bt_buf_get_rx
                0x000000000002d6e4       0x20 zephyr/subsys/bluetooth/host/libsubsys__bluetooth__host.a(buf.c.obj)
                0x000000000002d6e4                bt_buf_get_rx
 .text.bt_buf_get_cmd_complete
                0x000000000002d704       0x38 zephyr/subsys/bluetooth/host/libsubsys__bluetooth__host.a(buf.c.obj)
                0x000000000002d704                bt_buf_get_cmd_complete
 .text.bt_buf_get_evt
                0x000000000002d73c       0x54 zephyr/subsys/bluetooth/host/libsubsys__bluetooth__host.a(buf.c.obj)
                0x000000000002d73c                bt_buf_get_evt
 .text.unpair   0x000000000002d790       0x70 zephyr/subsys/bluetooth/host/libsubsys__bluetooth__host.a(hci_core.c.obj)
 .text.hci_disconn_complete_prio
                0x000000000002d800       0x48 zephyr/subsys/bluetooth/host/libsubsys__bluetooth__host.a(hci_core.c.obj)
 .text.hci_encrypt_key_refresh_complete
                0x000000000002d848       0x64 zephyr/subsys/bluetooth/host/libsubsys__bluetooth__host.a(hci_core.c.obj)
 .text.hci_encrypt_change
                0x000000000002d8ac       0x6c zephyr/subsys/bluetooth/host/libsubsys__bluetooth__host.a(hci_core.c.obj)
 .text.bt_hci_evt_get_flags
                0x000000000002d918       0x28 zephyr/subsys/bluetooth/host/libsubsys__bluetooth__host.a(hci_core.c.obj)
 .text.hci_le_meta_event
                0x000000000002d940       0x20 zephyr/subsys/bluetooth/host/libsubsys__bluetooth__host.a(hci_core.c.obj)
 .text.find_pending_connect.part.8
                0x000000000002d960       0x3c zephyr/subsys/bluetooth/host/libsubsys__bluetooth__host.a(hci_core.c.obj)
 .text.hci_cmd_done
                0x000000000002d99c       0xcc zephyr/subsys/bluetooth/host/libsubsys__bluetooth__host.a(hci_core.c.obj)
 .text.hci_cmd_status
                0x000000000002da68       0x2c zephyr/subsys/bluetooth/host/libsubsys__bluetooth__host.a(hci_core.c.obj)
 .text.hci_cmd_complete
                0x000000000002da94       0x30 zephyr/subsys/bluetooth/host/libsubsys__bluetooth__host.a(hci_core.c.obj)
 .text.hci_tx_thread
                0x000000000002dac4      0x134 zephyr/subsys/bluetooth/host/libsubsys__bluetooth__host.a(hci_core.c.obj)
 .text.bt_hci_cmd_state_set_init
                0x000000000002dbf8       0x24 zephyr/subsys/bluetooth/host/libsubsys__bluetooth__host.a(hci_core.c.obj)
                0x000000000002dbf8                bt_hci_cmd_state_set_init
 .text.bt_hci_cmd_create
                0x000000000002dc1c       0x70 zephyr/subsys/bluetooth/host/libsubsys__bluetooth__host.a(hci_core.c.obj)
                0x000000000002dc1c                bt_hci_cmd_create
 .text.bt_hci_cmd_send
                0x000000000002dc8c       0x44 zephyr/subsys/bluetooth/host/libsubsys__bluetooth__host.a(hci_core.c.obj)
                0x000000000002dc8c                bt_hci_cmd_send
 .text.bt_hci_cmd_send_sync
                0x000000000002dcd0       0xc4 zephyr/subsys/bluetooth/host/libsubsys__bluetooth__host.a(hci_core.c.obj)
                0x000000000002dcd0                bt_hci_cmd_send_sync
 .text.bt_get_phy
                0x000000000002dd94       0x14 zephyr/subsys/bluetooth/host/libsubsys__bluetooth__host.a(hci_core.c.obj)
                0x000000000002dd94                bt_get_phy
 .text.bt_le_create_conn_legacy
                0x000000000002dda8       0xd8 zephyr/subsys/bluetooth/host/libsubsys__bluetooth__host.a(hci_core.c.obj)
                0x000000000002dda8                bt_le_create_conn_legacy
 .text.bt_le_create_conn_cancel
                0x000000000002de80       0x48 zephyr/subsys/bluetooth/host/libsubsys__bluetooth__host.a(hci_core.c.obj)
                0x000000000002de80                bt_le_create_conn_cancel
 .text.conn_auto_initiate
                0x000000000002dec8       0x84 zephyr/subsys/bluetooth/host/libsubsys__bluetooth__host.a(hci_core.c.obj)
 .text.bt_hci_le_enh_conn_complete
                0x000000000002df4c      0x258 zephyr/subsys/bluetooth/host/libsubsys__bluetooth__host.a(hci_core.c.obj)
                0x000000000002df4c                bt_hci_le_enh_conn_complete
 .text.bt_unpair
                0x000000000002e1a4       0x4c zephyr/subsys/bluetooth/host/libsubsys__bluetooth__host.a(hci_core.c.obj)
                0x000000000002e1a4                bt_unpair
 .text.bt_security_err_get
                0x000000000002e1f0       0x10 zephyr/subsys/bluetooth/host/libsubsys__bluetooth__host.a(hci_core.c.obj)
                0x000000000002e1f0                bt_security_err_get
 .text.hci_event_prio
                0x000000000002e200       0xa0 zephyr/subsys/bluetooth/host/libsubsys__bluetooth__host.a(hci_core.c.obj)
                0x000000000002e200                hci_event_prio
 .text.bt_recv  0x000000000002e2a0      0x108 zephyr/subsys/bluetooth/host/libsubsys__bluetooth__host.a(hci_core.c.obj)
                0x000000000002e2a0                bt_recv
 .text.bt_recv_prio
                0x000000000002e3a8       0x3c zephyr/subsys/bluetooth/host/libsubsys__bluetooth__host.a(hci_core.c.obj)
                0x000000000002e3a8                bt_recv_prio
 .text.bt_hci_driver_register
                0x000000000002e3e4       0x28 zephyr/subsys/bluetooth/host/libsubsys__bluetooth__host.a(hci_core.c.obj)
                0x000000000002e3e4                bt_hci_driver_register
 .text.bt_finalize_init
                0x000000000002e40c       0x18 zephyr/subsys/bluetooth/host/libsubsys__bluetooth__host.a(hci_core.c.obj)
                0x000000000002e40c                bt_finalize_init
 .text.init_work
                0x000000000002e424       0x18 zephyr/subsys/bluetooth/host/libsubsys__bluetooth__host.a(hci_core.c.obj)
 .text.bt_enable
                0x000000000002e43c       0xa4 zephyr/subsys/bluetooth/host/libsubsys__bluetooth__host.a(hci_core.c.obj)
                0x000000000002e43c                bt_enable
 .text.bt_get_name
                0x000000000002e4e0        0x8 zephyr/subsys/bluetooth/host/libsubsys__bluetooth__host.a(hci_core.c.obj)
                0x000000000002e4e0                bt_get_name
 .text.id_find  0x000000000002e4e8       0x34 zephyr/subsys/bluetooth/host/libsubsys__bluetooth__host.a(id.c.obj)
 .text.set_random_address
                0x000000000002e51c       0x5c zephyr/subsys/bluetooth/host/libsubsys__bluetooth__host.a(id.c.obj)
 .text.id_create.isra.4
                0x000000000002e578       0x78 zephyr/subsys/bluetooth/host/libsubsys__bluetooth__host.a(id.c.obj)
 .text.bt_id_adv_random_addr_check
                0x000000000002e5f0       0x1c zephyr/subsys/bluetooth/host/libsubsys__bluetooth__host.a(id.c.obj)
                0x000000000002e5f0                bt_id_adv_random_addr_check
 .text.bt_id_pending_keys_update
                0x000000000002e60c       0x34 zephyr/subsys/bluetooth/host/libsubsys__bluetooth__host.a(id.c.obj)
                0x000000000002e60c                bt_id_pending_keys_update
 .text.bt_id_add
                0x000000000002e640      0x144 zephyr/subsys/bluetooth/host/libsubsys__bluetooth__host.a(id.c.obj)
                0x000000000002e640                bt_id_add
 .text.bt_id_del
                0x000000000002e784      0x124 zephyr/subsys/bluetooth/host/libsubsys__bluetooth__host.a(id.c.obj)
                0x000000000002e784                bt_id_del
 .text.bt_id_create
                0x000000000002e8a8       0x94 zephyr/subsys/bluetooth/host/libsubsys__bluetooth__host.a(id.c.obj)
                0x000000000002e8a8                bt_id_create
 .text.bt_id_read_public_addr
                0x000000000002e93c       0x70 zephyr/subsys/bluetooth/host/libsubsys__bluetooth__host.a(id.c.obj)
                0x000000000002e93c                bt_id_read_public_addr
 .text.bt_setup_public_id_addr
                0x000000000002e9ac       0x20 zephyr/subsys/bluetooth/host/libsubsys__bluetooth__host.a(id.c.obj)
                0x000000000002e9ac                bt_setup_public_id_addr
 .text.bt_read_static_addr
                0x000000000002e9cc       0x60 zephyr/subsys/bluetooth/host/libsubsys__bluetooth__host.a(id.c.obj)
                0x000000000002e9cc                bt_read_static_addr
 .text.bt_setup_random_id_addr
                0x000000000002ea2c       0x58 zephyr/subsys/bluetooth/host/libsubsys__bluetooth__host.a(id.c.obj)
                0x000000000002ea2c                bt_setup_random_id_addr
 .text.bt_id_set_create_conn_own_addr
                0x000000000002ea84       0x24 zephyr/subsys/bluetooth/host/libsubsys__bluetooth__host.a(id.c.obj)
                0x000000000002ea84                bt_id_set_create_conn_own_addr
 .text.bt_id_set_scan_own_addr
                0x000000000002eaa8       0x34 zephyr/subsys/bluetooth/host/libsubsys__bluetooth__host.a(id.c.obj)
                0x000000000002eaa8                bt_id_set_scan_own_addr
 .text.bt_id_set_adv_own_addr
                0x000000000002eadc       0xd0 zephyr/subsys/bluetooth/host/libsubsys__bluetooth__host.a(id.c.obj)
                0x000000000002eadc                bt_id_set_adv_own_addr
 .text.valid_adv_param
                0x000000000002ebac       0x88 zephyr/subsys/bluetooth/host/libsubsys__bluetooth__host.a(adv.c.obj)
 .text.le_adv_start_add_conn
                0x000000000002ec34       0x8c zephyr/subsys/bluetooth/host/libsubsys__bluetooth__host.a(adv.c.obj)
 .text.bt_le_ext_adv_foreach
                0x000000000002ecc0        0xc zephyr/subsys/bluetooth/host/libsubsys__bluetooth__host.a(adv.c.obj)
                0x000000000002ecc0                bt_le_ext_adv_foreach
 .text.bt_le_adv_lookup_legacy
                0x000000000002eccc        0x8 zephyr/subsys/bluetooth/host/libsubsys__bluetooth__host.a(adv.c.obj)
                0x000000000002eccc                bt_le_adv_lookup_legacy
 .text.bt_le_adv_start_legacy
                0x000000000002ecd4      0x250 zephyr/subsys/bluetooth/host/libsubsys__bluetooth__host.a(adv.c.obj)
                0x000000000002ecd4                bt_le_adv_start_legacy
 .text.bt_le_adv_start
                0x000000000002ef24       0x64 zephyr/subsys/bluetooth/host/libsubsys__bluetooth__host.a(adv.c.obj)
                0x000000000002ef24                bt_le_adv_start
 .text.bt_le_adv_stop
                0x000000000002ef88       0xc0 zephyr/subsys/bluetooth/host/libsubsys__bluetooth__host.a(adv.c.obj)
                0x000000000002ef88                bt_le_adv_stop
 .text.bt_le_adv_resume
                0x000000000002f048       0x7c zephyr/subsys/bluetooth/host/libsubsys__bluetooth__host.a(adv.c.obj)
                0x000000000002f048                bt_le_adv_resume
 .text.atomic_test_bit.constprop.14
                0x000000000002f0c4       0x1c zephyr/subsys/bluetooth/host/libsubsys__bluetooth__host.a(scan.c.obj)
 .text.bt_le_scan_set_enable_legacy
                0x000000000002f0e0       0x60 zephyr/subsys/bluetooth/host/libsubsys__bluetooth__host.a(scan.c.obj)
 .text.start_le_scan_legacy
                0x000000000002f140       0xa4 zephyr/subsys/bluetooth/host/libsubsys__bluetooth__host.a(scan.c.obj)
 .text.bt_scan_reset
                0x000000000002f1e4        0xc zephyr/subsys/bluetooth/host/libsubsys__bluetooth__host.a(scan.c.obj)
                0x000000000002f1e4                bt_scan_reset
 .text.bt_le_scan_update
                0x000000000002f1f0       0x80 zephyr/subsys/bluetooth/host/libsubsys__bluetooth__host.a(scan.c.obj)
                0x000000000002f1f0                bt_le_scan_update
 .text.bt_hci_le_adv_report
                0x000000000002f270      0x1dc zephyr/subsys/bluetooth/host/libsubsys__bluetooth__host.a(scan.c.obj)
                0x000000000002f270                bt_hci_le_adv_report
 .text.bt_le_scan_start
                0x000000000002f44c      0x100 zephyr/subsys/bluetooth/host/libsubsys__bluetooth__host.a(scan.c.obj)
                0x000000000002f44c                bt_le_scan_start
 .text.bt_le_scan_stop
                0x000000000002f54c       0x2c zephyr/subsys/bluetooth/host/libsubsys__bluetooth__host.a(scan.c.obj)
                0x000000000002f54c                bt_le_scan_stop
 .text.bt_pub_key_is_debug
                0x000000000002f578       0x18 zephyr/subsys/bluetooth/host/libsubsys__bluetooth__host.a(ecc.c.obj)
                0x000000000002f578                bt_pub_key_is_debug
 .text.bt_pub_key_gen
                0x000000000002f590       0xe0 zephyr/subsys/bluetooth/host/libsubsys__bluetooth__host.a(ecc.c.obj)
                0x000000000002f590                bt_pub_key_gen
 .text.bt_pub_key_get
                0x000000000002f670       0x20 zephyr/subsys/bluetooth/host/libsubsys__bluetooth__host.a(ecc.c.obj)
                0x000000000002f670                bt_pub_key_get
 .text.bt_dh_key_gen
                0x000000000002f690       0x88 zephyr/subsys/bluetooth/host/libsubsys__bluetooth__host.a(ecc.c.obj)
                0x000000000002f690                bt_dh_key_gen
 .text.bt_hci_evt_le_pkey_complete
                0x000000000002f718       0x80 zephyr/subsys/bluetooth/host/libsubsys__bluetooth__host.a(ecc.c.obj)
                0x000000000002f718                bt_hci_evt_le_pkey_complete
 .text.bt_hci_evt_le_dhkey_complete
                0x000000000002f798       0x1c zephyr/subsys/bluetooth/host/libsubsys__bluetooth__host.a(ecc.c.obj)
                0x000000000002f798                bt_hci_evt_le_dhkey_complete
 .text.tx_free  0x000000000002f7b4       0x14 zephyr/subsys/bluetooth/host/libsubsys__bluetooth__host.a(conn.c.obj)
 .text.notify_connected
                0x000000000002f7c8       0x48 zephyr/subsys/bluetooth/host/libsubsys__bluetooth__host.a(conn.c.obj)
 .text.bt_conn_new.part.11
                0x000000000002f810       0x68 zephyr/subsys/bluetooth/host/libsubsys__bluetooth__host.a(conn.c.obj)
 .text.send_frag
                0x000000000002f878      0x120 zephyr/subsys/bluetooth/host/libsubsys__bluetooth__host.a(conn.c.obj)
 .text.bt_conn_get_pkts
                0x000000000002f998        0x8 zephyr/subsys/bluetooth/host/libsubsys__bluetooth__host.a(conn.c.obj)
                0x000000000002f998                bt_conn_get_pkts
 .text.bt_conn_send_cb
                0x000000000002f9a0       0x6c zephyr/subsys/bluetooth/host/libsubsys__bluetooth__host.a(conn.c.obj)
                0x000000000002f9a0                bt_conn_send_cb
 .text.bt_conn_prepare_events
                0x000000000002fa0c       0x98 zephyr/subsys/bluetooth/host/libsubsys__bluetooth__host.a(conn.c.obj)
                0x000000000002fa0c                bt_conn_prepare_events
 .text.bt_conn_lookup_handle
                0x000000000002faa4       0x10 zephyr/subsys/bluetooth/host/libsubsys__bluetooth__host.a(conn.c.obj)
                0x000000000002faa4                bt_conn_lookup_handle
 .text.bt_conn_set_state
                0x000000000002fab4      0x1b8 zephyr/subsys/bluetooth/host/libsubsys__bluetooth__host.a(conn.c.obj)
                0x000000000002fab4                bt_conn_set_state
 .text.bt_conn_index
                0x000000000002fc6c       0x18 zephyr/subsys/bluetooth/host/libsubsys__bluetooth__host.a(conn.c.obj)
                0x000000000002fc6c                bt_conn_index
 .text.bt_conn_create_pdu_timeout
                0x000000000002fc84       0x24 zephyr/subsys/bluetooth/host/libsubsys__bluetooth__host.a(conn.c.obj)
                0x000000000002fc84                bt_conn_create_pdu_timeout
 .text.notify_le_param_updated
                0x000000000002fca8       0x90 zephyr/subsys/bluetooth/host/libsubsys__bluetooth__host.a(conn.c.obj)
                0x000000000002fca8                notify_le_param_updated
 .text.notify_le_phy_updated
                0x000000000002fd38       0x44 zephyr/subsys/bluetooth/host/libsubsys__bluetooth__host.a(conn.c.obj)
                0x000000000002fd38                notify_le_phy_updated
 .text.le_param_req
                0x000000000002fd7c       0x74 zephyr/subsys/bluetooth/host/libsubsys__bluetooth__host.a(conn.c.obj)
                0x000000000002fd7c                le_param_req
 .text.bt_conn_identity_resolved
                0x000000000002fdf0       0x5c zephyr/subsys/bluetooth/host/libsubsys__bluetooth__host.a(conn.c.obj)
                0x000000000002fdf0                bt_conn_identity_resolved
 .text.bt_conn_security_changed
                0x000000000002fe4c       0x4c zephyr/subsys/bluetooth/host/libsubsys__bluetooth__host.a(conn.c.obj)
                0x000000000002fe4c                bt_conn_security_changed
 .text.bt_conn_cb_register
                0x000000000002fe98       0x10 zephyr/subsys/bluetooth/host/libsubsys__bluetooth__host.a(conn.c.obj)
                0x000000000002fe98                bt_conn_cb_register
 .text.bt_conn_add_le
                0x000000000002fea8       0x38 zephyr/subsys/bluetooth/host/libsubsys__bluetooth__host.a(conn.c.obj)
                0x000000000002fea8                bt_conn_add_le
 .text.bt_conn_lookup_addr_le.part.14
                0x000000000002fee0       0x48 zephyr/subsys/bluetooth/host/libsubsys__bluetooth__host.a(conn.c.obj)
 .text.bt_conn_lookup_state_le
                0x000000000002ff28       0x5c zephyr/subsys/bluetooth/host/libsubsys__bluetooth__host.a(conn.c.obj)
                0x000000000002ff28                bt_conn_lookup_state_le
 .text.bt_conn_get_info
                0x000000000002ff84       0x5c zephyr/subsys/bluetooth/host/libsubsys__bluetooth__host.a(conn.c.obj)
                0x000000000002ff84                bt_conn_get_info
 .text.bt_conn_le_create
                0x000000000002ffe0      0x154 zephyr/subsys/bluetooth/host/libsubsys__bluetooth__host.a(conn.c.obj)
                0x000000000002ffe0                bt_conn_le_create
 .text.bt_le_set_auto_conn
                0x0000000000030134       0xec zephyr/subsys/bluetooth/host/libsubsys__bluetooth__host.a(conn.c.obj)
                0x0000000000030134                bt_le_set_auto_conn
 .text.send_conn_le_param_update
                0x0000000000030220       0x6c zephyr/subsys/bluetooth/host/libsubsys__bluetooth__host.a(conn.c.obj)
 .text.deferred_work
                0x000000000003028c       0xcc zephyr/subsys/bluetooth/host/libsubsys__bluetooth__host.a(conn.c.obj)
 .text.bt_conn_create_frag_timeout
                0x0000000000030358        0xc zephyr/subsys/bluetooth/host/libsubsys__bluetooth__host.a(conn.c.obj)
                0x0000000000030358                bt_conn_create_frag_timeout
 .text.create_frag.isra.16
                0x0000000000030364       0x6c zephyr/subsys/bluetooth/host/libsubsys__bluetooth__host.a(conn.c.obj)
 .text.bt_conn_process_tx
                0x00000000000303d0       0xd0 zephyr/subsys/bluetooth/host/libsubsys__bluetooth__host.a(conn.c.obj)
                0x00000000000303d0                bt_conn_process_tx
 .text.bt_conn_auth_cb_register
                0x00000000000304a0       0x38 zephyr/subsys/bluetooth/host/libsubsys__bluetooth__host.a(conn.c.obj)
                0x00000000000304a0                bt_conn_auth_cb_register
 .text.bt_conn_init
                0x00000000000304d8       0x7c zephyr/subsys/bluetooth/host/libsubsys__bluetooth__host.a(conn.c.obj)
                0x00000000000304d8                bt_conn_init
 .text.l2cap_accept
                0x0000000000030554       0x30 zephyr/subsys/bluetooth/host/libsubsys__bluetooth__host.a(l2cap.c.obj)
 .text.bt_l2cap_connected
                0x0000000000030584       0xb8 zephyr/subsys/bluetooth/host/libsubsys__bluetooth__host.a(l2cap.c.obj)
                0x0000000000030584                bt_l2cap_connected
 .text.bt_l2cap_update_conn_param
                0x000000000003063c       0x64 zephyr/subsys/bluetooth/host/libsubsys__bluetooth__host.a(l2cap.c.obj)
                0x000000000003063c                bt_l2cap_update_conn_param
 .text.att_cfm_sent
                0x00000000000306a0       0x10 zephyr/subsys/bluetooth/host/libsubsys__bluetooth__host.a(att.c.obj)
 .text.att_rsp_sent
                0x00000000000306b0       0x10 zephyr/subsys/bluetooth/host/libsubsys__bluetooth__host.a(att.c.obj)
 .text.att_req_sent
                0x00000000000306c0       0x10 zephyr/subsys/bluetooth/host/libsubsys__bluetooth__host.a(att.c.obj)
 .text.bt_att_released
                0x00000000000306d0       0x18 zephyr/subsys/bluetooth/host/libsubsys__bluetooth__host.a(att.c.obj)
 .text.chan_send
                0x00000000000306e8       0xbc zephyr/subsys/bluetooth/host/libsubsys__bluetooth__host.a(att.c.obj)
 .text.read_group_cb
                0x00000000000307a4       0xac zephyr/subsys/bluetooth/host/libsubsys__bluetooth__host.a(att.c.obj)
 .text.read_type_cb
                0x0000000000030850       0xa4 zephyr/subsys/bluetooth/host/libsubsys__bluetooth__host.a(att.c.obj)
 .text.bt_att_accept
                0x00000000000308f4       0x90 zephyr/subsys/bluetooth/host/libsubsys__bluetooth__host.a(att.c.obj)
 .text.bt_att_connected
                0x0000000000030984       0x60 zephyr/subsys/bluetooth/host/libsubsys__bluetooth__host.a(att.c.obj)
 .text.att_write_cmd
                0x00000000000309e4       0x80 zephyr/subsys/bluetooth/host/libsubsys__bluetooth__host.a(att.c.obj)
 .text.att_indicate
                0x0000000000030a64       0x3c zephyr/subsys/bluetooth/host/libsubsys__bluetooth__host.a(att.c.obj)
 .text.send_err_rsp.part.10
                0x0000000000030aa0       0x40 zephyr/subsys/bluetooth/host/libsubsys__bluetooth__host.a(att.c.obj)
 .text.bt_att_recv
                0x0000000000030ae0       0xdc zephyr/subsys/bluetooth/host/libsubsys__bluetooth__host.a(att.c.obj)
 .text.att_write_req
                0x0000000000030bbc       0xbc zephyr/subsys/bluetooth/host/libsubsys__bluetooth__host.a(att.c.obj)
 .text.att_read_group_req
                0x0000000000030c78      0x108 zephyr/subsys/bluetooth/host/libsubsys__bluetooth__host.a(att.c.obj)
 .text.att_read_mult_req
                0x0000000000030d80       0x9c zephyr/subsys/bluetooth/host/libsubsys__bluetooth__host.a(att.c.obj)
 .text.att_read_rsp
                0x0000000000030e1c       0x94 zephyr/subsys/bluetooth/host/libsubsys__bluetooth__host.a(att.c.obj)
 .text.att_read_type_req
                0x0000000000030eb0       0xc8 zephyr/subsys/bluetooth/host/libsubsys__bluetooth__host.a(att.c.obj)
 .text.att_find_type_req
                0x0000000000030f78       0xdc zephyr/subsys/bluetooth/host/libsubsys__bluetooth__host.a(att.c.obj)
 .text.att_find_info_req
                0x0000000000031054       0x78 zephyr/subsys/bluetooth/host/libsubsys__bluetooth__host.a(att.c.obj)
 .text.att_mtu_req
                0x00000000000310cc       0x6c zephyr/subsys/bluetooth/host/libsubsys__bluetooth__host.a(att.c.obj)
 .text.bt_att_req_alloc
                0x0000000000031138       0x44 zephyr/subsys/bluetooth/host/libsubsys__bluetooth__host.a(att.c.obj)
                0x0000000000031138                bt_att_req_alloc
 .text.bt_att_req_free
                0x000000000003117c       0x24 zephyr/subsys/bluetooth/host/libsubsys__bluetooth__host.a(att.c.obj)
                0x000000000003117c                bt_att_req_free
 .text.att_handle_rsp
                0x00000000000311a0       0x64 zephyr/subsys/bluetooth/host/libsubsys__bluetooth__host.a(att.c.obj)
 .text.att_error_rsp
                0x0000000000031204       0x68 zephyr/subsys/bluetooth/host/libsubsys__bluetooth__host.a(att.c.obj)
 .text.bt_att_disconnected
                0x000000000003126c       0xa8 zephyr/subsys/bluetooth/host/libsubsys__bluetooth__host.a(att.c.obj)
 .text.bt_att_req_cancel
                0x0000000000031314       0x5c zephyr/subsys/bluetooth/host/libsubsys__bluetooth__host.a(att.c.obj)
                0x0000000000031314                bt_att_req_cancel
 .text.db_hash_set
                0x0000000000031370       0x18 zephyr/subsys/bluetooth/host/libsubsys__bluetooth__host.a(gatt.c.obj)
 .text.find_cf_cfg
                0x0000000000031388       0x44 zephyr/subsys/bluetooth/host/libsubsys__bluetooth__host.a(gatt.c.obj)
 .text.find_sc_cfg
                0x00000000000313cc       0x40 zephyr/subsys/bluetooth/host/libsubsys__bluetooth__host.a(gatt.c.obj)
 .text.gatt_sub_find
                0x000000000003140c       0x44 zephyr/subsys/bluetooth/host/libsubsys__bluetooth__host.a(gatt.c.obj)
 .text.find_cf_cfg_by_addr
                0x0000000000031450       0x3c zephyr/subsys/bluetooth/host/libsubsys__bluetooth__host.a(gatt.c.obj)
 .text.sc_store
                0x000000000003148c       0x40 zephyr/subsys/bluetooth/host/libsubsys__bluetooth__host.a(gatt.c.obj)
 .text.bt_gatt_store_cf
                0x00000000000314cc       0x60 zephyr/subsys/bluetooth/host/libsubsys__bluetooth__host.a(gatt.c.obj)
 .text.db_hash_commit
                0x000000000003152c       0x20 zephyr/subsys/bluetooth/host/libsubsys__bluetooth__host.a(gatt.c.obj)
 .text.bt_gatt_attr_write_ccc
                0x000000000003154c       0xec zephyr/subsys/bluetooth/host/libsubsys__bluetooth__host.a(gatt.c.obj)
                0x000000000003154c                bt_gatt_attr_write_ccc
 .text.ccc_save
                0x0000000000031638       0x38 zephyr/subsys/bluetooth/host/libsubsys__bluetooth__host.a(gatt.c.obj)
 .text.convert_to_id_on_match
                0x0000000000031670       0x34 zephyr/subsys/bluetooth/host/libsubsys__bluetooth__host.a(gatt.c.obj)
 .text.ccc_load
                0x00000000000316a4       0x8c zephyr/subsys/bluetooth/host/libsubsys__bluetooth__host.a(gatt.c.obj)
 .text.remove_peer_from_attr
                0x0000000000031730       0x28 zephyr/subsys/bluetooth/host/libsubsys__bluetooth__host.a(gatt.c.obj)
 .text.sc_commit
                0x0000000000031758       0x30 zephyr/subsys/bluetooth/host/libsubsys__bluetooth__host.a(gatt.c.obj)
 .text.read_ppcp
                0x0000000000031788       0x38 zephyr/subsys/bluetooth/host/libsubsys__bluetooth__host.a(gatt.c.obj)
 .text.sc_indicate_rsp
                0x00000000000317c0       0x48 zephyr/subsys/bluetooth/host/libsubsys__bluetooth__host.a(gatt.c.obj)
 .text.bt_gatt_clear_sc
                0x0000000000031808       0x4c zephyr/subsys/bluetooth/host/libsubsys__bluetooth__host.a(gatt.c.obj)
 .text.disconnected_cb
                0x0000000000031854       0x9c zephyr/subsys/bluetooth/host/libsubsys__bluetooth__host.a(gatt.c.obj)
 .text.gatt_write_ccc
                0x00000000000318f0       0x24 zephyr/subsys/bluetooth/host/libsubsys__bluetooth__host.a(gatt.c.obj)
 .text.bt_gatt_init
                0x0000000000031914       0xd4 zephyr/subsys/bluetooth/host/libsubsys__bluetooth__host.a(gatt.c.obj)
                0x0000000000031914                bt_gatt_init
 .text.bt_gatt_attr_get_handle
                0x00000000000319e8       0x60 zephyr/subsys/bluetooth/host/libsubsys__bluetooth__host.a(gatt.c.obj)
                0x00000000000319e8                bt_gatt_attr_get_handle
 .text.bt_gatt_foreach_attr_type
                0x0000000000031a48       0xac zephyr/subsys/bluetooth/host/libsubsys__bluetooth__host.a(gatt.c.obj)
                0x0000000000031a48                bt_gatt_foreach_attr_type
 .text.db_hash_gen
                0x0000000000031af4       0x74 zephyr/subsys/bluetooth/host/libsubsys__bluetooth__host.a(gatt.c.obj)
 .text.db_hash_process
                0x0000000000031b68       0xc0 zephyr/subsys/bluetooth/host/libsubsys__bluetooth__host.a(gatt.c.obj)
 .text.ccc_set_direct
                0x0000000000031c28       0x9c zephyr/subsys/bluetooth/host/libsubsys__bluetooth__host.a(gatt.c.obj)
 .text.gatt_indicate
                0x0000000000031cc4       0x98 zephyr/subsys/bluetooth/host/libsubsys__bluetooth__host.a(gatt.c.obj)
 .text.bt_gatt_indicate
                0x0000000000031d5c       0xf4 zephyr/subsys/bluetooth/host/libsubsys__bluetooth__host.a(gatt.c.obj)
                0x0000000000031d5c                bt_gatt_indicate
 .text.sc_process
                0x0000000000031e50       0x5c zephyr/subsys/bluetooth/host/libsubsys__bluetooth__host.a(gatt.c.obj)
 .text.bt_gatt_notify_cb
                0x0000000000031eac       0xec zephyr/subsys/bluetooth/host/libsubsys__bluetooth__host.a(gatt.c.obj)
                0x0000000000031eac                bt_gatt_notify_cb
 .text.notify_cb
                0x0000000000031f98      0x108 zephyr/subsys/bluetooth/host/libsubsys__bluetooth__host.a(gatt.c.obj)
 .text.update_ccc
                0x00000000000320a0       0xe0 zephyr/subsys/bluetooth/host/libsubsys__bluetooth__host.a(gatt.c.obj)
 .text.bt_gatt_discover
                0x0000000000032180      0x16c zephyr/subsys/bluetooth/host/libsubsys__bluetooth__host.a(gatt.c.obj)
                0x0000000000032180                bt_gatt_discover
 .text.gatt_read_type_rsp
                0x00000000000322ec      0x2a4 zephyr/subsys/bluetooth/host/libsubsys__bluetooth__host.a(gatt.c.obj)
 .text.bt_gatt_subscribe
                0x0000000000032590      0x100 zephyr/subsys/bluetooth/host/libsubsys__bluetooth__host.a(gatt.c.obj)
                0x0000000000032590                bt_gatt_subscribe
 .text.bt_gatt_connected
                0x0000000000032690       0xb0 zephyr/subsys/bluetooth/host/libsubsys__bluetooth__host.a(gatt.c.obj)
                0x0000000000032690                bt_gatt_connected
 .text.bt_gatt_att_max_mtu_changed
                0x0000000000032740       0x28 zephyr/subsys/bluetooth/host/libsubsys__bluetooth__host.a(gatt.c.obj)
                0x0000000000032740                bt_gatt_att_max_mtu_changed
 .text.bt_gatt_encrypt_change
                0x0000000000032768       0x20 zephyr/subsys/bluetooth/host/libsubsys__bluetooth__host.a(gatt.c.obj)
                0x0000000000032768                bt_gatt_encrypt_change
 .text.db_hash_read
                0x0000000000032788       0x60 zephyr/subsys/bluetooth/host/libsubsys__bluetooth__host.a(gatt.c.obj)
 .text.bt_gatt_store_ccc
                0x00000000000327e8       0x60 zephyr/subsys/bluetooth/host/libsubsys__bluetooth__host.a(gatt.c.obj)
                0x00000000000327e8                bt_gatt_store_ccc
 .text.bt_gatt_identity_resolved
                0x0000000000032848       0x30 zephyr/subsys/bluetooth/host/libsubsys__bluetooth__host.a(gatt.c.obj)
 .text.bt_gatt_clear
                0x0000000000032878      0x104 zephyr/subsys/bluetooth/host/libsubsys__bluetooth__host.a(gatt.c.obj)
                0x0000000000032878                bt_gatt_clear
 .text.bt_gatt_disconnected
                0x000000000003297c      0x134 zephyr/subsys/bluetooth/host/libsubsys__bluetooth__host.a(gatt.c.obj)
                0x000000000003297c                bt_gatt_disconnected
 .text.get_io_capa
                0x0000000000032ab0       0x4c zephyr/subsys/bluetooth/host/libsubsys__bluetooth__host.a(smp.c.obj)
 .text.get_pair_method
                0x0000000000032afc       0x44 zephyr/subsys/bluetooth/host/libsubsys__bluetooth__host.a(smp.c.obj)
 .text.smp_find
                0x0000000000032b40       0x28 zephyr/subsys/bluetooth/host/libsubsys__bluetooth__host.a(smp.c.obj)
 .text.smp_g2   0x0000000000032b68       0x68 zephyr/subsys/bluetooth/host/libsubsys__bluetooth__host.a(smp.c.obj)
 .text.display_passkey
                0x0000000000032bd0       0x58 zephyr/subsys/bluetooth/host/libsubsys__bluetooth__host.a(smp.c.obj)
 .text.smp_dhkey_generate
                0x0000000000032c28       0x2c zephyr/subsys/bluetooth/host/libsubsys__bluetooth__host.a(smp.c.obj)
 .text.get_auth.isra.1
                0x0000000000032c54       0x3c zephyr/subsys/bluetooth/host/libsubsys__bluetooth__host.a(smp.c.obj)
 .text.sec_level_reachable.isra.2
                0x0000000000032c90       0x58 zephyr/subsys/bluetooth/host/libsubsys__bluetooth__host.a(smp.c.obj)
 .text.bt_smp_accept
                0x0000000000032ce8       0x3c zephyr/subsys/bluetooth/host/libsubsys__bluetooth__host.a(smp.c.obj)
 .text.smp_init
                0x0000000000032d24       0x38 zephyr/subsys/bluetooth/host/libsubsys__bluetooth__host.a(smp.c.obj)
 .text.smp_f5   0x0000000000032d5c       0xc8 zephyr/subsys/bluetooth/host/libsubsys__bluetooth__host.a(smp.c.obj)
 .text.sc_smp_check_confirm
                0x0000000000032e24       0x68 zephyr/subsys/bluetooth/host/libsubsys__bluetooth__host.a(smp.c.obj)
 .text.smp_send_pairing_req
                0x0000000000032e8c      0x10c zephyr/subsys/bluetooth/host/libsubsys__bluetooth__host.a(smp.c.obj)
 .text.smp_security_request
                0x0000000000032f98       0xc4 zephyr/subsys/bluetooth/host/libsubsys__bluetooth__host.a(smp.c.obj)
 .text.sc_send_public_key
                0x000000000003305c       0x44 zephyr/subsys/bluetooth/host/libsubsys__bluetooth__host.a(smp.c.obj)
 .text.smp_send_pairing_confirm
                0x00000000000330a0       0x7c zephyr/subsys/bluetooth/host/libsubsys__bluetooth__host.a(smp.c.obj)
 .text.smp_pairing_random
                0x000000000003311c      0x1bc zephyr/subsys/bluetooth/host/libsubsys__bluetooth__host.a(smp.c.obj)
 .text.smp_public_key_periph
                0x00000000000332d8       0xbc zephyr/subsys/bluetooth/host/libsubsys__bluetooth__host.a(smp.c.obj)
 .text.smp_public_key
                0x0000000000033394      0x15c zephyr/subsys/bluetooth/host/libsubsys__bluetooth__host.a(smp.c.obj)
 .text.bt_smp_connected
                0x00000000000334f0       0x1c zephyr/subsys/bluetooth/host/libsubsys__bluetooth__host.a(smp.c.obj)
 .text.smp_pairing_accept_query
                0x000000000003350c       0x58 zephyr/subsys/bluetooth/host/libsubsys__bluetooth__host.a(smp.c.obj)
 .text.smp_pairing_rsp
                0x0000000000033564      0x12c zephyr/subsys/bluetooth/host/libsubsys__bluetooth__host.a(smp.c.obj)
 .text.smp_pairing_req
                0x0000000000033690      0x190 zephyr/subsys/bluetooth/host/libsubsys__bluetooth__host.a(smp.c.obj)
 .text.smp_pairing_complete
                0x0000000000033820       0xc0 zephyr/subsys/bluetooth/host/libsubsys__bluetooth__host.a(smp.c.obj)
 .text.bt_smp_recv
                0x00000000000338e0       0x78 zephyr/subsys/bluetooth/host/libsubsys__bluetooth__host.a(smp.c.obj)
 .text.bt_smp_pkey_ready
                0x0000000000033958       0x68 zephyr/subsys/bluetooth/host/libsubsys__bluetooth__host.a(smp.c.obj)
 .text.smp_pairing_failed
                0x00000000000339c0       0x48 zephyr/subsys/bluetooth/host/libsubsys__bluetooth__host.a(smp.c.obj)
 .text.bt_smp_encrypt_change
                0x0000000000033a08       0xf8 zephyr/subsys/bluetooth/host/libsubsys__bluetooth__host.a(smp.c.obj)
 .text.bt_smp_init
                0x0000000000033b00       0x38 zephyr/subsys/bluetooth/host/libsubsys__bluetooth__host.a(smp.c.obj)
                0x0000000000033b00                bt_smp_init
 .text.bt_keys_get_addr
                0x0000000000033b38       0x80 zephyr/subsys/bluetooth/host/libsubsys__bluetooth__host.a(keys.c.obj)
                0x0000000000033b38                bt_keys_get_addr
 .text.bt_foreach_bond
                0x0000000000033bb8       0x3c zephyr/subsys/bluetooth/host/libsubsys__bluetooth__host.a(keys.c.obj)
                0x0000000000033bb8                bt_foreach_bond
 .text.bt_keys_foreach
                0x0000000000033bf4       0x2c zephyr/subsys/bluetooth/host/libsubsys__bluetooth__host.a(keys.c.obj)
                0x0000000000033bf4                bt_keys_foreach
 .text.keys_commit
                0x0000000000033c20       0x14 zephyr/subsys/bluetooth/host/libsubsys__bluetooth__host.a(keys.c.obj)
 .text.bt_keys_find
                0x0000000000033c34       0x48 zephyr/subsys/bluetooth/host/libsubsys__bluetooth__host.a(keys.c.obj)
                0x0000000000033c34                bt_keys_find
 .text.bt_keys_find_irk
                0x0000000000033c7c       0xa4 zephyr/subsys/bluetooth/host/libsubsys__bluetooth__host.a(keys.c.obj)
                0x0000000000033c7c                bt_keys_find_irk
 .text.bt_keys_find_addr
                0x0000000000033d20       0x40 zephyr/subsys/bluetooth/host/libsubsys__bluetooth__host.a(keys.c.obj)
                0x0000000000033d20                bt_keys_find_addr
 .text.bt_keys_clear
                0x0000000000033d60       0x4c zephyr/subsys/bluetooth/host/libsubsys__bluetooth__host.a(keys.c.obj)
                0x0000000000033d60                bt_keys_clear
 .text.bt_keys_store
                0x0000000000033dac       0x40 zephyr/subsys/bluetooth/host/libsubsys__bluetooth__host.a(keys.c.obj)
                0x0000000000033dac                bt_keys_store
 .text.mem_init
                0x0000000000033dec       0x5c zephyr/subsys/bluetooth/controller/libsubsys__bluetooth__controller.a(mem.c.obj)
                0x0000000000033dec                mem_init
 .text.mem_acquire
                0x0000000000033e48       0x34 zephyr/subsys/bluetooth/controller/libsubsys__bluetooth__controller.a(mem.c.obj)
                0x0000000000033e48                mem_acquire
 .text.mem_release
                0x0000000000033e7c       0x30 zephyr/subsys/bluetooth/controller/libsubsys__bluetooth__controller.a(mem.c.obj)
                0x0000000000033e7c                mem_release
 .text.mem_get  0x0000000000033eac        0x8 zephyr/subsys/bluetooth/controller/libsubsys__bluetooth__controller.a(mem.c.obj)
                0x0000000000033eac                mem_get
 .text.mem_index_get
                0x0000000000033eb4        0xc zephyr/subsys/bluetooth/controller/libsubsys__bluetooth__controller.a(mem.c.obj)
                0x0000000000033eb4                mem_index_get
 .text.mem_rcopy
                0x0000000000033ec0       0x1c zephyr/subsys/bluetooth/controller/libsubsys__bluetooth__controller.a(mem.c.obj)
                0x0000000000033ec0                mem_rcopy
 .text.mem_nz   0x0000000000033edc       0x18 zephyr/subsys/bluetooth/controller/libsubsys__bluetooth__controller.a(mem.c.obj)
                0x0000000000033edc                mem_nz
 .text.memq_init
                0x0000000000033ef4        0x8 zephyr/subsys/bluetooth/controller/libsubsys__bluetooth__controller.a(memq.c.obj)
                0x0000000000033ef4                memq_init
 .text.memq_deinit
                0x0000000000033efc       0x14 zephyr/subsys/bluetooth/controller/libsubsys__bluetooth__controller.a(memq.c.obj)
                0x0000000000033efc                memq_deinit
 .text.memq_enqueue
                0x0000000000033f10       0x10 zephyr/subsys/bluetooth/controller/libsubsys__bluetooth__controller.a(memq.c.obj)
                0x0000000000033f10                memq_enqueue
 .text.memq_peek
                0x0000000000033f20       0x10 zephyr/subsys/bluetooth/controller/libsubsys__bluetooth__controller.a(memq.c.obj)
                0x0000000000033f20                memq_peek
 .text.memq_dequeue
                0x0000000000033f30       0x20 zephyr/subsys/bluetooth/controller/libsubsys__bluetooth__controller.a(memq.c.obj)
                0x0000000000033f30                memq_dequeue
 .text.mayfly_init
                0x0000000000033f50       0x40 zephyr/subsys/bluetooth/controller/libsubsys__bluetooth__controller.a(mayfly.c.obj)
                0x0000000000033f50                mayfly_init
 .text.mayfly_enable
                0x0000000000033f90       0x68 zephyr/subsys/bluetooth/controller/libsubsys__bluetooth__controller.a(mayfly.c.obj)
                0x0000000000033f90                mayfly_enable
 .text.mayfly_enqueue
                0x0000000000033ff8       0xa4 zephyr/subsys/bluetooth/controller/libsubsys__bluetooth__controller.a(mayfly.c.obj)
                0x0000000000033ff8                mayfly_enqueue
 .text.mayfly_run
                0x000000000003409c      0x13c zephyr/subsys/bluetooth/controller/libsubsys__bluetooth__controller.a(mayfly.c.obj)
                0x000000000003409c                mayfly_run
 .text.util_ones_count_get
                0x00000000000341d8       0x2c zephyr/subsys/bluetooth/controller/libsubsys__bluetooth__controller.a(util.c.obj)
                0x00000000000341d8                util_ones_count_get
 .text.util_aa_le32
                0x0000000000034204      0x140 zephyr/subsys/bluetooth/controller/libsubsys__bluetooth__controller.a(util.c.obj)
                0x0000000000034204                util_aa_le32
 .text.ticker_dequeue.isra.2
                0x0000000000034344       0x6c zephyr/subsys/bluetooth/controller/libsubsys__bluetooth__controller.a(ticker.c.obj)
 .text.ticker_worker
                0x00000000000343b0      0x318 zephyr/subsys/bluetooth/controller/libsubsys__bluetooth__controller.a(ticker.c.obj)
                0x00000000000343b0                ticker_worker
 .text.ticker_job
                0x00000000000346c8      0xdfc zephyr/subsys/bluetooth/controller/libsubsys__bluetooth__controller.a(ticker.c.obj)
                0x00000000000346c8                ticker_job
 .text.ticker_init
                0x00000000000354c4       0xa0 zephyr/subsys/bluetooth/controller/libsubsys__bluetooth__controller.a(ticker.c.obj)
                0x00000000000354c4                ticker_init
 .text.ticker_is_initialized
                0x0000000000035564       0x18 zephyr/subsys/bluetooth/controller/libsubsys__bluetooth__controller.a(ticker.c.obj)
                0x0000000000035564                ticker_is_initialized
 .text.ticker_trigger
                0x000000000003557c       0x30 zephyr/subsys/bluetooth/controller/libsubsys__bluetooth__controller.a(ticker.c.obj)
                0x000000000003557c                ticker_trigger
 .text.ticker_start_ext
                0x00000000000355ac       0xb4 zephyr/subsys/bluetooth/controller/libsubsys__bluetooth__controller.a(ticker.c.obj)
                0x00000000000355ac                ticker_start_ext
 .text.ticker_start
                0x0000000000035660       0x38 zephyr/subsys/bluetooth/controller/libsubsys__bluetooth__controller.a(ticker.c.obj)
                0x0000000000035660                ticker_start
 .text.ticker_update_ext
                0x0000000000035698       0xac zephyr/subsys/bluetooth/controller/libsubsys__bluetooth__controller.a(ticker.c.obj)
                0x0000000000035698                ticker_update_ext
 .text.ticker_update
                0x0000000000035744       0x30 zephyr/subsys/bluetooth/controller/libsubsys__bluetooth__controller.a(ticker.c.obj)
                0x0000000000035744                ticker_update
 .text.ticker_stop
                0x0000000000035774       0x90 zephyr/subsys/bluetooth/controller/libsubsys__bluetooth__controller.a(ticker.c.obj)
                0x0000000000035774                ticker_stop
 .text.ticker_next_slot_get
                0x0000000000035804       0x90 zephyr/subsys/bluetooth/controller/libsubsys__bluetooth__controller.a(ticker.c.obj)
                0x0000000000035804                ticker_next_slot_get
 .text.ticker_job_sched
                0x0000000000035894       0x30 zephyr/subsys/bluetooth/controller/libsubsys__bluetooth__controller.a(ticker.c.obj)
                0x0000000000035894                ticker_job_sched
 .text.ticker_ticks_now_get
                0x00000000000358c4        0x4 zephyr/subsys/bluetooth/controller/libsubsys__bluetooth__controller.a(ticker.c.obj)
                0x00000000000358c4                ticker_ticks_now_get
 .text.ticker_ticks_diff_get
                0x00000000000358c8        0x8 zephyr/subsys/bluetooth/controller/libsubsys__bluetooth__controller.a(ticker.c.obj)
                0x00000000000358c8                ticker_ticks_diff_get
 .text.ll_addr_set
                0x00000000000358d0       0x40 zephyr/subsys/bluetooth/controller/libsubsys__bluetooth__controller.a(ll_addr.c.obj)
                0x00000000000358d0                ll_addr_set
 .text.ll_addr_get
                0x0000000000035910       0x20 zephyr/subsys/bluetooth/controller/libsubsys__bluetooth__controller.a(ll_addr.c.obj)
                0x0000000000035910                ll_addr_get
 .text.ll_addr_read
                0x0000000000035930       0x30 zephyr/subsys/bluetooth/controller/libsubsys__bluetooth__controller.a(ll_addr.c.obj)
                0x0000000000035930                ll_addr_read
 .text.ll_tx_pwr_lvl_get
                0x0000000000035960       0x20 zephyr/subsys/bluetooth/controller/libsubsys__bluetooth__controller.a(ll_tx_pwr.c.obj)
                0x0000000000035960                ll_tx_pwr_lvl_get
 .text.ll_tx_pwr_get
                0x0000000000035980        0x8 zephyr/subsys/bluetooth/controller/libsubsys__bluetooth__controller.a(ll_tx_pwr.c.obj)
                0x0000000000035980                ll_tx_pwr_get
 .text.hci_driver_init
                0x0000000000035988       0x10 zephyr/subsys/bluetooth/controller/libsubsys__bluetooth__controller.a(hci_driver.c.obj)
 .text.hci_driver_send
                0x0000000000035998       0x6c zephyr/subsys/bluetooth/controller/libsubsys__bluetooth__controller.a(hci_driver.c.obj)
 .text.recv_thread
                0x0000000000035a04      0x100 zephyr/subsys/bluetooth/controller/libsubsys__bluetooth__controller.a(hci_driver.c.obj)
 .text.prio_recv_thread
                0x0000000000035b04       0xc4 zephyr/subsys/bluetooth/controller/libsubsys__bluetooth__controller.a(hci_driver.c.obj)
 .text.hci_driver_open
                0x0000000000035bc8       0x90 zephyr/subsys/bluetooth/controller/libsubsys__bluetooth__controller.a(hci_driver.c.obj)
 .text.cmd_complete_status
                0x0000000000035c58       0x24 zephyr/subsys/bluetooth/controller/libsubsys__bluetooth__controller.a(hci.c.obj)
 .text.meta_evt
                0x0000000000035c7c       0x30 zephyr/subsys/bluetooth/controller/libsubsys__bluetooth__controller.a(hci.c.obj)
 .text.encrypt_change.part.6
                0x0000000000035cac       0x34 zephyr/subsys/bluetooth/controller/libsubsys__bluetooth__controller.a(hci.c.obj)
 .text.le_remote_feat_complete
                0x0000000000035ce0       0x60 zephyr/subsys/bluetooth/controller/libsubsys__bluetooth__controller.a(hci.c.obj)
 .text.dup_found.isra.13
                0x0000000000035d40       0xc4 zephyr/subsys/bluetooth/controller/libsubsys__bluetooth__controller.a(hci.c.obj)
 .text.hci_disconn_complete_encode.part.37
                0x0000000000035e04       0x30 zephyr/subsys/bluetooth/controller/libsubsys__bluetooth__controller.a(hci.c.obj)
 .text.hci_cmd_complete
                0x0000000000035e34       0x20 zephyr/subsys/bluetooth/controller/libsubsys__bluetooth__controller.a(hci.c.obj)
                0x0000000000035e34                hci_cmd_complete
 .text.hci_vendor_cmd_handle_common
                0x0000000000035e54      0x124 zephyr/subsys/bluetooth/controller/libsubsys__bluetooth__controller.a(hci.c.obj)
                0x0000000000035e54                hci_vendor_cmd_handle_common
 .text.hci_cmd_handle
                0x0000000000035f78      0x950 zephyr/subsys/bluetooth/controller/libsubsys__bluetooth__controller.a(hci.c.obj)
                0x0000000000035f78                hci_cmd_handle
 .text.hci_acl_handle
                0x00000000000368c8       0xd4 zephyr/subsys/bluetooth/controller/libsubsys__bluetooth__controller.a(hci.c.obj)
                0x00000000000368c8                hci_acl_handle
 .text.hci_disconn_complete_encode
                0x000000000003699c       0x20 zephyr/subsys/bluetooth/controller/libsubsys__bluetooth__controller.a(hci.c.obj)
                0x000000000003699c                hci_disconn_complete_encode
 .text.hci_disconn_complete_process
                0x00000000000369bc       0x10 zephyr/subsys/bluetooth/controller/libsubsys__bluetooth__controller.a(hci.c.obj)
                0x00000000000369bc                hci_disconn_complete_process
 .text.hci_acl_encode
                0x00000000000369cc       0x74 zephyr/subsys/bluetooth/controller/libsubsys__bluetooth__controller.a(hci.c.obj)
                0x00000000000369cc                hci_acl_encode
 .text.hci_evt_encode
                0x0000000000036a40      0x6a8 zephyr/subsys/bluetooth/controller/libsubsys__bluetooth__controller.a(hci.c.obj)
                0x0000000000036a40                hci_evt_encode
 .text.hci_num_cmplt_encode
                0x00000000000370e8       0x30 zephyr/subsys/bluetooth/controller/libsubsys__bluetooth__controller.a(hci.c.obj)
                0x00000000000370e8                hci_num_cmplt_encode
 .text.hci_get_class
                0x0000000000037118       0x48 zephyr/subsys/bluetooth/controller/libsubsys__bluetooth__controller.a(hci.c.obj)
                0x0000000000037118                hci_get_class
 .text.hci_init
                0x0000000000037160       0x4c zephyr/subsys/bluetooth/controller/libsubsys__bluetooth__controller.a(hci.c.obj)
                0x0000000000037160                hci_init
 .text.bt_rand  0x00000000000371ac        0x4 zephyr/subsys/bluetooth/controller/libsubsys__bluetooth__controller.a(crypto.c.obj)
                0x00000000000371ac                bt_rand
 .text.bt_encrypt_le
                0x00000000000371b0        0xc zephyr/subsys/bluetooth/controller/libsubsys__bluetooth__controller.a(crypto.c.obj)
                0x00000000000371b0                bt_encrypt_le
 .text.ll_feat_get
                0x00000000000371bc        0xc zephyr/subsys/bluetooth/controller/libsubsys__bluetooth__controller.a(ll_feat.c.obj)
                0x00000000000371bc                ll_feat_get
 .text.perform_lll_reset
                0x00000000000371c8       0xc0 zephyr/subsys/bluetooth/controller/libsubsys__bluetooth__controller.a(ull.c.obj)
 .text.ull_ticker_status_give
                0x0000000000037288        0xc zephyr/subsys/bluetooth/controller/libsubsys__bluetooth__controller.a(ull.c.obj)
                0x0000000000037288                ull_ticker_status_give
 .text.disabled_cb
                0x0000000000037294        0x4 zephyr/subsys/bluetooth/controller/libsubsys__bluetooth__controller.a(ull.c.obj)
 .text.tx_cmplt_get
                0x0000000000037298       0xcc zephyr/subsys/bluetooth/controller/libsubsys__bluetooth__controller.a(ull.c.obj)
 .text.ull_done
                0x0000000000037364      0x118 zephyr/subsys/bluetooth/controller/libsubsys__bluetooth__controller.a(ull.c.obj)
 .text.rx_demux
                0x000000000003747c      0x1dc zephyr/subsys/bluetooth/controller/libsubsys__bluetooth__controller.a(ull.c.obj)
 .text.ll_rx_get
                0x0000000000037658      0x1c0 zephyr/subsys/bluetooth/controller/libsubsys__bluetooth__controller.a(ull.c.obj)
                0x0000000000037658                ll_rx_get
 .text.ll_rx_dequeue
                0x0000000000037818      0x18c zephyr/subsys/bluetooth/controller/libsubsys__bluetooth__controller.a(ull.c.obj)
                0x0000000000037818                ll_rx_dequeue
 .text.ll_rx_mem_release
                0x00000000000379a4      0x264 zephyr/subsys/bluetooth/controller/libsubsys__bluetooth__controller.a(ull.c.obj)
                0x00000000000379a4                ll_rx_mem_release
 .text.ll_rx_link_alloc
                0x0000000000037c08        0xc zephyr/subsys/bluetooth/controller/libsubsys__bluetooth__controller.a(ull.c.obj)
                0x0000000000037c08                ll_rx_link_alloc
 .text.ll_rx_link_release
                0x0000000000037c14        0xc zephyr/subsys/bluetooth/controller/libsubsys__bluetooth__controller.a(ull.c.obj)
                0x0000000000037c14                ll_rx_link_release
 .text.ll_rx_alloc
                0x0000000000037c20        0xc zephyr/subsys/bluetooth/controller/libsubsys__bluetooth__controller.a(ull.c.obj)
                0x0000000000037c20                ll_rx_alloc
 .text.ll_rx_release
                0x0000000000037c2c        0xc zephyr/subsys/bluetooth/controller/libsubsys__bluetooth__controller.a(ull.c.obj)
                0x0000000000037c2c                ll_rx_release
 .text.ll_rx_put
                0x0000000000037c38       0x14 zephyr/subsys/bluetooth/controller/libsubsys__bluetooth__controller.a(ull.c.obj)
                0x0000000000037c38                ll_rx_put
 .text.ll_rx_sched
                0x0000000000037c4c        0xc zephyr/subsys/bluetooth/controller/libsubsys__bluetooth__controller.a(ull.c.obj)
                0x0000000000037c4c                ll_rx_sched
 .text.ll_pdu_rx_alloc_peek
                0x0000000000037c58       0x40 zephyr/subsys/bluetooth/controller/libsubsys__bluetooth__controller.a(ull.c.obj)
                0x0000000000037c58                ll_pdu_rx_alloc_peek
 .text.ll_pdu_rx_alloc
                0x0000000000037c98       0x30 zephyr/subsys/bluetooth/controller/libsubsys__bluetooth__controller.a(ull.c.obj)
                0x0000000000037c98                ll_pdu_rx_alloc
 .text.ll_tx_ack_put
                0x0000000000037cc8       0x60 zephyr/subsys/bluetooth/controller/libsubsys__bluetooth__controller.a(ull.c.obj)
                0x0000000000037cc8                ll_tx_ack_put
 .text.ll_timeslice_ticker_id_get